02-21 23:51:16.559  2570  2760 D NpdcpAliveManager: ro.odm.npdcp_alive_cfg_enable is false
02-21 23:51:17.584  2570  2760 D NpdcpAliveManager: ro.odm.npdcp_alive_cfg_enable is false
02-21 23:51:19.632  2570  2760 I chatty  : uid=1000(system) OllieAwareThrea identical 5 lines
02-21 23:51:20.656  2570  2760 D NpdcpAliveManager: ro.odm.npdcp_alive_cfg_enable is false
02-21 23:51:21.680  2570  2760 D NpdcpAliveManager: ro.odm.npdcp_alive_cfg_enable is false
02-21 23:51:23.727  2570  2760 D NpdcpAliveManager: ro.odm.npdcp_alive_cfg_enable is false
02-21 23:51:24.731  1647 10748 I chatty  : uid=1000(system) MobileQosDetect expire 8 lines
02-21 23:51:24.751  2570  2760 D NpdcpAliveManager: ro.odm.npdcp_alive_cfg_enable is false
02-21 23:51:24.771  1647  1837 I chatty  : uid=1000(system) PowerManagerSer expire 8 lines
02-21 23:51:24.789  1647  2069 I chatty  : uid=1000(system) Binder:1647_4 expire 1 line
02-21 23:51:25.470  1647  1647 I chatty  : uid=1000 system_server expire 32 lines
02-21 23:51:25.775  2570  2760 D NpdcpAliveManager: ro.odm.npdcp_alive_cfg_enable is false
02-21 23:51:26.041  1032  1164 I storaged: storaged_t::event: storage_info refreshed.
02-21 23:51:26.800  2570  2760 D NpdcpAliveManager: ro.odm.npdcp_alive_cfg_enable is false
02-21 23:51:27.828  2570  2760 D NpdcpAliveManager: ro.odm.npdcp_alive_cfg_enable is false
02-21 23:51:28.851  2570  2760 D NpdcpAliveManager: ro.odm.npdcp_alive_cfg_enable is false
02-21 23:51:29.871  2570  2760 D NpdcpAliveManager: ro.odm.npdcp_alive_cfg_enable is false
02-21 23:51:30.848  1647  2065 I chatty  : uid=1000(system) Binder:1647_3 expire 5 lines
02-21 23:51:30.895  2570  2760 D NpdcpAliveManager: ro.odm.npdcp_alive_cfg_enable is false
02-21 23:51:31.919  2570  2760 D NpdcpAliveManager: ro.odm.npdcp_alive_cfg_enable is false
02-21 23:51:32.943  2570  2760 D NpdcpAliveManager: ro.odm.npdcp_alive_cfg_enable is false
02-21 23:51:33.967  2570  2760 D NpdcpAliveManager: ro.odm.npdcp_alive_cfg_enable is false
02-21 23:51:34.932  3028  3028 D Mapcon  : TelephonyTracker: [onSignalStrengthsChanged]phoneId=1, level=5
02-21 23:51:34.932  3028  3978 D Mapcon  : VoiceManager-5-VoWifiQoeStartUpState: [a]MsgIdEnum=MAPCON_MESSAGE_TM_CMD_SIGNAL_STRENGTH_CHANED_IND
02-21 23:51:34.933  3028  3978 D Mapcon  : VoiceManager-5-DefaultState: [a]MsgIdEnum=MAPCON_MESSAGE_TM_CMD_SIGNAL_STRENGTH_CHANED_IND
02-21 23:51:34.933  3028  3978 D Mapcon  : VoiceManager-5-DefaultState: [a]MsgIdEnum=MAPCON_MESSAGE_TM_CMD_SIGNAL_STRENGTH_CHANED_IND
02-21 23:51:34.942  3028  3028 D Mapcon  : TelephonyTracker: [onSignalStrengthsChanged]phoneId=1, level=5
02-21 23:51:34.942  3028  3978 D Mapcon  : VoiceManager-5-VoWifiQoeStartUpState: [a]MsgIdEnum=MAPCON_MESSAGE_TM_CMD_SIGNAL_STRENGTH_CHANED_IND
02-21 23:51:34.942  3028  3978 D Mapcon  : VoiceManager-5-DefaultState: [a]MsgIdEnum=MAPCON_MESSAGE_TM_CMD_SIGNAL_STRENGTH_CHANED_IND
02-21 23:51:34.943  3028  3978 D Mapcon  : VoiceManager-5-DefaultState: [a]MsgIdEnum=MAPCON_MESSAGE_TM_CMD_SIGNAL_STRENGTH_CHANED_IND
02-21 23:51:34.950  2570  2760 I PreDnsQuery: setPreDnsCurrentProp is: true
02-21 23:51:34.992  2570  2760 D NpdcpAliveManager: ro.odm.npdcp_alive_cfg_enable is false
02-21 23:51:36.016  2570  2760 D NpdcpAliveManager: ro.odm.npdcp_alive_cfg_enable is false
02-21 23:51:37.039  2570  2760 D NpdcpAliveManager: ro.odm.npdcp_alive_cfg_enable is false
02-21 23:51:38.063  2570  2760 D NpdcpAliveManager: ro.odm.npdcp_alive_cfg_enable is false
02-21 23:51:38.132  3028  3028 D Mapcon  : TelephonyTracker: [onSignalStrengthsChanged]phoneId=1, level=5
02-21 23:51:38.133  3028  3978 D Mapcon  : VoiceManager-5-VoWifiQoeStartUpState: [a]MsgIdEnum=MAPCON_MESSAGE_TM_CMD_SIGNAL_STRENGTH_CHANED_IND
02-21 23:51:38.133  3028  3978 D Mapcon  : VoiceManager-5-DefaultState: [a]MsgIdEnum=MAPCON_MESSAGE_TM_CMD_SIGNAL_STRENGTH_CHANED_IND
02-21 23:51:38.133  3028  3978 D Mapcon  : VoiceManager-5-DefaultState: [a]MsgIdEnum=MAPCON_MESSAGE_TM_CMD_SIGNAL_STRENGTH_CHANED_IND
02-21 23:51:38.152  3028  3028 D Mapcon  : TelephonyTracker: [onSignalStrengthsChanged]phoneId=1, level=5
02-21 23:51:38.153  3028  3978 D Mapcon  : VoiceManager-5-VoWifiQoeStartUpState: [a]MsgIdEnum=MAPCON_MESSAGE_TM_CMD_SIGNAL_STRENGTH_CHANED_IND
02-21 23:51:38.153  3028  3978 D Mapcon  : VoiceManager-5-DefaultState: [a]MsgIdEnum=MAPCON_MESSAGE_TM_CMD_SIGNAL_STRENGTH_CHANED_IND
02-21 23:51:38.153  3028  3978 D Mapcon  : VoiceManager-5-DefaultState: [a]MsgIdEnum=MAPCON_MESSAGE_TM_CMD_SIGNAL_STRENGTH_CHANED_IND
02-21 23:51:39.087  2570  2760 D NpdcpAliveManager: ro.odm.npdcp_alive_cfg_enable is false
02-21 23:51:39.428  3028  3028 D Mapcon  : TelephonyTracker: [onSignalStrengthsChanged]phoneId=1, level=5
02-21 23:51:39.429  3028  3978 D Mapcon  : VoiceManager-5-VoWifiQoeStartUpState: [a]MsgIdEnum=MAPCON_MESSAGE_TM_CMD_SIGNAL_STRENGTH_CHANED_IND
02-21 23:51:39.429  3028  3978 D Mapcon  : VoiceManager-5-DefaultState: [a]MsgIdEnum=MAPCON_MESSAGE_TM_CMD_SIGNAL_STRENGTH_CHANED_IND
02-21 23:51:39.429  3028  3978 D Mapcon  : VoiceManager-5-DefaultState: [a]MsgIdEnum=MAPCON_MESSAGE_TM_CMD_SIGNAL_STRENGTH_CHANED_IND
02-21 23:51:39.437  2570  2760 I PreDnsQuery: setPreDnsCurrentProp is: false
02-21 23:51:40.019  1647  5886 I chatty  : uid=1000(system) Binder:1647_1B expire 2 lines
02-21 23:51:40.032  1647  2663 I chatty  : uid=1000(system) Binder:1647_9 expire 2 lines
02-21 23:51:40.111  2570  2760 D NpdcpAliveManager: ro.odm.npdcp_alive_cfg_enable is false
02-21 23:51:40.112  1647  1647 I chatty  : uid=1000 system_server expire 32 lines
02-21 23:51:41.134  2570  2760 D NpdcpAliveManager: ro.odm.npdcp_alive_cfg_enable is false
02-21 23:51:41.338  3028  3028 D Mapcon  : TelephonyTracker: [onSignalStrengthsChanged]phoneId=1, level=5
02-21 23:51:41.340  3028  3978 D Mapcon  : VoiceManager-5-VoWifiQoeStartUpState: [a]MsgIdEnum=MAPCON_MESSAGE_TM_CMD_SIGNAL_STRENGTH_CHANED_IND
02-21 23:51:41.340  3028  3978 D Mapcon  : VoiceManager-5-DefaultState: [a]MsgIdEnum=MAPCON_MESSAGE_TM_CMD_SIGNAL_STRENGTH_CHANED_IND
02-21 23:51:41.340  3028  3978 D Mapcon  : VoiceManager-5-DefaultState: [a]MsgIdEnum=MAPCON_MESSAGE_TM_CMD_SIGNAL_STRENGTH_CHANED_IND
02-21 23:51:42.168  2570  2760 D NpdcpAliveManager: ro.odm.npdcp_alive_cfg_enable is false
02-21 23:51:44.208  2570  2760 D NpdcpAliveManager: ro.odm.npdcp_alive_cfg_enable is false
02-21 23:51:45.231  2570  2760 D NpdcpAliveManager: ro.odm.npdcp_alive_cfg_enable is false
02-21 23:51:46.260  2570  2760 D NpdcpAliveManager: ro.odm.npdcp_alive_cfg_enable is false
02-21 23:51:48.303  2570  2760 D NpdcpAliveManager: ro.odm.npdcp_alive_cfg_enable is false
02-21 23:51:49.327  2570  2760 D NpdcpAliveManager: ro.odm.npdcp_alive_cfg_enable is false
--------- beginning of main
02-21 23:51:49.673  1647  1647 I chatty  : uid=1000 system_server expire 15 lines
02-21 23:51:49.674  3028  3028 D Mapcon  : TelephonyTracker: [onSignalStrengthsChanged]phoneId=1, level=5
02-21 23:51:49.676  3028  3978 D Mapcon  : VoiceManager-5-VoWifiQoeStartUpState: [a]MsgIdEnum=MAPCON_MESSAGE_TM_CMD_SIGNAL_STRENGTH_CHANED_IND
02-21 23:51:49.677  3028  3978 D Mapcon  : VoiceManager-5-DefaultState: [a]MsgIdEnum=MAPCON_MESSAGE_TM_CMD_SIGNAL_STRENGTH_CHANED_IND
02-21 23:51:49.677  3028  3978 D Mapcon  : VoiceManager-5-DefaultState: [a]MsgIdEnum=MAPCON_MESSAGE_TM_CMD_SIGNAL_STRENGTH_CHANED_IND
02-21 23:51:49.684  2570  2760 I PreDnsQuery: setPreDnsCurrentProp is: true
02-21 23:51:50.042 20116 18718 I AOSP-MdnsDiscoveryManag: (REDACTED) %s
02-21 23:51:50.042 20116 18719 I AOSP-MdnsDiscoveryManag: (REDACTED) %s
02-21 23:51:50.042 20116 18718 I AOSP-MdnsDiscoveryManag: (REDACTED) %s
02-21 23:51:50.042 20116 18719 I AOSP-MdnsDiscoveryManag: (REDACTED) %s
02-21 23:51:50.042 20116 18716 I AOSP-MdnsDiscoveryManag: (REDACTED) %s
02-21 23:51:50.043 20116  6979 I AOSP-MdnsDiscoveryManag: (REDACTED) %s
02-21 23:51:50.043 20116  6979 I AOSP-MdnsDiscoveryManag: (REDACTED) %s
02-21 23:51:50.044 20116 18716 I AOSP-MdnsDiscoveryManag: (REDACTED) %s
02-21 23:51:50.044 20116 18717 W AOSP-MdnsDiscoveryManag: Error while decoding multicast packet (36367): 1 [CONTEXT service_id=168 ]
02-21 23:51:50.044 20116 18716 I AOSP-MdnsDiscoveryManag: (REDACTED) %s
02-21 23:51:50.045 20116 18717 W AOSP-MdnsDiscoveryManag: Error while decoding multicast packet (36368): 1 [CONTEXT service_id=168 ]
02-21 23:51:50.046 20116 18716 I AOSP-MdnsDiscoveryManag: (REDACTED) %s
02-21 23:51:50.046 20116 18717 W AOSP-MdnsDiscoveryManag: Error while decoding multicast packet (36369): 1 [CONTEXT service_id=168 ]
02-21 23:51:50.047 20116 18717 W AOSP-MdnsDiscoveryManag: Error while decoding multicast packet (36370): 1 [CONTEXT service_id=168 ]
02-21 23:51:50.052 20116  6979 I AOSP-MdnsDiscoveryManag: (REDACTED) %s
02-21 23:51:50.056 20116  6979 I chatty  : uid=10145(com.google.android.gms) fyee identical 6 lines
02-21 23:51:50.057 20116  6979 I AOSP-MdnsDiscoveryManag: (REDACTED) %s
02-21 23:51:50.352  2570  2760 D NpdcpAliveManager: ro.odm.npdcp_alive_cfg_enable is false
02-21 23:51:50.352  2570 23334 I chatty  : uid=1000(system) com.huawei.systemserver expire 4 lines
02-21 23:51:50.353  2570 23335 I chatty  : uid=1000(system) com.huawei.systemserver expire 4 lines
02-21 23:51:50.366    47    47 W migration/6: type=1400 audit(0.0:1085864): avc: granted { setsched } for pid=47 scontext=u:r:kernel:s0 tcontext=u:r:kernel:s0 tclass=process
02-21 23:51:50.466    47    47 W migration/6: type=1400 audit(0.0:1085865): avc: granted { setsched } for pid=47 scontext=u:r:kernel:s0 tcontext=u:r:kernel:s0 tclass=process
02-21 23:51:50.806  2805  3085 D DeviceMonitorPowerKit: run, sCountNum is 1
02-21 23:51:50.806  2805  3085 D DeviceMonitorPowerKit: interval is 179985, ElapsedRealtime is 1423519151, isNeedRepeat: false
02-21 23:51:50.806  2805  3085 E DeviceMonitorPowerKit: not Satify ApplyResource
02-21 23:51:50.857  1006 19993 I iked    : [INFO]: ikev2.c:305: ikev2_periodic_task()
02-21 23:51:50.901  2570  2760 I chatty  : uid=1000(system) OllieAwareThrea expire 1 line
02-21 23:51:50.967  3028  3028 D Mapcon  : TelephonyTracker: [onSignalStrengthsChanged]phoneId=1, level=5
02-21 23:51:50.968  3028  3978 D Mapcon  : VoiceManager-5-VoWifiQoeStartUpState: [a]MsgIdEnum=MAPCON_MESSAGE_TM_CMD_SIGNAL_STRENGTH_CHANED_IND
02-21 23:51:50.968  3028  3978 D Mapcon  : VoiceManager-5-DefaultState: [a]MsgIdEnum=MAPCON_MESSAGE_TM_CMD_SIGNAL_STRENGTH_CHANED_IND
02-21 23:51:50.968  3028  3978 D Mapcon  : VoiceManager-5-DefaultState: [a]MsgIdEnum=MAPCON_MESSAGE_TM_CMD_SIGNAL_STRENGTH_CHANED_IND
02-21 23:51:50.974  2570  2760 I PreDnsQuery: setPreDnsCurrentProp is: false
02-21 23:51:51.375  2570  2760 D NpdcpAliveManager: ro.odm.npdcp_alive_cfg_enable is false
02-21 23:51:52.028  2629  2880 I ash_dd  : com.android.chrome not ctrl in charging, delay to D!
02-21 23:51:52.264  1647  5886 I chatty  : uid=1000(system) Binder:1647_1B expire 14 lines
02-21 23:51:52.400  2570  3496 I Hicom_Monitor: handleNetworkQoeReport. qoeString: 11088,4,0,309,1,2,4,0,309,104000,28900,10,10,0,3,0,0
02-21 23:51:52.748  1647  2181 I chatty  : uid=1000(system) HwDualBandState expire 6 lines
02-21 23:51:52.399  2570  2760 D NpdcpAliveManager: ro.odm.npdcp_alive_cfg_enable is false
02-21 23:51:52.821  1033  3792 E Thermal-daemon:ambient: CalcAmbientTemp: median filter output 18210
02-21 23:51:52.821  1033  3792 E Thermal-daemon:ambient: AmbientSample: write temp 18210 to ambient node
02-21 23:51:53.101   662   662 I netd    : trafficSwapActiveStatsMap() <9.91ms>
02-21 23:51:53.334 16563 16588 D LogUtil_LogConfig: getLogFile(): logFilePath = /data/user/0/com.huawei.health/files/com.huawei.health/com.huawei.health_PhoneService/
02-21 23:51:53.339 16563 16588 D LogUtil_LogConfig: acquireMaxLogFileLengthContainsOffset describe: com.huawei.health:PhoneService result:10485760
02-21 23:51:53.357  2629  2880 I PG_ash  : has widget app: com.huawei.android.totemweather
02-21 23:51:53.357  2629  2880 I PG_ash  : Application com.huawei.android.totemweather, oversea just update widget, delay to H!
02-21 23:51:53.354  2629  2629 W com.huawei.iaware: type=1400 audit(0.0:1085866): avc: granted { getattr } for pid=2629 comm=616374696F6E732068616E646C6572 path="/data/system/users/0/appwidgets.xml" dev="sdd71" ino=269263 scontext=u:r:system_app:s0 tcontext=u:object_r:system_data_file:s0 tclass=file
02-21 23:51:53.422  2570  3835 I Booster_Qoe: AdaBoostPredict rlt,index:6,NisPsSlow:0,NProba:309,rsrp(rssi):-40,rsrq(noise):-60,rtt(chload):200,buffhigh(uldelay):0,buffcomm(rtt):0
02-21 23:51:53.422  2570  3835 I Booster_Qoe: AdaBoostPredict rlt,index:2,NisPsSlow:0,NProba:309,rsrp(rssi):-40,rsrq(noise):-60,rtt(chload):200,buffhigh(uldelay):0,buffcomm(rtt):0
02-21 23:51:53.422  2570  3835 I Collector: HandleRawWifiInfo: flag:0, netId:0!
02-21 23:51:53.424  2570  2760 D NpdcpAliveManager: ro.odm.npdcp_alive_cfg_enable is false
02-21 23:51:53.424  2570  3496 I Hicom_Monitor: handleNetworkQoeReport. foregroundAppTcpRtt: 0, maxRatioChannelId: 2
02-21 23:51:53.424  2570  3496 I Hicom_Monitor: handleNetworkQoeReport. qoeString: 11088,4,0,309,1,2,4,0,309,0,0,10,10,0,0,0,0
02-21 23:51:53.777   662   662 I netd    : trafficSwapActiveStatsMap() <9.99ms>
02-21 23:51:53.861  1006 19993 I iked    : [INFO]: ikev2.c:305: ikev2_periodic_task()
02-21 23:51:53.954  1647  2663 I chatty  : uid=1000(system) Binder:1647_9 expire 12 lines
02-21 23:51:54.449  2570  3835 I Collector: HandleRawWifiInfo: flag:0, netId:0!
02-21 23:51:54.450  2570  3835 I Booster_Qoe: AdaBoostPredict rlt,index:6,NisPsSlow:0,NProba:309,rsrp(rssi):-65,rsrq(noise):-91,rtt(chload):61,buffhigh(uldelay):0,buffcomm(rtt):0
02-21 23:51:54.450  2570  3835 I Booster_Qoe: AdaBoostPredict rlt,index:2,NisPsSlow:0,NProba:309,rsrp(rssi):-65,rsrq(noise):-91,rtt(chload):61,buffhigh(uldelay):0,buffcomm(rtt):0
02-21 23:51:54.452  2570  3496 I Hicom_Monitor: handleNetworkQoeReport. foregroundAppTcpRtt: 0, maxRatioChannelId: 2
02-21 23:51:54.452  2570  3496 I Hicom_Monitor: handleNetworkQoeReport. qoeString: 11088,4,0,309,1,2,4,0,309,104000,28900,10,10,0,0,18,0
02-21 23:51:54.727 16563  9246 I SecurityComp10300302: SSLFNew: createSocket
02-21 23:51:54.727 16563  9246 I SecurityComp10300302: SSLFNew: set default protocols
02-21 23:51:54.727 16563  9246 I SecurityComp10300302: SSLFNew: set default cipher
02-21 23:51:54.768  2570  2570 D TelephonyUtil: onSignalStrengthsChanged
02-21 23:51:54.768  2570  2570 D TelephonyUtil: handleSignalStrengthsChanged slotId:1
02-21 23:51:54.451  2570  2760 D NpdcpAliveManager: ro.odm.npdcp_alive_cfg_enable is false
02-21 23:51:54.769  3028  3028 D Mapcon  : TelephonyTracker: [onSignalStrengthsChanged]phoneId=1, level=5
02-21 23:51:54.770  3028  3978 D Mapcon  : VoiceManager-5-VoWifiQoeStartUpState: [a]MsgIdEnum=MAPCON_MESSAGE_TM_CMD_SIGNAL_STRENGTH_CHANED_IND
02-21 23:51:54.770  3028  3978 D Mapcon  : VoiceManager-5-DefaultState: [a]MsgIdEnum=MAPCON_MESSAGE_TM_CMD_SIGNAL_STRENGTH_CHANED_IND
02-21 23:51:54.836 16563  9246 I SecurityComp10300302: SX509TM: checkServerTrusted begin,size=2,authType=ECDHE_RSA
02-21 23:51:54.836 16563  9246 I SecurityComp10300302: SX509TM: check server i=0
02-21 23:51:54.836 16563  9246 I SecurityComp10300302: SX509TM: client root ca size=29
02-21 23:51:54.845 16563  9246 I SecurityComp10300302: SX509TM: checkServerTrusted end, CN=GlobalSign, O=GlobalSign, OU=GlobalSign Root CA - R3
02-21 23:51:54.848 16563  9246 I SecurityComp10300302: : verify: certificate is : CN=petalsearch.com,O=Huawei Software Technologies Co.\, Ltd.,L=Nanjing,ST=Jiangsu,C=CN
02-21 23:51:54.957  1647  2071 I chatty  : uid=1000(system) WifiService expire 40 lines
02-21 23:51:55.030 16563  9246 W R_NetworkClientUtils: 1600101320|R|W|response failed, url:h*t*s*/*l*g*e*v*c*-*r*u*d*.*b*n*c*o*d*r*/*2*g*t*e*v*r*o*a*n*a*p*D*1*1*, response code:503, message:Service Temporarily Unavailable
02-21 23:51:55.031 16563 23225 I NK_Netdiag: haf-def-1-1019 ->NK_netdiag_577|netdiag.tools.NetDetectAndPolicy|65348|the time count will reset!
02-21 23:51:55.031 16563  9246 I NK_InterceptorExecutor: haf-def-1-1019|embedded.p2|65347|response code:503
02-21 23:51:55.032 16563  9246 I NK_PolicyService: haf-def-1-1019|httpclient.excutor.ProcessPolicyNetworkService|65342|options = {}
02-21 23:51:55.038 16563  9246 I NK_NetworkKit: haf-def-1-1019|NetworkKit|65344|init  Version:8.0.1.311  BuildTime:2025-04-23 cp:com.huawei.health
02-21 23:51:55.039 16563  9246 I NK_PolicyService: haf-def-1-1019|httpclient.excutor.ProcessPolicyNetworkService|65342|options = {"core_connect_timeout":120000,"core_read_timeout":120000}
02-21 23:51:55.040 16563  9246 I NK_PolicyService: haf-def-1-1019|httpclient.excutor.ProcessPolicyNetworkService|65342|options = {}
02-21 23:51:55.040 16563 23343 I NK_NetworkKit: haf-def-1-1019 ->NK_NK_423|NetworkKit|65351|init success
02-21 23:51:55.040 16563 23343 I R_NetworkClientMgr: 1600101320|R|I|init networkKit result is: true
02-21 23:51:55.046 16563  9246 W NK_RealRestClient: haf-def-1-1019|embedded.h6$b|65344|may be you need a baseUrl
02-21 23:51:55.057 16563  9246 W NK_BaseConfig: haf-def-1-1019|embedded.e|65353|Set value error, value of core_metrics_data is out of range.
02-21 23:51:55.058 16563  9246 I NK_CountryCodeBean: haf-def-1-1019|network.grs.local.model.CountryCodeBean|65345|get issue_country code from VENDOR_COUNTRY
02-21 23:51:55.059 16563  9246 I NK_OkReqTsk: haf-def-1-1019|embedded.j3|65345|the request has used the okhttp! 
02-21 23:51:55.061 16563  9246 I NK_DNKeeperManager: haf-def-1-1019|network.restclient.dnkeeper.DNKeeperManager|65323|logservice-drru.dt.dbankcloud.ru query mode is single
02-21 23:51:55.062 16563  9246 I NK_DNKeeperManager: haf-def-1-1019|network.restclient.dnkeeper.DNKeeperManager|65323|logservice-drru.dt.dbankcloud.ru queryIps from Map
02-21 23:51:55.062 16563  9246 I NK_DNResolverManager: haf-def-1-1019|embedded.g0|65351|logservice-drru.dt.dbankcloud.ru from server result is: {'A', exist, createTime=1771717881618, DNKeeper, 1}
02-21 23:51:55.063 16563  9246 I NK_DNManager: haf-def-1-1019|embedded.t|65316|logservice-drru.dt.dbankcloud.ru resolve source:DNKeeper,result:{'A', exist, createTime=1771717881618, DNKeeper, 1}
02-21 23:51:55.065 16563 23344 W NK_DNManager: haf-def-1-1019 ->NK_lazyPool_1129|embedded.t|65338|the dns change time is less than 5 min, and return
02-21 23:51:55.066   662  1371 I         : ApiCount[0, 0, 0, 262, 0, 0, 0, 4, 0, 0, 1566, 2506, 0, 952, 94, 394, 181, 0, 14995, 85235]
02-21 23:51:55.067  1647  2072 I chatty  : uid=1000(system) ClientModeImpl expire 14 lines
02-21 23:51:55.153 16563  9246 I SecurityComp10300302: SSLFNew: createSocket
02-21 23:51:55.153 16563  9246 I SecurityComp10300302: SSLFNew: set default protocols
02-21 23:51:55.153 16563  9246 I SecurityComp10300302: SSLFNew: set default cipher
02-21 23:51:54.770  3028  3978 D Mapcon  : VoiceManager-5-DefaultState: [a]MsgIdEnum=MAPCON_MESSAGE_TM_CMD_SIGNAL_STRENGTH_CHANED_IND
02-21 23:51:55.213  1647  2015 I chatty  : uid=1000(system) AlarmManager expire 1 line
02-21 23:51:55.213  1647  1837 I chatty  : uid=1000(system) PowerManagerSer expire 9 lines
02-21 23:51:55.215  1647  1823 I chatty  : uid=1000(system) ActivityManager expire 1 line
02-21 23:51:55.216  2629  2880 I PG_ash  : com.whatsapp.w4b send B_C:com.whatsapp.alarm.CLIENT_PING_PERIODIC notify package: com.whatsapp.w4b, pid: 10927
02-21 23:51:55.217  2629  2880 I ash_trans: com.whatsapp.w4b { hibernation duration=9157 Uptime=9158 } transition to: doze reason:bc_notify_com.whatsapp.alarm.CLIENT_PING_PERIODIC
02-21 23:51:55.217  2629  2880 I PG_ash  : clear H actions!
02-21 23:51:55.220  2629  2880 I PG_ash  : unP_wl uid = 10309 pid = 10927
02-21 23:51:55.220  1647  2663 I chatty  : uid=1000(system) Binder:1647_9 expire 13 lines
02-21 23:51:55.220  2629  2799 I LocationDetection: need regisiter L_H_F
02-21 23:51:55.222   662   662 I OemNetd : pgNetFilterSetRule(1)
02-21 23:51:55.222  5908 21378 I CAWARENESS_CompatibleBinder: registerLocationFence
02-21 23:51:55.224  2629  2880 I ActNet  : allow network for uid : 10309 succ:true flag:ASH_DENY_FLAG
02-21 23:51:55.224  2629  2880 I PG_ash  : CancelNetworkRestrict >> com.whatsapp.w4b, uids : [10309]
02-21 23:51:55.224  5908 23345 I CAWARENESS_FenceManager: addDataId name = null
02-21 23:51:55.225  5908 23345 I CAWARENESS_FenceManager: addDataId dataId = 0
02-21 23:51:55.225  5908 23345 I CAWARENESS_ManagedFenceFactory: AwarenessFence parsing to Optional.empty
02-21 23:51:55.225  5908 23345 I CAWARENESS_FenceManager: onResult, onResultListener=com.huawei.hiai.awareness.opencapacity.fence.FenceManager$3@97a22ed, code=0
02-21 23:51:55.225  5908 23345 I CAWARENESS_CacheReportDataService: insertData
02-21 23:51:55.225  1647  1647 I chatty  : uid=1000 system_server expire 180 lines
02-21 23:51:55.225  5908 21378 I CAWARENESS_CompatibleBinder: registerLocationFence
02-21 23:51:55.226  2629 17464 I LocationDetection: leaveHomeFence: RequestResult{6, 2, 3, null, 0, 0, 100, com.huawei.powergenie_1:1;6,2,3, 1, null, 4, 200007, error_unknown}
02-21 23:51:55.227  1044 10552 I Pged-IPgedBinderService: ****action is 2, pid num is 2***
02-21 23:51:55.227  1044 10552 I Pged-Freezer: thawPids
02-21 23:51:55.228  2629  2880 D PgedBinderAdapter: unF_Z ok, pid: [10927]
02-21 23:51:55.228  5908 23347 I CAWARENESS_FenceManager: addDataId name = null
02-21 23:51:55.228  2629  2880 I PGServer: report state:6 event type:2 pid:0 uid:10309 pkg:com.whatsapp.w4b to pid: 1647
02-21 23:51:55.228  5908 23347 I CAWARENESS_FenceManager: addDataId dataId = 0
02-21 23:51:55.229  5908 23347 I CAWARENESS_ManagedFenceFactory: AwarenessFence parsing to Optional.empty
02-21 23:51:55.229  5908 23347 I CAWARENESS_FenceManager: onResult, onResultListener=com.huawei.hiai.awareness.opencapacity.fence.FenceManager$3@9bde570, code=0
02-21 23:51:55.229  5908 23347 I CAWARENESS_CacheReportDataService: insertData
02-21 23:51:55.229  5908 23347 W CAWARENESS_ThreadPool: thread pool CacheReportDataService(1) is busy 1/2
02-21 23:51:55.229  2629  2880 I PGServer: report state:100 event type:2 pid:0 uid:10309 pkg:10927 to pid: 1647
02-21 23:51:55.229  2629  2880 I PG_ash  : unF_Z com.whatsapp.w4b OK !
02-21 23:51:55.229  2629 17464 I LocationDetection: arriveHomeFence: RequestResult{6, 1, 3, null, 0, 0, 100, com.huawei.powergenie_1:1;6,1,3, 1, null, 4, 200007, error_unknown}
02-21 23:51:55.230  5908 23346 I CAWARENESS_AwarenessSQLiteDatabase: insert recId is 29147974
02-21 23:51:55.230  5908 23346 I CAWARENESS_CacheReportDataService: Current count 65
02-21 23:51:55.231  5908 21378 I CAWARENESS_CompatibleBinder: registerLocationFence
02-21 23:51:55.232  5908 23349 I CAWARENESS_FenceManager: addDataId name = null
02-21 23:51:55.232  5908 23349 I CAWARENESS_FenceManager: addDataId dataId = 0
02-21 23:51:55.232  5908 23349 I CAWARENESS_ManagedFenceFactory: AwarenessFence parsing to Optional.empty
02-21 23:51:55.232  5908 23349 I CAWARENESS_FenceManager: onResult, onResultListener=com.huawei.hiai.awareness.opencapacity.fence.FenceManager$3@675a00f, code=0
02-21 23:51:55.232  5908 23349 I CAWARENESS_CacheReportDataService: insertData
02-21 23:51:55.232  5908 23349 W CAWARENESS_ThreadPool: thread pool CacheReportDataService(1) is busy 1/2
02-21 23:51:55.232  5908 23348 I CAWARENESS_AwarenessSQLiteDatabase: insert recId is 29147975
02-21 23:51:55.232  2629 17464 I LocationDetection: leaveCompanyFence: RequestResult{6, 8, 3, null, 0, 0, 100, com.huawei.powergenie_1:1;6,8,3, 1, null, 4, 200007, error_unknown}
02-21 23:51:55.232  5908 23348 I CAWARENESS_CacheReportDataService: Current count 66
02-21 23:51:55.233  5908 21378 I CAWARENESS_CompatibleBinder: registerLocationFence
02-21 23:51:55.234  5908 23351 I CAWARENESS_FenceManager: addDataId name = null
02-21 23:51:55.234  5908 23351 I CAWARENESS_FenceManager: addDataId dataId = 0
02-21 23:51:55.234  5908 23350 I CAWARENESS_AwarenessSQLiteDatabase: insert recId is 29147976
02-21 23:51:55.234  5908 23351 I CAWARENESS_ManagedFenceFactory: AwarenessFence parsing to Optional.empty
02-21 23:51:55.234  5908 23351 I CAWARENESS_FenceManager: onResult, onResultListener=com.huawei.hiai.awareness.opencapacity.fence.FenceManager$3@10c567a, code=0
02-21 23:51:55.234  5908 23351 I CAWARENESS_CacheReportDataService: insertData
02-21 23:51:55.234  5908 23351 W CAWARENESS_ThreadPool: thread pool CacheReportDataService(1) is busy 1/2
02-21 23:51:55.234  5908 23350 I CAWARENESS_CacheReportDataService: Current count 67
02-21 23:51:55.234  2629 17464 I LocationDetection: arriveCompanyFence: RequestResult{6, 4, 3, null, 0, 0, 100, com.huawei.powergenie_1:1;6,4,3, 1, null, 4, 200007, error_unknown}
02-21 23:51:55.235  1647  2065 I chatty  : uid=1000(system) Binder:1647_3 expire 4 lines
02-21 23:51:55.235  5908 23352 I CAWARENESS_AwarenessSQLiteDatabase: insert recId is 29147977
02-21 23:51:55.235  2629  2880 I PG_ash  : unP_BC com.whatsapp.w4b OK !
02-21 23:51:55.236  2629  2880 I APwPowerPolicy:  one day not front to ignore gps: com.whatsapp.w4b
02-21 23:51:55.236  2629  2880 I PG_ash  : nap takeover action: 2
02-21 23:51:55.236  2629  2880 I PG_ash  : clear H actions! unProxySensor
02-21 23:51:55.236  5908 23352 I CAWARENESS_CacheReportDataService: Current count 68
02-21 23:51:55.238  2629  2880 I powergenie_jni: proxy sensor, uid:10309, access:0, proxy:0
02-21 23:51:55.238  2629  2880 I PG_ash  : UnP_Sensor:com.whatsapp.w4b uid:10309 result:true
02-21 23:51:55.244  2629  2880 I PG_ash  : long time no use, not treat as im app:com.whatsapp.w4b
02-21 23:51:55.245 16563  9246 I SecurityComp10300302: : verify: certificate is : CN=petalsearch.com,O=Huawei Software Technologies Co.\, Ltd.,L=Nanjing,ST=Jiangsu,C=CN
02-21 23:51:55.246   760 11451 D AudioPolicyService: getUidState(10309) !cacheIter->second.first, return PROCESS_STATE_UNKNOWN
02-21 23:51:55.247  2629  2880 I PG_ash  : nap takeover action: 6
02-21 23:51:55.247  2629  2880 I PG_ash  : nap package: com.whatsapp.w4b, visible: false, bgTime: 3680349, scrOff: false
02-21 23:51:55.247  2629  2880 I PG_ash  : long time no use, not treat as im app:com.whatsapp.w4b
02-21 23:51:55.249  1647  5870 I chatty  : uid=1000(system) Binder:1647_14 expire 12 lines
02-21 23:51:55.250    47    47 W migration/6: type=1400 audit(0.0:1085867): avc: granted { setsched } for pid=47 scontext=u:r:kernel:s0 tcontext=u:r:kernel:s0 tclass=process
02-21 23:51:55.256 10927 11005 E msys    : E[N mns]_OnDiskCacheGetData(632)=>Start post callback cache refresh DNS resolution
02-21 23:51:55.256 10927 11005 E msys    : E[ADNSUCTIMH WAJMNSDNSResolver]_MNSDNSResolutionSuccess(35)=>[LogLevel:I] DNS Resolution Successful with 1 IPs, Persistent Cache Hit: 1, secondary resolver used: 0
02-21 23:51:55.256 10927 11005 E msys    : E[ADNSUCTIMH WAJMNSDNSResolver]_MNSDNSResolutionSuccess(55)=>[LogLevel:I] Resolved IP Address: 157.240.212.61
02-21 23:51:55.257   760 11451 D AudioPolicyService: getUidState(10309) !cacheIter->second.first, return PROCESS_STATE_UNKNOWN
02-21 23:51:55.257   662  1367 W /system/bin/netd: A binder object at 0x731a546500 is being transacted on, however, this object is in the same process as its proxy. Transacting with this binder is expensive compared to just calling the corresponding functionality in the same process.
02-21 23:51:55.257   662  1367 I PreDnsController: CanPreDnsQuery,persist.sys.predns is false!
02-21 23:51:55.257   662  1367 I OemNetd : startPreDnsQuery(10309)
02-21 23:51:55.258  2629  2880 I PG_ash  : pkg android calling: ru.yandex.disk, pid: 0 ,type: bindservice
02-21 23:51:55.263 10927 11005 E msys    : E[N mns]_OnSystemDNSSuccessCallback(340)=>Cache refresh succeeded with system DNS resolver. IP count: 1
02-21 23:51:55.270  1647  5886 I chatty  : uid=1000(system) Binder:1647_1B expire 6 lines
02-21 23:51:55.272   663   663 D Zygote  : Forked child process 23355
02-21 23:51:55.274  1647  1824 I chatty  : uid=1000(system) ActivityManager expire 2 lines
02-21 23:51:55.283 23355 23355 I chatty  : uid=10392(ru.yandex.disk) main expire 6 lines
02-21 23:51:55.300 23355 23355 D ActivityThread: Attach thread to application
02-21 23:51:55.307   760 11451 D AudioPolicyService: getUidState(10392) !cacheIter->second.first, return PROCESS_STATE_UNKNOWN
02-21 23:51:55.310 23355 23373 I ActivityThread: Init compatible state: true
02-21 23:51:55.311 23355 23373 I chatty  : uid=10392(ru.yandex.disk) main expire 3 lines
02-21 23:51:55.323 23355 23355 I chatty  : uid=10392(ru.yandex.disk) main expire 1 line
02-21 23:51:55.372 23355 23355 W ru.yandex.disk: JIT profile information will not be recorded: profile file does not exits.
02-21 23:51:55.372 23355 23355 W ru.yandex.disk: JIT profile information will not be recorded: profile file does not exits.
02-21 23:51:55.378 23355 23373 I HwApiCacheMangerEx: apicache path=/storage/emulated/0 state=mounted key=ru.yandex.disk#10392#256
02-21 23:51:55.378 23355 23373 I HwApiCacheMangerEx: need clear apicache,because volumes changed,oldCnt=0 newCnt=1
02-21 23:51:55.378 23355 23373 I HwApiCacheMangerEx: apicache path=/storage/emulated/0 state=mounted key=ru.yandex.disk#10392#0
02-21 23:51:55.378 23355 23373 I HwApiCacheMangerEx: need clear apicache,because volumes changed,oldCnt=1 newCnt=1
02-21 23:51:55.402 23355 23373 I HwPartIawareFactory: add android.common.HwPartIawareFactoryImpl to memory.
02-21 23:51:55.402 23355 23373 I AwareBitmapCacher: init processName:ru.yandex.disk pid=23355 uid=10392
02-21 23:51:55.404 23355 23378 E AwareLog: AtomicFileUtils: readFileLines file not exist: android.util.AtomicFile@2f50b3a
02-21 23:51:55.436 23355 23355 I FirebaseApp: Device unlocked: initializing all Firebase APIs for app [DEFAULT]
02-21 23:51:55.444 23355 23355 I FirebaseInitProvider: FirebaseApp initialization successful
02-21 23:51:55.461 10927 23394 I NotificationManager: com.whatsapp.w4b: cancel(10)
02-21 23:51:55.463 16563  9246 W R_NetworkClientUtils: 1600101320|R|W|response failed, url:h*t*s*/*l*g*e*v*c*-*r*u*d*.*b*n*c*o*d*r*/*2*g*t*e*v*r*o*a*n*a*p*D*1*1*, response code:503, message:Service Temporarily Unavailable
02-21 23:51:55.464 16563  9246 I NK_InterceptorExecutor: haf-def-1-1019|embedded.p2|65347|response code:503
02-21 23:51:55.464 16563  9246 I NK_PolicyService: haf-def-1-1019|httpclient.excutor.ProcessPolicyNetworkService|65342|options = {}
02-21 23:51:55.466 16563  9246 I NK_NetworkKit: haf-def-1-1019|NetworkKit|65344|init  Version:8.0.1.311  BuildTime:2025-04-23 cp:com.huawei.health
02-21 23:51:55.466 16563 23343 I NK_NetworkKit: haf-def-1-1019 ->NK_NK_423|NetworkKit|65351|init success
02-21 23:51:55.466 16563 23343 I R_NetworkClientMgr: 1600101320|R|I|init networkKit result is: true
02-21 23:51:55.466 16563 23225 I NK_Netdiag: haf-def-1-1019 ->NK_netdiag_577|netdiag.tools.NetDetectAndPolicy|65348|the time count will reset!
02-21 23:51:55.466 16563  9246 I NK_PolicyService: haf-def-1-1019|httpclient.excutor.ProcessPolicyNetworkService|65342|options = {"core_connect_timeout":120000,"core_read_timeout":120000}
02-21 23:51:55.466 16563  9246 I NK_PolicyService: haf-def-1-1019|httpclient.excutor.ProcessPolicyNetworkService|65342|options = {}
02-21 23:51:55.468 16563  9246 W NK_RealRestClient: haf-def-1-1019|embedded.h6$b|65344|may be you need a baseUrl
02-21 23:51:55.469  2570  3835 I Booster_Qoe: AdaBoostPredict rlt,index:6,NisPsSlow:0,NProba:309,rsrp(rssi):-40,rsrq(noise):-60,rtt(chload):200,buffhigh(uldelay):0,buffcomm(rtt):0
02-21 23:51:55.469  2570  3835 I Booster_Qoe: AdaBoostPredict rlt,index:2,NisPsSlow:0,NProba:309,rsrp(rssi):-40,rsrq(noise):-60,rtt(chload):200,buffhigh(uldelay):0,buffcomm(rtt):71
02-21 23:51:55.469  2570  3835 I Collector: HandleRawWifiInfo: flag:0, netId:0!
02-21 23:51:55.471 16563  9246 W NK_BaseConfig: haf-def-1-1019|embedded.e|65353|Set value error, value of core_metrics_data is out of range.
02-21 23:51:55.471  2570  2760 D NpdcpAliveManager: ro.odm.npdcp_alive_cfg_enable is false
02-21 23:51:55.471 16563  9246 I NK_CountryCodeBean: haf-def-1-1019|network.grs.local.model.CountryCodeBean|65345|get issue_country code from VENDOR_COUNTRY
02-21 23:51:55.471  2570  3496 I Hicom_Monitor: handleNetworkQoeReport. foregroundAppTcpRtt: 0, maxRatioChannelId: 2
02-21 23:51:55.471  2570  3496 I Hicom_Monitor: handleNetworkQoeReport. qoeString: 11088,4,0,309,1,2,4,0,309,0,0,10,10,0,0,0,0
02-21 23:51:55.471 16563  9246 I NK_OkReqTsk: haf-def-1-1019|embedded.j3|65345|the request has used the okhttp! 
02-21 23:51:55.472 16563  9246 I NK_DNKeeperManager: haf-def-1-1019|network.restclient.dnkeeper.DNKeeperManager|65323|logservice-drru.dt.dbankcloud.ru query mode is single
02-21 23:51:55.472 16563  9246 I NK_DNKeeperManager: haf-def-1-1019|network.restclient.dnkeeper.DNKeeperManager|65323|logservice-drru.dt.dbankcloud.ru queryIps from Map
02-21 23:51:55.472 16563  9246 I NK_DNResolverManager: haf-def-1-1019|embedded.g0|65351|logservice-drru.dt.dbankcloud.ru from server result is: {'A', exist, createTime=1771717881618, DNKeeper, 1}
02-21 23:51:55.472 16563  9246 I NK_DNManager: haf-def-1-1019|embedded.t|65316|logservice-drru.dt.dbankcloud.ru resolve source:DNKeeper,result:{'A', exist, createTime=1771717881618, DNKeeper, 1}
02-21 23:51:55.474 16563 23395 W NK_DNManager: haf-def-1-1019 ->NK_lazyPool_1130|embedded.t|65338|the dns change time is less than 5 min, and return
02-21 23:51:55.476 23355 23355 I HwApiCacheMangerEx: apicache path=/storage/emulated/0 state=mounted key=ru.yandex.disk#10392#256
02-21 23:51:55.476 23355 23355 I HwApiCacheMangerEx: need clear apicache,because volumes changed,oldCnt=1 newCnt=1
02-21 23:51:55.490    53    53 W migration/7: type=1400 audit(0.0:1085869): avc: granted { setsched } for pid=53 scontext=u:r:kernel:s0 tcontext=u:r:kernel:s0 tclass=process
02-21 23:51:55.490    47    47 W migration/6: type=1400 audit(0.0:1085870): avc: granted { setsched } for pid=47 scontext=u:r:kernel:s0 tcontext=u:r:kernel:s0 tclass=process
02-21 23:51:55.509 23355 23355 D WM-WrkMgrInitializer: Initializing WorkManager with default configuration.
02-21 23:51:55.529 23355 23355 I DiskApplication: [main] run in process 'ru.yandex.disk'
02-21 23:51:55.529 23355 23355 I ru.yandex.disk: run in process 'ru.yandex.disk'
02-21 23:51:55.540 23355 23404 I AppMetrica: AppMetrica [42955-IAA-CDE-1] Initializing of AppMetrica, Release type, Version 7.10.0, API Level 115, Dated 11.07.2025.
02-21 23:51:55.547 23355 23355 D GetStringResourceAspect: [main] Got string = AIzaSyArik12G-rXho5q2NtIoQ_2o4QpuqtTHfk with resId = 2132018925 at io.appmetrica.analytics.push.coreutils.internal.utils.CoreUtils_6
02-21 23:51:55.547 23355 23355 D GetStringResourceAspect: [main] Got string = 1:395509144389:android:97f8223c2b7ed636 with resId = 2132018926 at io.appmetrica.analytics.push.coreutils.internal.utils.CoreUtils_6
02-21 23:51:55.548 23355 23355 D GetStringResourceAspect: [main] Got string = 395509144389 with resId = 2132018875 at io.appmetrica.analytics.push.coreutils.internal.utils.CoreUtils_6
02-21 23:51:55.548 23355 23355 D GetStringResourceAspect: [main] Got string = api-project-395509144389 with resId = 2132022303 at io.appmetrica.analytics.push.coreutils.internal.utils.CoreUtils_6
02-21 23:51:55.564 23355 23404 I AppMetrica: AppMetrica [42955-IAA-CDE-1] Activate AppMetrica with APIKey a7d6c160-xxxx-xxxx-xxxx-xxxxxxxx0a08
02-21 23:51:55.564 23355 23404 I AppMetrica: AppMetrica [42955-IAA-CDE-1] Activate reporter with APIKey 0e5e9c33-xxxx-xxxx-xxxx-xxxxxxxx3f72
02-21 23:51:55.565 23355 23404 I AppMetrica: AppMetrica [42955-IAA-CDE-1] Activate reporter with APIKey 20799a27-xxxx-xxxx-xxxx-xxxxxxxx4180
02-21 23:51:55.566 23355 23404 I AppMetrica: AppMetrica [42955-IAA-CDE-1] Activate reporter with APIKey 67bb016b-xxxx-xxxx-xxxx-xxxxxxxx03d3
02-21 23:51:55.568 23355 23355 D GetStringResourceAspect: [main] Got string = :passport with resId = 2132021889 at com.yandex.passport.internal.impl.g_18
02-21 23:51:55.570 23355 23355 D GetStringResourceAspect: [main] Got string = :passport with resId = 2132021889 at com.yandex.passport.internal.impl.b_13
02-21 23:51:55.571 23355 23355 E RuntimeConfig: 
02-21 23:51:55.571 23355 23355 E RuntimeConfig: java.lang.Exception: TRACE FOR OBFUSCATION CHECK
02-21 23:51:55.571 23355 23355 E RuntimeConfig: 	at ru.yandex.disk.d0.<clinit>(Unknown Source:29)
02-21 23:51:55.571 23355 23355 E RuntimeConfig: 	at ru.yandex.disk.Yatagan$CoreComponent.Y4(Unknown Source:13)
02-21 23:51:55.571 23355 23355 E RuntimeConfig: 	at ru.yandex.disk.Yatagan$CoreComponent.L2(Unknown Source:17)
02-21 23:51:55.571 23355 23355 E RuntimeConfig: 	at ru.yandex.disk.Yatagan$CoreComponent.p1(Unknown Source:26)
02-21 23:51:55.571 23355 23355 E RuntimeConfig: 	at ru.yandex.disk.Yatagan$CoreComponent.s1(Unknown Source:13)
02-21 23:51:55.571 23355 23355 E RuntimeConfig: 	at ru.yandex.disk.Yatagan$CoreComponent.p2(Unknown Source:15)
02-21 23:51:55.571 23355 23355 E RuntimeConfig: 	at ru.yandex.disk.Yatagan$CoreComponent.M(Unknown Source:0)
02-21 23:51:55.571 23355 23355 E RuntimeConfig: 	at ru.yandex.disk.DiskApplication.onCreate(Unknown Source:573)
02-21 23:51:55.571 23355 23355 E RuntimeConfig: 	at android.app.Instrumentation.callApplicationOnCreate(Instrumentation.java:1202)
02-21 23:51:55.571 23355 23355 E RuntimeConfig: 	at android.app.ActivityThread.handleBindApplication(ActivityThread.java:7588)
02-21 23:51:55.571 23355 23355 E RuntimeConfig: 	at android.app.ActivityThread.access$2600(ActivityThread.java:260)
02-21 23:51:55.571 23355 23355 E RuntimeConfig: 	at android.app.ActivityThread$H.handleMessage(ActivityThread.java:2435)
02-21 23:51:55.571 23355 23355 E RuntimeConfig: 	at android.os.Handler.dispatchMessage(Handler.java:110)
02-21 23:51:55.571 23355 23355 E RuntimeConfig: 	at android.os.Looper.loop(Looper.java:219)
02-21 23:51:55.571 23355 23355 E RuntimeConfig: 	at android.app.ActivityThread.main(ActivityThread.java:8668)
02-21 23:51:55.571 23355 23355 E RuntimeConfig: 	at java.lang.reflect.Method.invoke(Native Method)
02-21 23:51:55.571 23355 23355 E RuntimeConfig: 	at com.android.internal.os.RuntimeInit$MethodAndArgsCaller.run(RuntimeInit.java:513)
02-21 23:51:55.571 23355 23355 E RuntimeConfig: 	at com.android.internal.os.ZygoteInit.main(ZygoteInit.java:1109)
02-21 23:51:55.571 23355 23355 E ru.yandex.disk: DEBUG = false
02-21 23:51:55.571 23355 23355 E ru.yandex.disk: java.lang.Exception: TRACE FOR OBFUSCATION CHECK
02-21 23:51:55.571 23355 23355 E ru.yandex.disk: 	at ru.yandex.disk.d0.<clinit>(Unknown Source:29)
02-21 23:51:55.571 23355 23355 E ru.yandex.disk: 	at ru.yandex.disk.Yatagan$CoreComponent.Y4(Unknown Source:13)
02-21 23:51:55.571 23355 23355 E ru.yandex.disk: 	at ru.yandex.disk.Yatagan$CoreComponent.L2(Unknown Source:17)
02-21 23:51:55.571 23355 23355 E ru.yandex.disk: 	at ru.yandex.disk.Yatagan$CoreComponent.p1(Unknown Source:26)
02-21 23:51:55.571 23355 23355 E ru.yandex.disk: 	at ru.yandex.disk.Yatagan$CoreComponent.s1(Unknown Source:13)
02-21 23:51:55.571 23355 23355 E ru.yandex.disk: 	at ru.yandex.disk.Yatagan$CoreComponent.p2(Unknown Source:15)
02-21 23:51:55.571 23355 23355 E ru.yandex.disk: 	at ru.yandex.disk.Yatagan$CoreComponent.M(Unknown Source:0)
02-21 23:51:55.571 23355 23355 E ru.yandex.disk: 	at ru.yandex.disk.DiskApplication.onCreate(Unknown Source:573)
02-21 23:51:55.571 23355 23355 E ru.yandex.disk: 	at android.app.Instrumentation.callApplicationOnCreate(Instrumentation.java:1202)
02-21 23:51:55.571 23355 23355 E ru.yandex.disk: 	at android.app.ActivityThread.handleBindApplication(ActivityThread.java:7588)
02-21 23:51:55.571 23355 23355 E ru.yandex.disk: 	at android.app.ActivityThread.access$2600(ActivityThread.java:260)
02-21 23:51:55.571 23355 23355 E ru.yandex.disk: 	at android.app.ActivityThread$H.handleMessage(ActivityThread.java:2435)
02-21 23:51:55.571 23355 23355 E ru.yandex.disk: 	at android.os.Handler.dispatchMessage(Handler.java:110)
02-21 23:51:55.571 23355 23355 E ru.yandex.disk: 	at android.os.Looper.loop(Looper.java:219)
02-21 23:51:55.571 23355 23355 E ru.yandex.disk: 	at android.app.ActivityThread.main(ActivityThread.java:8668)
02-21 23:51:55.571 23355 23355 E ru.yandex.disk: 	at java.lang.reflect.Method.invoke(Native Method)
02-21 23:51:55.571 23355 23355 E ru.yandex.disk: 	at com.android.internal.os.RuntimeInit$MethodAndArgsCaller.run(RuntimeInit.java:513)
02-21 23:51:55.571 23355 23355 E ru.yandex.disk: 	at com.android.internal.os.ZygoteInit.main(ZygoteInit.java:1109)
02-21 23:51:55.572 23355 23398 D GetStringResourceAspect: [DefaultDispatcher-worker-3] Got string = com.yandex.passport with resId = 2132021595 at com.yandex.passport.internal.t_2
02-21 23:51:55.573 23355 23397 D GetStringResourceAspect: [DefaultDispatcher-worker-2] Got string = com.yandex.passport with resId = 2132021595 at com.yandex.passport.internal.t_2
02-21 23:51:55.601 23355 23355 D GetStringResourceAspect: [main] Got string = prod with resId = 2132022984 at ru.yandex.disk.S0_38
02-21 23:51:55.627   760 11451 D AudioPolicyService: getUidState(10148) !cacheIter->second.first, return PROCESS_STATE_UNKNOWN
02-21 23:51:55.631 23355 23355 I DiskApplication: [main] init Disk application process
02-21 23:51:55.631 23355 23355 I ru.yandex.disk: init Disk application process
02-21 23:51:55.642 23355 23412 I HwApiCacheMangerEx: apicache path=/storage/emulated/0 state=mounted key=ru.yandex.disk#10392#0
02-21 23:51:55.642 23355 23412 I HwApiCacheMangerEx: need clear apicache,because volumes changed,oldCnt=1 newCnt=1
02-21 23:51:55.643 23355 23417 I HwApiCacheMangerEx: apicache path=/storage/emulated/0 state=mounted key=ru.yandex.disk#10392#256
02-21 23:51:55.643 23355 23417 I HwApiCacheMangerEx: need clear apicache,because volumes changed,oldCnt=1 newCnt=1
02-21 23:51:55.644  1647  2065 I chatty  : uid=1000(system) Binder:1647_3 expire 5 lines
02-21 23:51:55.646   663   663 D Zygote  : Forked child process 23423
02-21 23:51:55.647  2629  2880 I PG_ash  : pkg android calling: ru.yandex.disk, pid: 23355 ,type: bindservice
02-21 23:51:55.648  2629  2799 I AppManager: dependence has been existed:1647 -> 23355
02-21 23:51:55.652 23423 23423 E libc    : Access denied finding property "persist.device_config.runtime_native.use_app_image_startup_cache"
02-21 23:51:55.646 23423 23423 W x.disk:passpor: type=1400 audit(0.0:1085871): avc: denied { read } for pid=23423 name="u:object_r:device_config_runtime_native_prop:s0" dev="tmpfs" ino=15410 scontext=u:r:untrusted_app:s0:c136,c257,c512,c768 tcontext=u:object_r:device_config_runtime_native_prop:s0 tclass=file permissive=0
02-21 23:51:55.652 23423 23423 E x.disk:passpor: LoadAppImageStartupCache enabled : 1
02-21 23:51:55.650    47    47 W migration/6: type=1400 audit(0.0:1085872): avc: granted { setsched } for pid=47 scontext=u:r:kernel:s0 tcontext=u:r:kernel:s0 tclass=process
02-21 23:51:55.653 23423 23423 I x.disk:passpor: Reinit property: dalvik.vm.checkjni= false
02-21 23:51:55.653 23423 23423 I x.disk:passpor: ReInitProperties: persist.vm.debug.dumpapi= false
02-21 23:51:55.654 23355 23355 I DatabaseHelper: [main] process is ru.yandex.disk
02-21 23:51:55.654 23355 23355 I ru.yandex.disk: process is ru.yandex.disk
02-21 23:51:55.654 23423 23423 E x.disk:passpor: Not starting debugger since process cannot load the jdwp agent.
02-21 23:51:55.660 23355 23355 D HwCustConnectivityManagerImpl: isBlockNetworkRequestByNonAis, INVALID_SUBSCRIPTION_ID
02-21 23:51:55.660 23355 23355 I ConnectivityManager: requestNetwork and the calling app is: ru.yandex.disk
02-21 23:51:55.662    53    53 W migration/7: type=1400 audit(0.0:1085873): avc: granted { setsched } for pid=53 scontext=u:r:kernel:s0 tcontext=u:r:kernel:s0 tclass=process
02-21 23:51:55.662  1647  2093 I chatty  : uid=1000(system) ConnectivitySer expire 4 lines
02-21 23:51:55.663  1647  2171 I chatty  : uid=1000(system) EthernetService expire 3 lines
02-21 23:51:55.664  3028  3028 I chatty  : uid=1001(radio) com.android.phone expire 3 lines
02-21 23:51:55.665 23423 23423 D ActivityThread: Attach thread to application
02-21 23:51:55.666  1647  2069 I chatty  : uid=1000(system) Binder:1647_4 expire 6 lines
02-21 23:51:55.668  1647  2960 I chatty  : uid=1000(system) Binder:1647_10 expire 4 lines
02-21 23:51:55.679 23355 23355 I HwTypeface: updateFont: scale=1.0
02-21 23:51:55.679 23355 23445 I Pulse   : Application ru.yandex.disk:6.54.0 was registered with prefix MOBDISKAND.
02-21 23:51:55.679 23423 23442 I ActivityThread: Init compatible state: true
02-21 23:51:55.680 23423 23442 D HwFrameworkSecurityPartsFactory: HwFrameworkSecurityPartsFactory in.
02-21 23:51:55.680 23423 23442 I HwFrameworkSecurityPartsFactory: add HwFrameworkSecurityPartsFactory to memory.
02-21 23:51:55.680 23423 23442 E BehaviorCollectManager: Fail to acquire dataAnalyzerService...
02-21 23:51:55.682 23355 23355 D SystemFonts: areFontsVariable: script=Latn
02-21 23:51:55.683 23355 23355 I ActivityThread: finishPreloaded preloadStatus 0
02-21 23:51:55.684 23423 23423 D ApplicationLoaders: createClassLoader zip: /data/app/ru.yandex.disk-GuJVqKcf0dlpklX7zO19wQ==/base.apk:/data/app/ru.yandex.disk-GuJVqKcf0dlpklX7zO19wQ==/split_config.arm64_v8a.apk:/data/app/ru.yandex.disk-GuJVqKcf0dlpklX7zO19wQ==/split_config.xxhdpi.apk librarySearchPath: /data/app/ru.yandex.disk-GuJVqKcf0dlpklX7zO19wQ==/lib/arm64:/data/app/ru.yandex.disk-GuJVqKcf0dlpklX7zO19wQ==/base.apk!/lib/arm64-v8a:/data/app/ru.yandex.disk-GuJVqKcf0dlpklX7zO19wQ==/split_config.arm64_v8a.apk!/lib/arm64-v8a:/data/app/ru.yandex.disk-GuJVqKcf0dlpklX7zO19wQ==/split_config.xxhdpi.apk!/lib/arm64-v8a libraryPermittedPath: /data/user/0/ru.yandex.disk parent: java.lang.BootClassLoader@974954b targetSdkVersion: 35 isBundled: false classLoaderName: null sharedLibraries: null
02-21 23:51:55.711   662  1367 W /system/bin/netd: A binder object at 0x731a546500 is being transacted on, however, this object is in the same process as its proxy. Transacting with this binder is expensive compared to just calling the corresponding functionality in the same process.
02-21 23:51:55.712   662  1367 I PreDnsController: CanPreDnsQuery,persist.sys.predns is false!
02-21 23:51:55.713 23423 23423 W x.disk:passpor: JIT profile information will not be recorded: profile file does not exits.
02-21 23:51:55.713 23423 23423 W x.disk:passpor: JIT profile information will not be recorded: profile file does not exits.
02-21 23:51:55.719 23423 23442 I HwApiCacheMangerEx: apicache path=/storage/emulated/0 state=mounted key=ru.yandex.disk#10392#256
02-21 23:51:55.719 23423 23442 I HwApiCacheMangerEx: need clear apicache,because volumes changed,oldCnt=0 newCnt=1
02-21 23:51:55.719 23423 23442 I HwApiCacheMangerEx: apicache path=/storage/emulated/0 state=mounted key=ru.yandex.disk#10392#0
02-21 23:51:55.719 23423 23442 I HwApiCacheMangerEx: need clear apicache,because volumes changed,oldCnt=1 newCnt=1
02-21 23:51:55.722   760 11451 D AudioPolicyService: getUidState(10148) !cacheIter->second.first, return PROCESS_STATE_UNKNOWN
02-21 23:51:55.723 23423 23442 I HwPartIawareFactory: add android.common.HwPartIawareFactoryImpl to memory.
02-21 23:51:55.723 23423 23442 I AwareBitmapCacher: init processName:ru.yandex.disk:passport pid=23423 uid=10392
02-21 23:51:55.725  2629  2880 I PG_ash  : pkg android calling: ru.yandex.disk, pid: 23355 ,type: bindservice
02-21 23:51:55.725  2629  2799 I AppManager: dependence has been existed:1647 -> 23355
02-21 23:51:55.733  4088  4088 I HiAdKit.OpenDeviceIdentifierBindService.main:  onBind
02-21 23:51:55.738  4088 28988 I HiAdKit.SystemUtil.Binder:4088_F:  isDeviceProvisioned: true
02-21 23:51:55.739  4088 28988 I HiAdKit.HiAdTools.Binder:4088_F:  Target provider service's package name is : com.huawei.hwid
02-21 23:51:55.741  4088 23465 I HiAdKit.OpenDeviceIdentifierServiceImpl.Cal:  get oaid from: ru.yandex.disk
02-21 23:51:55.743  3674 20181 I fwkit_AbP: [fwkit AbsContentProvider.java:13] cp:com.huawei.hwid;query;content://com.huawei.hms.runtimekit.kitcontainerservice.KitProcessAgentCoreProvider/com.huawei.hwid.pps.oaid/oaid/query
02-21 23:51:55.743  3674 20181 I HiAdKit.DC.OaidDataProvider:  query code: 1
02-21 23:51:55.743  3674 20181 I HiAdKit.DC.OaidDataProvider:  call query from: ru.yandex.disk
02-21 23:51:55.746  3674 20181 I HiAdKit.DC.SystemUtil:  hasPermissions true
02-21 23:51:55.748  3674 20181 I HiAdKit.DC.SystemUtil:  hasPermissions true
02-21 23:51:55.749  4088 23463 W HiAdKit.ReflectAPI.Cal:  class not found for com.huawei.hms.support.log.KitLog
02-21 23:51:55.749  4088 23463 I HiAd.Cal:  
02-21 23:51:55.749  4088 23463 I HiAd.Cal: ============================================================================
02-21 23:51:55.749  4088 23463 I HiAd.Cal: ====== HiAd-3.4.83.300
02-21 23:51:55.749  4088 23463 I HiAd.Cal: ====== Brand: HUAWEI Model: ELE-L29 Release: 10 API: 29
02-21 23:51:55.749  4088 23463 I HiAd.Cal: ============================================================================
02-21 23:51:55.749  4088 22194 E FileLogNode: Failed to initialize the file logger.
02-21 23:51:55.751  4088 22880 I HiAdKit.OpenDeviceIdentifierServiceImpl.Binder:4088_9:  isOaidTrackLimited
02-21 23:51:55.751  4088 22880 I HiAdKit.SystemUtil.Binder:4088_9:  isDeviceProvisioned: true
02-21 23:51:55.753  4088 22880 I HiAdKit.HiAdTools.Binder:4088_9:  Target provider service's package name is : com.huawei.hwid
02-21 23:51:55.754  3674 20181 I fwkit_AbP: [fwkit AbsContentProvider.java:13] cp:com.huawei.hwid;query;content://com.huawei.hms.runtimekit.kitcontainerservice.KitProcessAgentCoreProvider/com.huawei.hwid.pps.oaid/oaid/query
02-21 23:51:55.754  3674 20181 I HiAdKit.DC.OaidDataProvider:  query code: 1
02-21 23:51:55.755  3674 20181 I HiAdKit.DC.OaidDataProvider:  call query from: ru.yandex.disk
02-21 23:51:55.755  3674 20181 I HiAdKit.DC.SystemUtil:  hasPermissions true
02-21 23:51:55.763  1647  1647 I chatty  : uid=1000 system_server expire 183 lines
02-21 23:51:55.764  1647  5870 I chatty  : uid=1000(system) Binder:1647_14 expire 7 lines
02-21 23:51:55.765  1647  5886 I chatty  : uid=1000(system) Binder:1647_1B expire 9 lines
02-21 23:51:55.768  1647  1837 I chatty  : uid=1000(system) PowerManagerSer expire 11 lines
