02-21 23:45:48.057  3028  3028 D Mapcon  : TelephonyTracker: [onSignalStrengthsChanged]phoneId=1, level=5
02-21 23:45:48.058  3028  3978 D Mapcon  : VoiceManager-5-VoWifiQoeStartUpState: [a]MsgIdEnum=MAPCON_MESSAGE_TM_CMD_SIGNAL_STRENGTH_CHANED_IND
02-21 23:45:48.058  3028  3978 D Mapcon  : VoiceManager-5-DefaultState: [a]MsgIdEnum=MAPCON_MESSAGE_TM_CMD_SIGNAL_STRENGTH_CHANED_IND
02-21 23:45:48.058  3028  3978 D Mapcon  : VoiceManager-5-DefaultState: [a]MsgIdEnum=MAPCON_MESSAGE_TM_CMD_SIGNAL_STRENGTH_CHANED_IND
02-21 23:45:48.064  2570  2760 I PreDnsQuery: setPreDnsCurrentProp is: false
02-21 23:45:48.175  2570  2760 D NpdcpAliveManager: ro.odm.npdcp_alive_cfg_enable is false
02-21 23:45:48.496  3028  3563 D Mapcon  : ImsaMapconData: [a]Imsa2MapconMsgIdEnum=ID_IMSA_WIFI_IMS_PDN_ACTIVATE_REQ_V1
02-21 23:45:48.497  3028  3563 D Mapcon  : TelephonyTracker: [a]Imsa2MapconMsgIdEnum=ID_IMSA_WIFI_IMS_PDN_ACTIVATE_REQ_V1
02-21 23:45:48.498  3028  3978 D Mapcon  : VoiceManager-5-VoWifiQoeStartUpState: [a]MsgIdEnum=MPACON_MESSAGE_TM_CMD_IMS_PDN_ACTIVATE_REQ
02-21 23:45:48.498  3028  3978 D Mapcon  : MapconUtils: [a]AirPlaneMode0, isRoaming false
02-21 23:45:48.499  3028  3978 D Mapcon  : MapconUtils: [a]isRoaming is true from tm
02-21 23:45:48.501  3028  3978 D Mapcon  : MapconPdnActiveReqList: [d]current size:0
02-21 23:45:48.501  3028  3978 D Mapcon  : VoiceManager-5-HifiAgentGetStatus: [start]start
02-21 23:45:48.502  3028  3978 D Mapcon  : VoiceManager-5-VoWifiQoeStartUpState: [ab]serviceType:SERVICE_NORMAL
02-21 23:45:48.502  3028  3028 D Mapcon  : HifiAgentTracker: [a]MsgIdEnum=MAPCON_MESSAGE_HM_CMD_HIFIAGNET_STATUS_REQ
02-21 23:45:48.510  3028  3978 D Mapcon  : VoiceManager-5-VoWifiQoeStartUpState: [a]MsgIdEnum=MAPCON_MESSAGE_HM_CMD_HIFIAGNET_STATUS_CNF
02-21 23:45:48.510  3028  3978 D Mapcon  : VoiceManager-5-PDNActiveState: [enter]enter PDNActiveState
02-21 23:45:48.511  3028  3978 D Mapcon  : MapconUtils: [a]AirPlaneMode0, isRoaming false
02-21 23:45:48.511  3028  3978 D Mapcon  : MapconUtils: [a]isRoaming is true from tm
02-21 23:45:48.516  3028  3978 D Mapcon  : VoiceManager-5-PdnConnectingState: [enter]enter PDNConnectingState
02-21 23:45:48.521  3028  3978 D Mapcon  : EpdgManager: [a]ipType:IPV6
02-21 23:45:48.521  3028  3978 D Mapcon  : EpdgConfig-1: [b]mEpdgAddressList.size:2
02-21 23:45:48.521  3028  3978 D Mapcon  : EpdgConfig-1: [n]NO IPV6 address use IPV4 address
02-21 23:45:48.521  3028  3978 D Mapcon  : EpdgConfig-1: [b]mEpdgAddressList.size:2
02-21 23:45:48.521  3028  3978 D Mapcon  : EpdgManager: [a]updateEpdgAddress emcAddrChangeStgy:0 addrChangeStgy:255
02-21 23:45:48.521  3028  3978 D Mapcon  : VoiceManager-5-EpdgSetup: [a]EpdgSetup start isEmcCall:false
02-21 23:45:48.522  3028  3957 D Mapcon  : EpdgManager: [a]MsgIdEnum=MAPCON_MESSAGE_ME_EPDG_PDN_SETUP_REQ
02-21 23:45:48.525  3028  3957 D Mapcon  : EpdgManager: [yg]only get sv from ril, construct imeisv, length=16
02-21 23:45:48.525  3028  3957 I Mapcon  : MapconUtils: [ba]FIRMWARE_KA_WIFI_CHIPTYPE_1103 support Firmware KA feature!!!!!!!!!!
02-21 23:45:48.525  3028  3957 D Mapcon  : EpdgManager: [e]Need try firmware Ka
02-21 23:45:48.573  3028  3028 W SettingsEx: SettingsEx.Systemex.getString deprecated use Settings.System.getString instead, callers = com.android.internal.telephony.gsm.HwCustGsmServiceStateManagerImpl.isMccForShowNetname:222 com.android.internal.telephony.gsm.HwCustGsmServiceStateManagerImpl.isShowNetnameByMcc:213 com.android.internal.telephony.gsm.HwCustGsmServiceStateManagerImpl.setOnsDisplayCustomization:164 
02-21 23:45:48.644  3028  3028 D Mapcon  : EpdgManager: [A]need not wait wifi init
02-21 23:45:48.644  3028  3957 D Mapcon  : EpdgFinding-1: [handleMessage]MSG_START_FIND
02-21 23:45:48.644  3028  3957 D Mapcon  : WifiLinkTracker: [isWifiConnected]connect=true
02-21 23:45:48.645  3028  3978 D Mapcon  : VoiceManager-5-PdnConnectingState: [a]MsgIdEnum=MPACON_MESSAGE_TM_CMD_SERVICESTATE_CHANGE_IND
02-21 23:45:48.646  3028  3957 D Mapcon  : MapconUtils: [a]AirPlaneMode0, isRoaming false
02-21 23:45:48.646  3028  3978 D Mapcon  : VoiceManager-5-PdnConnectingState: [a]MsgIdEnum=MPACON_MESSAGE_TM_CMD_SERVICESTATE_CHANGE_IND
02-21 23:45:48.646  3028  3978 D Mapcon  : VoiceManager-5-PDNActiveState: [a]MsgIdEnum=MPACON_MESSAGE_TM_CMD_SERVICESTATE_CHANGE_IND
02-21 23:45:48.647  3028  3978 D Mapcon  : VoiceManager-5-PDNActiveState: [a]MsgIdEnum=MPACON_MESSAGE_TM_CMD_SERVICESTATE_CHANGE_IND
02-21 23:45:48.647  3028  3978 D Mapcon  : MapconUtils: [a]AirPlaneMode0, isRoaming false
02-21 23:45:48.647  3028  3978 D Mapcon  : MapconUtils: [a]isRoaming is true from tm
02-21 23:45:48.648  3028  3957 D Mapcon  : MapconUtils: [a]isRoaming is true from tm
02-21 23:45:48.649  3028  3957 D Mapcon  : EpdgFinding-1: [C]vPlmn=26806
02-21 23:45:48.660  2570 27506 I BandStatsChr: BandStatsChr slotId 1
02-21 23:45:48.660  2570 27506 D BandStatsChr: slotId: 1, lteBandIndex: 1, nrBandIndex: -1
02-21 23:45:48.662  2570  2760 I PositionFenceSignalCollect: cell Info change.
02-21 23:45:49.200  2570  2760 D NpdcpAliveManager: ro.odm.npdcp_alive_cfg_enable is false
02-21 23:45:49.671  3028  3028 W SettingsEx: SettingsEx.Systemex.getString deprecated use Settings.System.getString instead, callers = com.android.internal.telephony.gsm.HwCustGsmServiceStateManagerImpl.isMccForShowNetname:222 com.android.internal.telephony.gsm.HwCustGsmServiceStateManagerImpl.isShowNetnameByMcc:213 com.android.internal.telephony.gsm.HwCustGsmServiceStateManagerImpl.setOnsDisplayCustomization:164 
02-21 23:45:49.719  3028  3028 D Mapcon  : EpdgManager: [A]need not wait wifi init
02-21 23:45:49.719  3028  3957 D Mapcon  : EpdgFinding-1: [handleMessage]MSG_START_FIND
02-21 23:45:49.719  3028  3978 D Mapcon  : VoiceManager-5-PdnConnectingState: [a]MsgIdEnum=MPACON_MESSAGE_TM_CMD_SERVICESTATE_CHANGE_IND
02-21 23:45:49.719  3028  3957 D Mapcon  : WifiLinkTracker: [isWifiConnected]connect=true
02-21 23:45:49.719  3028  3978 D Mapcon  : VoiceManager-5-PdnConnectingState: [a]MsgIdEnum=MPACON_MESSAGE_TM_CMD_SERVICESTATE_CHANGE_IND
02-21 23:45:49.719  3028  3978 D Mapcon  : VoiceManager-5-PDNActiveState: [a]MsgIdEnum=MPACON_MESSAGE_TM_CMD_SERVICESTATE_CHANGE_IND
02-21 23:45:49.719  3028  3978 D Mapcon  : VoiceManager-5-PDNActiveState: [a]MsgIdEnum=MPACON_MESSAGE_TM_CMD_SERVICESTATE_CHANGE_IND
02-21 23:45:49.719  3028  3978 D Mapcon  : MapconUtils: [a]AirPlaneMode0, isRoaming false
02-21 23:45:49.720  3028  3957 D Mapcon  : MapconUtils: [a]AirPlaneMode0, isRoaming false
02-21 23:45:49.720  3028  3978 D Mapcon  : MapconUtils: [a]isRoaming is true from tm
02-21 23:45:49.721  3028  3957 D Mapcon  : MapconUtils: [a]isRoaming is true from tm
02-21 23:45:49.721  3028  3957 D Mapcon  : EpdgFinding-1: [C]vPlmn=26806
02-21 23:45:50.224  2570  2760 D NpdcpAliveManager: ro.odm.npdcp_alive_cfg_enable is false
02-21 23:45:51.092  1647  2967 I chatty  : uid=1000(system) Binder:1647_11 expire 10 lines
02-21 23:45:51.248  2570  2760 D NpdcpAliveManager: ro.odm.npdcp_alive_cfg_enable is false
02-21 23:45:51.994  3028  3369 D Mapcon  : EpdgIkedClient: [a]Iked2MapconMsgIdEnum=CMDID_IPSEC_TUNNEL_ESTABLISH_CNF
02-21 23:45:51.995  3028  3369 D Mapcon  : EpdgPdnSetUpCnf: [a]MapconPdnActCause=IKED_BUILD_NETWORK_FAILURE
02-21 23:45:51.995  3028  3369 D Mapcon  : EpdgPdnSetUpCnf: [a]MapconPdnActCause=IKED_BUILD_NETWORK_FAILURE
02-21 23:45:51.995  3028  3978 D Mapcon  : VoiceManager-5-PdnConnectingState: [a]MsgIdEnum=MAPCON_MESSAGE_ME_EPDG_PDN_SETUP_CNF
02-21 23:45:51.995  3028  3369 D Mapcon  : EpdgIkedClient: [a]Iked2MapconMsgIdEnum=CMDID_VOWIFI_CHR_ERROR_REPORT_CNF
02-21 23:45:51.995  3028  3978 D Mapcon  : VoiceManager-5-PdnConnectingState: [_a]:result:IKED_BUILD_NETWORK_FAILURE
02-21 23:45:51.995  3028  3369 D Mapcon  : IkedChrData: [<init>]construct IkedChrData begin
02-21 23:45:51.995  3028  3978 D Mapcon  : MapconConfigImpl-1: [k][key]=vowifiNwRejAddrChangeStgyListItem, [value]=null
02-21 23:45:51.996  3028  3978 D Mapcon  : VoiceManager-5-EpdgChangeStrategy: [U]string is null
02-21 23:45:51.996  3028  3955 D Mapcon  : MapconChrImpl-1: [a]MsgIdEnum=MAPCON_MESSAGE_CHR_UPDATE_IKED_DATA
02-21 23:45:51.996  3028  3978 D Mapcon  : VoiceManager-5-EpdgChangeStrategy: [a]reason is zero or list is null
02-21 23:45:51.996  3028  3978 D Mapcon  : MapconConfigImpl-1: [k][key]=vowifiInnRejAddrChangeStgyListItem, [value]=null
02-21 23:45:51.996  3028  3978 D Mapcon  : VoiceManager-5-EpdgChangeStrategy: [U]string is null
02-21 23:45:51.996  3028  3978 D Mapcon  : VoiceManager-5-EpdgChangeStrategy: [a]reason is zero or list is null
02-21 23:45:51.996  3028  3978 D Mapcon  : VoiceManager-5-EpdgChangeStrategy: [e]innRejCode value:MAPCON_PDN_ACTIVE_NETWORK_FAILURE
02-21 23:45:51.997  3028  3957 D Mapcon  : EpdgManager: [a]MsgIdEnum=MAPCON_MESSAGE_ME_EPDG_TUNNEL_RESULT
02-21 23:45:51.997  3028  3957 D Mapcon  : EpdgManager: [a]MsgIdEnum=MAPCON_MESSAGE_ME_EPDG_TUNNEL_RESULT
02-21 23:45:51.997  3028  3978 D Mapcon  : VoiceManager-5-EpdgChangeStrategy: [e]EPDG_ADDR_CYCLE_CHANGE
02-21 23:45:51.997  3028  3978 D Mapcon  : EpdgManager: [i]Change always(addrChangeStgy), phoneId=1
02-21 23:45:51.998  1647  2065 I chatty  : uid=1000(system) Binder:1647_3 expire 14 lines
02-21 23:45:52.001  3028  3978 D Mapcon  : VoiceManager-5-PdnActiveCnf: [a]PdnActiveCnf start, mapconErrorCode=MAPCON_PDN_ACTIVE_NETWORK_FAILURE, serviceType=SERVICE_NORMAL, networkError=10500, opid=0
02-21 23:45:52.002  3028  3978 D Mapcon  : ImsaMapconData: [a]Mpacon2ImsaMsgIdEnum=ID_WIFI_IMSA_IMS_PDN_ACTIVATE_CNF
02-21 23:45:52.007  1647  1837 I chatty  : uid=1000(system) PowerManagerSer expire 10 lines
02-21 23:45:52.009  3028  3978 D Mapcon  : MapconPdnActiveReqList: [remove]serviceType:SERVICE_NORMAL current size:1
02-21 23:45:52.009  3028  3978 D Mapcon  : VoiceManager-5-PDNActiveState: [exit]exit PDNActiveState
02-21 23:45:52.009  3028  3978 D Mapcon  : VoiceManager-5-ReadyState: [enter]enter ReadyState
02-21 23:45:52.009  3028  3978 D Mapcon  : VoiceManager-5-VoWifiQoeStartUpState: [enter]enter VoWifiQoeStartUpState,PdnActiveReqList,size:0
02-21 23:45:52.009  3028  3978 I Mapcon  : MapconUtils: [ba]FIRMWARE_KA_WIFI_CHIPTYPE_1103 support Firmware KA feature!!!!!!!!!!
02-21 23:45:52.010  3028  3978 D Mapcon  : WifiAdapter: [L]stopPacketKeepalive keepAliveId2
02-21 23:45:52.014  3028  3978 D Mapcon  : WifiLinkTracker: [isWifiConnected]connect=true
02-21 23:45:52.015  3028  3978 E Mapcon  : VoiceManager-5-VoWifiQoeStartUpState: [enter]VoWifiQoeStartUpState.enter,other wrong reqList.size!!!!!!!!!!
02-21 23:45:52.272  2570  2760 D NpdcpAliveManager: ro.odm.npdcp_alive_cfg_enable is false
02-21 23:45:53.296  2570  2760 D NpdcpAliveManager: ro.odm.npdcp_alive_cfg_enable is false
02-21 23:45:54.058  3028  3028 D Mapcon  : TelephonyTracker: [onSignalStrengthsChanged]phoneId=1, level=5
02-21 23:45:54.059  3028  3978 D Mapcon  : VoiceManager-5-VoWifiQoeStartUpState: [a]MsgIdEnum=MAPCON_MESSAGE_TM_CMD_SIGNAL_STRENGTH_CHANED_IND
02-21 23:45:54.059  3028  3978 D Mapcon  : VoiceManager-5-DefaultState: [a]MsgIdEnum=MAPCON_MESSAGE_TM_CMD_SIGNAL_STRENGTH_CHANED_IND
02-21 23:45:54.059  3028  3978 D Mapcon  : VoiceManager-5-DefaultState: [a]MsgIdEnum=MAPCON_MESSAGE_TM_CMD_SIGNAL_STRENGTH_CHANED_IND
02-21 23:45:54.320  2570  2760 D NpdcpAliveManager: ro.odm.npdcp_alive_cfg_enable is false
02-21 23:45:55.344  2570  2760 I chatty  : uid=1000(system) OllieAwareThrea identical 15 lines
02-21 23:45:56.368  2570  2760 D NpdcpAliveManager: ro.odm.npdcp_alive_cfg_enable is false
02-21 23:45:57.392  2570  2760 D NpdcpAliveManager: ro.odm.npdcp_alive_cfg_enable is false
02-21 23:45:57.563  1647  1993 I chatty  : uid=1000(system) UEventObserver expire 12 lines
02-21 23:45:58.418  2570  2760 D NpdcpAliveManager: ro.odm.npdcp_alive_cfg_enable is false
02-21 23:45:59.440  2570  2760 D NpdcpAliveManager: ro.odm.npdcp_alive_cfg_enable is false
02-21 23:46:00.061  3028  3028 D Mapcon  : TelephonyTracker: [onSignalStrengthsChanged]phoneId=1, level=5
02-21 23:46:00.061  3028  3978 D Mapcon  : VoiceManager-5-VoWifiQoeStartUpState: [a]MsgIdEnum=MAPCON_MESSAGE_TM_CMD_SIGNAL_STRENGTH_CHANED_IND
02-21 23:46:00.061  3028  3978 D Mapcon  : VoiceManager-5-DefaultState: [a]MsgIdEnum=MAPCON_MESSAGE_TM_CMD_SIGNAL_STRENGTH_CHANED_IND
02-21 23:46:00.062  3028  3978 D Mapcon  : VoiceManager-5-DefaultState: [a]MsgIdEnum=MAPCON_MESSAGE_TM_CMD_SIGNAL_STRENGTH_CHANED_IND
02-21 23:46:00.464  2570  2760 D NpdcpAliveManager: ro.odm.npdcp_alive_cfg_enable is false
02-21 23:46:01.488  2570  2760 D NpdcpAliveManager: ro.odm.npdcp_alive_cfg_enable is false
02-21 23:46:03.535  2570  2760 D NpdcpAliveManager: ro.odm.npdcp_alive_cfg_enable is false
02-21 23:46:04.402  1647 10748 I chatty  : uid=1000(system) MobileQosDetect expire 18 lines
02-21 23:46:04.560  2570  2760 D NpdcpAliveManager: ro.odm.npdcp_alive_cfg_enable is false
02-21 23:46:05.586  2570  2760 D NpdcpAliveManager: ro.odm.npdcp_alive_cfg_enable is false
02-21 23:46:06.061  3028  3028 D Mapcon  : TelephonyTracker: [onSignalStrengthsChanged]phoneId=1, level=5
02-21 23:46:06.062  3028  3978 D Mapcon  : VoiceManager-5-VoWifiQoeStartUpState: [a]MsgIdEnum=MAPCON_MESSAGE_TM_CMD_SIGNAL_STRENGTH_CHANED_IND
02-21 23:46:06.062  3028  3978 D Mapcon  : VoiceManager-5-DefaultState: [a]MsgIdEnum=MAPCON_MESSAGE_TM_CMD_SIGNAL_STRENGTH_CHANED_IND
02-21 23:46:06.063  3028  3978 D Mapcon  : VoiceManager-5-DefaultState: [a]MsgIdEnum=MAPCON_MESSAGE_TM_CMD_SIGNAL_STRENGTH_CHANED_IND
02-21 23:46:06.608  2570  2760 D NpdcpAliveManager: ro.odm.npdcp_alive_cfg_enable is false
02-21 23:46:07.632  2570  2760 D NpdcpAliveManager: ro.odm.npdcp_alive_cfg_enable is false
02-21 23:46:07.886  3028  3028 D Mapcon  : TelephonyTracker: [onSignalStrengthsChanged]phoneId=1, level=5
02-21 23:46:07.887  3028  3978 D Mapcon  : VoiceManager-5-VoWifiQoeStartUpState: [a]MsgIdEnum=MAPCON_MESSAGE_TM_CMD_SIGNAL_STRENGTH_CHANED_IND
02-21 23:46:07.887  3028  3978 D Mapcon  : VoiceManager-5-DefaultState: [a]MsgIdEnum=MAPCON_MESSAGE_TM_CMD_SIGNAL_STRENGTH_CHANED_IND
02-21 23:46:07.887  3028  3978 D Mapcon  : VoiceManager-5-DefaultState: [a]MsgIdEnum=MAPCON_MESSAGE_TM_CMD_SIGNAL_STRENGTH_CHANED_IND
02-21 23:46:08.656  2570  2760 D NpdcpAliveManager: ro.odm.npdcp_alive_cfg_enable is false
02-21 23:46:09.168  3028  3028 D Mapcon  : TelephonyTracker: [onSignalStrengthsChanged]phoneId=1, level=5
02-21 23:46:09.169  3028  3978 D Mapcon  : VoiceManager-5-VoWifiQoeStartUpState: [a]MsgIdEnum=MAPCON_MESSAGE_TM_CMD_SIGNAL_STRENGTH_CHANED_IND
02-21 23:46:09.169  3028  3978 D Mapcon  : VoiceManager-5-DefaultState: [a]MsgIdEnum=MAPCON_MESSAGE_TM_CMD_SIGNAL_STRENGTH_CHANED_IND
02-21 23:46:09.169  3028  3978 D Mapcon  : VoiceManager-5-DefaultState: [a]MsgIdEnum=MAPCON_MESSAGE_TM_CMD_SIGNAL_STRENGTH_CHANED_IND
02-21 23:46:09.680  2570  2760 D NpdcpAliveManager: ro.odm.npdcp_alive_cfg_enable is false
02-21 23:46:10.704  2570  2760 D NpdcpAliveManager: ro.odm.npdcp_alive_cfg_enable is false
02-21 23:46:11.728  2570  2760 D NpdcpAliveManager: ro.odm.npdcp_alive_cfg_enable is false
02-21 23:46:12.752  2570  2760 D NpdcpAliveManager: ro.odm.npdcp_alive_cfg_enable is false
02-21 23:46:13.007  3028  3028 D Mapcon  : TelephonyTracker: [onSignalStrengthsChanged]phoneId=1, level=5
02-21 23:46:13.009  3028  3978 D Mapcon  : VoiceManager-5-VoWifiQoeStartUpState: [a]MsgIdEnum=MAPCON_MESSAGE_TM_CMD_SIGNAL_STRENGTH_CHANED_IND
02-21 23:46:13.009  3028  3978 D Mapcon  : VoiceManager-5-DefaultState: [a]MsgIdEnum=MAPCON_MESSAGE_TM_CMD_SIGNAL_STRENGTH_CHANED_IND
02-21 23:46:13.009  3028  3978 D Mapcon  : VoiceManager-5-DefaultState: [a]MsgIdEnum=MAPCON_MESSAGE_TM_CMD_SIGNAL_STRENGTH_CHANED_IND
02-21 23:46:13.020  2570  2760 I PreDnsQuery: setPreDnsCurrentProp is: true
02-21 23:46:13.777  2570  2760 D NpdcpAliveManager: ro.odm.npdcp_alive_cfg_enable is false
02-21 23:46:14.801  2570  2760 D NpdcpAliveManager: ro.odm.npdcp_alive_cfg_enable is false
02-21 23:46:15.497  1647  2967 I chatty  : uid=1000(system) Binder:1647_11 expire 13 lines
02-21 23:46:15.562  3028  3028 D Mapcon  : TelephonyTracker: [onSignalStrengthsChanged]phoneId=1, level=5
02-21 23:46:15.563  3028  3978 D Mapcon  : VoiceManager-5-VoWifiQoeStartUpState: [a]MsgIdEnum=MAPCON_MESSAGE_TM_CMD_SIGNAL_STRENGTH_CHANED_IND
02-21 23:46:15.564  3028  3978 D Mapcon  : VoiceManager-5-DefaultState: [a]MsgIdEnum=MAPCON_MESSAGE_TM_CMD_SIGNAL_STRENGTH_CHANED_IND
02-21 23:46:15.564  3028  3978 D Mapcon  : VoiceManager-5-DefaultState: [a]MsgIdEnum=MAPCON_MESSAGE_TM_CMD_SIGNAL_STRENGTH_CHANED_IND
02-21 23:46:15.572  2570  2760 I PreDnsQuery: setPreDnsCurrentProp is: false
02-21 23:46:15.827  2570  2760 D NpdcpAliveManager: ro.odm.npdcp_alive_cfg_enable is false
02-21 23:46:16.848  2570  2760 D NpdcpAliveManager: ro.odm.npdcp_alive_cfg_enable is false
02-21 23:46:19.921  2570  2760 D NpdcpAliveManager: ro.odm.npdcp_alive_cfg_enable is false
02-21 23:46:20.944  2570  2760 D NpdcpAliveManager: ro.odm.npdcp_alive_cfg_enable is false
02-21 23:46:21.563  1647  1837 I chatty  : uid=1000(system) PowerManagerSer expire 20 lines
02-21 23:46:21.970  2570  2760 D NpdcpAliveManager: ro.odm.npdcp_alive_cfg_enable is false
02-21 23:46:24.015  2570  2760 D NpdcpAliveManager: ro.odm.npdcp_alive_cfg_enable is false
02-21 23:46:25.040  2570  2760 D NpdcpAliveManager: ro.odm.npdcp_alive_cfg_enable is false
02-21 23:46:26.035  1032  1164 I storaged: storaged_t::event: storage_info refreshed.
02-21 23:46:26.064  2570  2760 D NpdcpAliveManager: ro.odm.npdcp_alive_cfg_enable is false
02-21 23:46:28.115  2570  2760 D NpdcpAliveManager: ro.odm.npdcp_alive_cfg_enable is false
02-21 23:46:29.136  2570  2760 D NpdcpAliveManager: ro.odm.npdcp_alive_cfg_enable is false
02-21 23:46:30.161  2570  2760 D NpdcpAliveManager: ro.odm.npdcp_alive_cfg_enable is false
02-21 23:46:30.717  1647  2015 I chatty  : uid=1000(system) AlarmManager expire 10 lines
02-21 23:46:31.184  2570  2760 D NpdcpAliveManager: ro.odm.npdcp_alive_cfg_enable is false
02-21 23:46:32.208  2570  2760 D NpdcpAliveManager: ro.odm.npdcp_alive_cfg_enable is false
02-21 23:46:32.849  3028  3028 D Mapcon  : TelephonyTracker: [onSignalStrengthsChanged]phoneId=1, level=5
02-21 23:46:32.850  3028  3978 D Mapcon  : VoiceManager-5-VoWifiQoeStartUpState: [a]MsgIdEnum=MAPCON_MESSAGE_TM_CMD_SIGNAL_STRENGTH_CHANED_IND
02-21 23:46:32.850  3028  3978 D Mapcon  : VoiceManager-5-DefaultState: [a]MsgIdEnum=MAPCON_MESSAGE_TM_CMD_SIGNAL_STRENGTH_CHANED_IND
02-21 23:46:32.850  3028  3978 D Mapcon  : VoiceManager-5-DefaultState: [a]MsgIdEnum=MAPCON_MESSAGE_TM_CMD_SIGNAL_STRENGTH_CHANED_IND
02-21 23:46:33.232  2570  2760 D NpdcpAliveManager: ro.odm.npdcp_alive_cfg_enable is false
02-21 23:46:34.093 23031 23031 I ViewRootImpl: dispatchDetachedFromWindow in doDie
02-21 23:46:34.127  1647  5885 I chatty  : uid=1000(system) Binder:1647_1A expire 2 lines
02-21 23:46:34.127  1647  5882 I chatty  : uid=1000(system) Binder:1647_18 expire 10 lines
02-21 23:46:34.258  2570  2760 D NpdcpAliveManager: ro.odm.npdcp_alive_cfg_enable is false
02-21 23:46:34.290  1647  1647 I chatty  : uid=1000 system_server expire 133 lines
02-21 23:46:34.331  1647  5870 I chatty  : uid=1000(system) Binder:1647_14 expire 15 lines
02-21 23:46:35.280  2570  2760 D NpdcpAliveManager: ro.odm.npdcp_alive_cfg_enable is false
02-21 23:46:36.047  3028  3028 D Mapcon  : TelephonyTracker: [onSignalStrengthsChanged]phoneId=1, level=5
02-21 23:46:36.047  3028  3978 D Mapcon  : VoiceManager-5-VoWifiQoeStartUpState: [a]MsgIdEnum=MAPCON_MESSAGE_TM_CMD_SIGNAL_STRENGTH_CHANED_IND
02-21 23:46:36.048  3028  3978 D Mapcon  : VoiceManager-5-DefaultState: [a]MsgIdEnum=MAPCON_MESSAGE_TM_CMD_SIGNAL_STRENGTH_CHANED_IND
02-21 23:46:36.048  3028  3978 D Mapcon  : VoiceManager-5-DefaultState: [a]MsgIdEnum=MAPCON_MESSAGE_TM_CMD_SIGNAL_STRENGTH_CHANED_IND
02-21 23:46:36.304  2570  2760 D NpdcpAliveManager: ro.odm.npdcp_alive_cfg_enable is false
02-21 23:46:37.330  3028  3028 D Mapcon  : TelephonyTracker: [onSignalStrengthsChanged]phoneId=1, level=5
02-21 23:46:37.331  3028  3978 D Mapcon  : VoiceManager-5-VoWifiQoeStartUpState: [a]MsgIdEnum=MAPCON_MESSAGE_TM_CMD_SIGNAL_STRENGTH_CHANED_IND
02-21 23:46:37.331  3028  3978 D Mapcon  : VoiceManager-5-DefaultState: [a]MsgIdEnum=MAPCON_MESSAGE_TM_CMD_SIGNAL_STRENGTH_CHANED_IND
02-21 23:46:37.331  3028  3978 D Mapcon  : VoiceManager-5-DefaultState: [a]MsgIdEnum=MAPCON_MESSAGE_TM_CMD_SIGNAL_STRENGTH_CHANED_IND
02-21 23:46:37.331  2570  2760 D NpdcpAliveManager: ro.odm.npdcp_alive_cfg_enable is false
02-21 23:46:37.968  3028  3028 D Mapcon  : TelephonyTracker: [onSignalStrengthsChanged]phoneId=1, level=5
02-21 23:46:37.969  3028  3978 D Mapcon  : VoiceManager-5-VoWifiQoeStartUpState: [a]MsgIdEnum=MAPCON_MESSAGE_TM_CMD_SIGNAL_STRENGTH_CHANED_IND
02-21 23:46:37.969  3028  3978 D Mapcon  : VoiceManager-5-DefaultState: [a]MsgIdEnum=MAPCON_MESSAGE_TM_CMD_SIGNAL_STRENGTH_CHANED_IND
02-21 23:46:37.969  3028  3978 D Mapcon  : VoiceManager-5-DefaultState: [a]MsgIdEnum=MAPCON_MESSAGE_TM_CMD_SIGNAL_STRENGTH_CHANED_IND
02-21 23:46:38.351  2570  2760 D NpdcpAliveManager: ro.odm.npdcp_alive_cfg_enable is false
02-21 23:46:40.400  2570  2760 D NpdcpAliveManager: ro.odm.npdcp_alive_cfg_enable is false
02-21 23:46:40.528  3028  3028 D Mapcon  : TelephonyTracker: [onSignalStrengthsChanged]phoneId=1, level=5
02-21 23:46:40.529  3028  3978 D Mapcon  : VoiceManager-5-VoWifiQoeStartUpState: [a]MsgIdEnum=MAPCON_MESSAGE_TM_CMD_SIGNAL_STRENGTH_CHANED_IND
02-21 23:46:40.529  3028  3978 D Mapcon  : VoiceManager-5-DefaultState: [a]MsgIdEnum=MAPCON_MESSAGE_TM_CMD_SIGNAL_STRENGTH_CHANED_IND
02-21 23:46:40.529  3028  3978 D Mapcon  : VoiceManager-5-DefaultState: [a]MsgIdEnum=MAPCON_MESSAGE_TM_CMD_SIGNAL_STRENGTH_CHANED_IND
02-21 23:46:41.426  2570  2760 D NpdcpAliveManager: ro.odm.npdcp_alive_cfg_enable is false
02-21 23:46:42.447  3028  3028 D Mapcon  : TelephonyTracker: [onSignalStrengthsChanged]phoneId=1, level=5
02-21 23:46:42.447  3028  3978 D Mapcon  : VoiceManager-5-VoWifiQoeStartUpState: [a]MsgIdEnum=MAPCON_MESSAGE_TM_CMD_SIGNAL_STRENGTH_CHANED_IND
02-21 23:46:42.448  3028  3978 D Mapcon  : VoiceManager-5-DefaultState: [a]MsgIdEnum=MAPCON_MESSAGE_TM_CMD_SIGNAL_STRENGTH_CHANED_IND
02-21 23:46:42.448  3028  3978 D Mapcon  : VoiceManager-5-DefaultState: [a]MsgIdEnum=MAPCON_MESSAGE_TM_CMD_SIGNAL_STRENGTH_CHANED_IND
02-21 23:46:42.451  2570  2760 D NpdcpAliveManager: ro.odm.npdcp_alive_cfg_enable is false
02-21 23:46:43.472  2570  2760 D NpdcpAliveManager: ro.odm.npdcp_alive_cfg_enable is false
02-21 23:46:44.496  2570  2760 D NpdcpAliveManager: ro.odm.npdcp_alive_cfg_enable is false
02-21 23:46:49.616  2570  2760 D NpdcpAliveManager: ro.odm.npdcp_alive_cfg_enable is false
02-21 23:46:50.523  1647  1823 I chatty  : uid=1000(system) ActivityManager expire 10 lines
02-21 23:46:50.544  1647  2967 I chatty  : uid=1000(system) Binder:1647_11 expire 10 lines
02-21 23:46:50.549  1647  5888 I chatty  : uid=1000(system) Binder:1647_1D expire 10 lines
02-21 23:46:50.641  2570  2760 D NpdcpAliveManager: ro.odm.npdcp_alive_cfg_enable is false
02-21 23:46:51.666  2570  2760 D NpdcpAliveManager: ro.odm.npdcp_alive_cfg_enable is false
02-21 23:46:52.688  2570  2760 D NpdcpAliveManager: ro.odm.npdcp_alive_cfg_enable is false
02-21 23:46:53.712  2570  2760 D NpdcpAliveManager: ro.odm.npdcp_alive_cfg_enable is false
02-21 23:46:53.971  3028  3028 D Mapcon  : TelephonyTracker: [onSignalStrengthsChanged]phoneId=1, level=5
02-21 23:46:53.972  3028  3978 D Mapcon  : VoiceManager-5-VoWifiQoeStartUpState: [a]MsgIdEnum=MAPCON_MESSAGE_TM_CMD_SIGNAL_STRENGTH_CHANED_IND
02-21 23:46:53.972  3028  3978 D Mapcon  : VoiceManager-5-DefaultState: [a]MsgIdEnum=MAPCON_MESSAGE_TM_CMD_SIGNAL_STRENGTH_CHANED_IND
02-21 23:46:53.972  3028  3978 D Mapcon  : VoiceManager-5-DefaultState: [a]MsgIdEnum=MAPCON_MESSAGE_TM_CMD_SIGNAL_STRENGTH_CHANED_IND
02-21 23:46:53.982  2570  2760 I PreDnsQuery: setPreDnsCurrentProp is: true
02-21 23:46:54.737  2570  2760 D NpdcpAliveManager: ro.odm.npdcp_alive_cfg_enable is false
02-21 23:46:55.760  2570  2760 D NpdcpAliveManager: ro.odm.npdcp_alive_cfg_enable is false
02-21 23:46:56.299  1647  1837 I chatty  : uid=1000(system) PowerManagerSer expire 11 lines
02-21 23:46:56.784  2570  2760 D NpdcpAliveManager: ro.odm.npdcp_alive_cfg_enable is false
02-21 23:46:58.834  2570  2760 D NpdcpAliveManager: ro.odm.npdcp_alive_cfg_enable is false
02-21 23:46:59.072  1647  1993 I chatty  : uid=1000(system) UEventObserver expire 13 lines
02-21 23:46:59.856  2570  2760 D NpdcpAliveManager: ro.odm.npdcp_alive_cfg_enable is false
02-21 23:47:00.882  2570  2760 D NpdcpAliveManager: ro.odm.npdcp_alive_cfg_enable is false
02-21 23:47:01.008  3028  3028 D Mapcon  : TelephonyTracker: [onSignalStrengthsChanged]phoneId=1, level=5
02-21 23:47:01.009  3028  3978 D Mapcon  : VoiceManager-5-VoWifiQoeStartUpState: [a]MsgIdEnum=MAPCON_MESSAGE_TM_CMD_SIGNAL_STRENGTH_CHANED_IND
02-21 23:47:01.009  3028  3978 D Mapcon  : VoiceManager-5-DefaultState: [a]MsgIdEnum=MAPCON_MESSAGE_TM_CMD_SIGNAL_STRENGTH_CHANED_IND
02-21 23:47:01.009  3028  3978 D Mapcon  : VoiceManager-5-DefaultState: [a]MsgIdEnum=MAPCON_MESSAGE_TM_CMD_SIGNAL_STRENGTH_CHANED_IND
02-21 23:47:01.904  2570  2760 D NpdcpAliveManager: ro.odm.npdcp_alive_cfg_enable is false
02-21 23:47:03.952  2570  2760 D NpdcpAliveManager: ro.odm.npdcp_alive_cfg_enable is false
02-21 23:47:04.976  2570  2760 D NpdcpAliveManager: ro.odm.npdcp_alive_cfg_enable is false
02-21 23:47:06.000  2570  2760 D NpdcpAliveManager: ro.odm.npdcp_alive_cfg_enable is false
02-21 23:47:07.024  2570  2760 D NpdcpAliveManager: ro.odm.npdcp_alive_cfg_enable is false
02-21 23:47:07.418  2570  2760 I PreDnsQuery: setPreDnsCurrentProp is: false
02-21 23:47:07.424  3028  3028 D Mapcon  : TelephonyTracker: [onSignalStrengthsChanged]phoneId=1, level=5
02-21 23:47:07.425  3028  3978 D Mapcon  : VoiceManager-5-VoWifiQoeStartUpState: [a]MsgIdEnum=MAPCON_MESSAGE_TM_CMD_SIGNAL_STRENGTH_CHANED_IND
02-21 23:47:07.425  3028  3978 D Mapcon  : VoiceManager-5-DefaultState: [a]MsgIdEnum=MAPCON_MESSAGE_TM_CMD_SIGNAL_STRENGTH_CHANED_IND
02-21 23:47:07.425  3028  3978 D Mapcon  : VoiceManager-5-DefaultState: [a]MsgIdEnum=MAPCON_MESSAGE_TM_CMD_SIGNAL_STRENGTH_CHANED_IND
02-21 23:47:08.048  2570  2760 D NpdcpAliveManager: ro.odm.npdcp_alive_cfg_enable is false
02-21 23:47:09.072  2570  2760 D NpdcpAliveManager: ro.odm.npdcp_alive_cfg_enable is false
02-21 23:47:09.330  3028  3028 D Mapcon  : TelephonyTracker: [onSignalStrengthsChanged]phoneId=1, level=5
02-21 23:47:09.331  3028  3978 D Mapcon  : VoiceManager-5-VoWifiQoeStartUpState: [a]MsgIdEnum=MAPCON_MESSAGE_TM_CMD_SIGNAL_STRENGTH_CHANED_IND
02-21 23:47:09.332  3028  3978 D Mapcon  : VoiceManager-5-DefaultState: [a]MsgIdEnum=MAPCON_MESSAGE_TM_CMD_SIGNAL_STRENGTH_CHANED_IND
02-21 23:47:09.332  3028  3978 D Mapcon  : VoiceManager-5-DefaultState: [a]MsgIdEnum=MAPCON_MESSAGE_TM_CMD_SIGNAL_STRENGTH_CHANED_IND
02-21 23:47:10.096  2570  2760 D NpdcpAliveManager: ro.odm.npdcp_alive_cfg_enable is false
02-21 23:47:10.606  3028  3028 D Mapcon  : TelephonyTracker: [onSignalStrengthsChanged]phoneId=1, level=5
02-21 23:47:10.607  3028  3978 D Mapcon  : VoiceManager-5-VoWifiQoeStartUpState: [a]MsgIdEnum=MAPCON_MESSAGE_TM_CMD_SIGNAL_STRENGTH_CHANED_IND
02-21 23:47:10.607  3028  3978 D Mapcon  : VoiceManager-5-DefaultState: [a]MsgIdEnum=MAPCON_MESSAGE_TM_CMD_SIGNAL_STRENGTH_CHANED_IND
02-21 23:47:10.607  3028  3978 D Mapcon  : VoiceManager-5-DefaultState: [a]MsgIdEnum=MAPCON_MESSAGE_TM_CMD_SIGNAL_STRENGTH_CHANED_IND
02-21 23:47:11.120  2570  2760 D NpdcpAliveManager: ro.odm.npdcp_alive_cfg_enable is false
02-21 23:47:11.818  1647  1837 I chatty  : uid=1000(system) PowerManagerSer expire 10 lines
02-21 23:47:11.886  3028  3028 D Mapcon  : TelephonyTracker: [onSignalStrengthsChanged]phoneId=1, level=5
02-21 23:47:11.887  3028  3978 D Mapcon  : VoiceManager-5-VoWifiQoeStartUpState: [a]MsgIdEnum=MAPCON_MESSAGE_TM_CMD_SIGNAL_STRENGTH_CHANED_IND
02-21 23:47:11.887  3028  3978 D Mapcon  : VoiceManager-5-DefaultState: [a]MsgIdEnum=MAPCON_MESSAGE_TM_CMD_SIGNAL_STRENGTH_CHANED_IND
02-21 23:47:11.887  3028  3978 D Mapcon  : VoiceManager-5-DefaultState: [a]MsgIdEnum=MAPCON_MESSAGE_TM_CMD_SIGNAL_STRENGTH_CHANED_IND
02-21 23:47:12.144  2570  2760 D NpdcpAliveManager: ro.odm.npdcp_alive_cfg_enable is false
02-21 23:47:13.168  2570  2760 D NpdcpAliveManager: ro.odm.npdcp_alive_cfg_enable is false
02-21 23:47:13.182  3028  3028 D Mapcon  : TelephonyTracker: [onSignalStrengthsChanged]phoneId=1, level=5
02-21 23:47:13.183  3028  3978 D Mapcon  : VoiceManager-5-VoWifiQoeStartUpState: [a]MsgIdEnum=MAPCON_MESSAGE_TM_CMD_SIGNAL_STRENGTH_CHANED_IND
02-21 23:47:13.184  3028  3978 D Mapcon  : VoiceManager-5-DefaultState: [a]MsgIdEnum=MAPCON_MESSAGE_TM_CMD_SIGNAL_STRENGTH_CHANED_IND
02-21 23:47:13.184  3028  3978 D Mapcon  : VoiceManager-5-DefaultState: [a]MsgIdEnum=MAPCON_MESSAGE_TM_CMD_SIGNAL_STRENGTH_CHANED_IND
02-21 23:47:14.192  2570  2760 D NpdcpAliveManager: ro.odm.npdcp_alive_cfg_enable is false
02-21 23:47:14.450  3028  3028 D Mapcon  : TelephonyTracker: [onSignalStrengthsChanged]phoneId=1, level=5
02-21 23:47:14.451  3028  3978 D Mapcon  : VoiceManager-5-VoWifiQoeStartUpState: [a]MsgIdEnum=MAPCON_MESSAGE_TM_CMD_SIGNAL_STRENGTH_CHANED_IND
02-21 23:47:14.451  3028  3978 D Mapcon  : VoiceManager-5-DefaultState: [a]MsgIdEnum=MAPCON_MESSAGE_TM_CMD_SIGNAL_STRENGTH_CHANED_IND
02-21 23:47:14.452  3028  3978 D Mapcon  : VoiceManager-5-DefaultState: [a]MsgIdEnum=MAPCON_MESSAGE_TM_CMD_SIGNAL_STRENGTH_CHANED_IND
02-21 23:47:14.459  2570  2760 I PreDnsQuery: setPreDnsCurrentProp is: true
02-21 23:47:15.216  2570  2760 D NpdcpAliveManager: ro.odm.npdcp_alive_cfg_enable is false
02-21 23:47:16.243  2570  2760 D NpdcpAliveManager: ro.odm.npdcp_alive_cfg_enable is false
02-21 23:47:17.267  2570  2760 D NpdcpAliveManager: ro.odm.npdcp_alive_cfg_enable is false
02-21 23:47:20.336  2570  2760 D NpdcpAliveManager: ro.odm.npdcp_alive_cfg_enable is false
02-21 23:47:20.451  3028  3028 D Mapcon  : TelephonyTracker: [onSignalStrengthsChanged]phoneId=1, level=5
02-21 23:47:20.451  3028  3978 D Mapcon  : VoiceManager-5-VoWifiQoeStartUpState: [a]MsgIdEnum=MAPCON_MESSAGE_TM_CMD_SIGNAL_STRENGTH_CHANED_IND
02-21 23:47:20.452  3028  3978 D Mapcon  : VoiceManager-5-DefaultState: [a]MsgIdEnum=MAPCON_MESSAGE_TM_CMD_SIGNAL_STRENGTH_CHANED_IND
02-21 23:47:20.452  3028  3978 D Mapcon  : VoiceManager-5-DefaultState: [a]MsgIdEnum=MAPCON_MESSAGE_TM_CMD_SIGNAL_STRENGTH_CHANED_IND
02-21 23:47:21.360  2570  2760 D NpdcpAliveManager: ro.odm.npdcp_alive_cfg_enable is false
02-21 23:47:22.384  2570  2760 D NpdcpAliveManager: ro.odm.npdcp_alive_cfg_enable is false
02-21 23:47:22.769  3028  3028 D Mapcon  : TelephonyTracker: [onSignalStrengthsChanged]phoneId=1, level=5
02-21 23:47:22.770  3028  3978 D Mapcon  : VoiceManager-5-VoWifiQoeStartUpState: [a]MsgIdEnum=MAPCON_MESSAGE_TM_CMD_SIGNAL_STRENGTH_CHANED_IND
02-21 23:47:22.770  3028  3978 D Mapcon  : VoiceManager-5-DefaultState: [a]MsgIdEnum=MAPCON_MESSAGE_TM_CMD_SIGNAL_STRENGTH_CHANED_IND
02-21 23:47:22.770  3028  3978 D Mapcon  : VoiceManager-5-DefaultState: [a]MsgIdEnum=MAPCON_MESSAGE_TM_CMD_SIGNAL_STRENGTH_CHANED_IND
02-21 23:47:23.410  3028  3028 D Mapcon  : TelephonyTracker: [onSignalStrengthsChanged]phoneId=1, level=5
02-21 23:47:23.411  3028  3978 D Mapcon  : VoiceManager-5-VoWifiQoeStartUpState: [a]MsgIdEnum=MAPCON_MESSAGE_TM_CMD_SIGNAL_STRENGTH_CHANED_IND
02-21 23:47:23.411  3028  3978 D Mapcon  : VoiceManager-5-DefaultState: [a]MsgIdEnum=MAPCON_MESSAGE_TM_CMD_SIGNAL_STRENGTH_CHANED_IND
02-21 23:47:23.411  3028  3978 D Mapcon  : VoiceManager-5-DefaultState: [a]MsgIdEnum=MAPCON_MESSAGE_TM_CMD_SIGNAL_STRENGTH_CHANED_IND
02-21 23:47:23.411  2570  2760 D NpdcpAliveManager: ro.odm.npdcp_alive_cfg_enable is false
02-21 23:47:24.432  2570  2760 D NpdcpAliveManager: ro.odm.npdcp_alive_cfg_enable is false
02-21 23:47:24.482  1647 10748 I chatty  : uid=1000(system) MobileQosDetect expire 10 lines
02-21 23:47:25.459  2570  2760 D NpdcpAliveManager: ro.odm.npdcp_alive_cfg_enable is false
02-21 23:47:26.037  1032  1164 I storaged: storaged_t::event: storage_info refreshed.
02-21 23:47:26.480  2570  2760 D NpdcpAliveManager: ro.odm.npdcp_alive_cfg_enable is false
02-21 23:47:27.505  2570  2760 D NpdcpAliveManager: ro.odm.npdcp_alive_cfg_enable is false
02-21 23:47:28.528  2570  2760 D NpdcpAliveManager: ro.odm.npdcp_alive_cfg_enable is false
02-21 23:47:29.552  2570  2760 D NpdcpAliveManager: ro.odm.npdcp_alive_cfg_enable is false
02-21 23:47:29.733  1647  1993 I chatty  : uid=1000(system) UEventObserver expire 14 lines
02-21 23:47:29.980  1647  5870 I chatty  : uid=1000(system) Binder:1647_14 expire 10 lines
02-21 23:47:30.576  2570  2760 D NpdcpAliveManager: ro.odm.npdcp_alive_cfg_enable is false
02-21 23:47:31.600  2570  2760 D NpdcpAliveManager: ro.odm.npdcp_alive_cfg_enable is false
02-21 23:47:32.624  2570  2760 D NpdcpAliveManager: ro.odm.npdcp_alive_cfg_enable is false
02-21 23:47:33.651  2570  2760 D NpdcpAliveManager: ro.odm.npdcp_alive_cfg_enable is false
02-21 23:47:34.672  2570  2760 D NpdcpAliveManager: ro.odm.npdcp_alive_cfg_enable is false
02-21 23:47:35.696  2570  2760 D NpdcpAliveManager: ro.odm.npdcp_alive_cfg_enable is false
02-21 23:47:36.281  1647  2370 I chatty  : uid=1000(system) Binder:1647_6 expire 10 lines
02-21 23:47:36.720  2570  2760 D NpdcpAliveManager: ro.odm.npdcp_alive_cfg_enable is false
02-21 23:47:38.769  2570  2760 I chatty  : uid=1000(system) OllieAwareThrea identical 10 lines
02-21 23:47:39.792  2570  2760 D NpdcpAliveManager: ro.odm.npdcp_alive_cfg_enable is false
02-21 23:47:40.816  2570  2760 D NpdcpAliveManager: ro.odm.npdcp_alive_cfg_enable is false
02-21 23:47:41.840  2570  2760 D NpdcpAliveManager: ro.odm.npdcp_alive_cfg_enable is false
02-21 23:47:42.315  1647  1837 I chatty  : uid=1000(system) PowerManagerSer expire 12 lines
02-21 23:47:42.864  2570  2760 D NpdcpAliveManager: ro.odm.npdcp_alive_cfg_enable is false
02-21 23:47:43.889  2570  2760 D NpdcpAliveManager: ro.odm.npdcp_alive_cfg_enable is false
02-21 23:47:44.912  2570  2760 D NpdcpAliveManager: ro.odm.npdcp_alive_cfg_enable is false
02-21 23:47:47.983  2570  2760 D NpdcpAliveManager: ro.odm.npdcp_alive_cfg_enable is false
02-21 23:47:49.008  2570  2760 D NpdcpAliveManager: ro.odm.npdcp_alive_cfg_enable is false
02-21 23:47:50.034  2570  2760 D NpdcpAliveManager: ro.odm.npdcp_alive_cfg_enable is false
02-21 23:47:50.927  3028  3028 D Mapcon  : TelephonyTracker: [onSignalStrengthsChanged]phoneId=1, level=5
02-21 23:47:50.928  3028  3978 D Mapcon  : VoiceManager-5-VoWifiQoeStartUpState: [a]MsgIdEnum=MAPCON_MESSAGE_TM_CMD_SIGNAL_STRENGTH_CHANED_IND
02-21 23:47:50.928  3028  3978 D Mapcon  : VoiceManager-5-DefaultState: [a]MsgIdEnum=MAPCON_MESSAGE_TM_CMD_SIGNAL_STRENGTH_CHANED_IND
02-21 23:47:50.929  3028  3978 D Mapcon  : VoiceManager-5-DefaultState: [a]MsgIdEnum=MAPCON_MESSAGE_TM_CMD_SIGNAL_STRENGTH_CHANED_IND
02-21 23:47:50.936  2570  2760 I PreDnsQuery: setPreDnsCurrentProp is: false
02-21 23:47:51.056  2570  2760 D NpdcpAliveManager: ro.odm.npdcp_alive_cfg_enable is false
02-21 23:47:51.561  3028  3028 D Mapcon  : TelephonyTracker: [onSignalStrengthsChanged]phoneId=1, level=5
02-21 23:47:51.562  3028  3978 D Mapcon  : VoiceManager-5-VoWifiQoeStartUpState: [a]MsgIdEnum=MAPCON_MESSAGE_TM_CMD_SIGNAL_STRENGTH_CHANED_IND
02-21 23:47:51.562  3028  3978 D Mapcon  : VoiceManager-5-DefaultState: [a]MsgIdEnum=MAPCON_MESSAGE_TM_CMD_SIGNAL_STRENGTH_CHANED_IND
02-21 23:47:51.562  3028  3978 D Mapcon  : VoiceManager-5-DefaultState: [a]MsgIdEnum=MAPCON_MESSAGE_TM_CMD_SIGNAL_STRENGTH_CHANED_IND
02-21 23:47:52.080  2570  2760 D NpdcpAliveManager: ro.odm.npdcp_alive_cfg_enable is false
02-21 23:47:53.104  2570  2760 D NpdcpAliveManager: ro.odm.npdcp_alive_cfg_enable is false
02-21 23:47:56.176  2570  2760 D NpdcpAliveManager: ro.odm.npdcp_alive_cfg_enable is false
02-21 23:47:57.201  2570  2760 D NpdcpAliveManager: ro.odm.npdcp_alive_cfg_enable is false
02-21 23:47:58.224  2570  2760 D NpdcpAliveManager: ro.odm.npdcp_alive_cfg_enable is false
02-21 23:47:59.248  2570  2760 D NpdcpAliveManager: ro.odm.npdcp_alive_cfg_enable is false
02-21 23:48:00.272  2570  2760 D NpdcpAliveManager: ro.odm.npdcp_alive_cfg_enable is false
02-21 23:48:01.174  3028  3028 D Mapcon  : TelephonyTracker: [onSignalStrengthsChanged]phoneId=1, level=5
02-21 23:48:01.174  3028  3978 D Mapcon  : VoiceManager-5-VoWifiQoeStartUpState: [a]MsgIdEnum=MAPCON_MESSAGE_TM_CMD_SIGNAL_STRENGTH_CHANED_IND
02-21 23:48:01.174  3028  3978 D Mapcon  : VoiceManager-5-DefaultState: [a]MsgIdEnum=MAPCON_MESSAGE_TM_CMD_SIGNAL_STRENGTH_CHANED_IND
02-21 23:48:01.175  3028  3978 D Mapcon  : VoiceManager-5-DefaultState: [a]MsgIdEnum=MAPCON_MESSAGE_TM_CMD_SIGNAL_STRENGTH_CHANED_IND
02-21 23:48:01.296  2570  2760 D NpdcpAliveManager: ro.odm.npdcp_alive_cfg_enable is false
02-21 23:48:02.322  2570  2760 D NpdcpAliveManager: ro.odm.npdcp_alive_cfg_enable is false
02-21 23:48:02.464  2570  2760 I PreDnsQuery: setPreDnsCurrentProp is: true
02-21 23:48:02.466  1647  2065 I chatty  : uid=1000(system) Binder:1647_3 expire 16 lines
02-21 23:48:02.470  3028  3028 D Mapcon  : TelephonyTracker: [onSignalStrengthsChanged]phoneId=1, level=5
02-21 23:48:02.470  3028  3978 D Mapcon  : VoiceManager-5-VoWifiQoeStartUpState: [a]MsgIdEnum=MAPCON_MESSAGE_TM_CMD_SIGNAL_STRENGTH_CHANED_IND
02-21 23:48:02.470  3028  3978 D Mapcon  : VoiceManager-5-DefaultState: [a]MsgIdEnum=MAPCON_MESSAGE_TM_CMD_SIGNAL_STRENGTH_CHANED_IND
02-21 23:48:02.470  3028  3978 D Mapcon  : VoiceManager-5-DefaultState: [a]MsgIdEnum=MAPCON_MESSAGE_TM_CMD_SIGNAL_STRENGTH_CHANED_IND
02-21 23:48:02.477  3028  3028 D Mapcon  : TelephonyTracker: [onSignalStrengthsChanged]phoneId=1, level=5
02-21 23:48:02.478  3028  3978 D Mapcon  : VoiceManager-5-VoWifiQoeStartUpState: [a]MsgIdEnum=MAPCON_MESSAGE_TM_CMD_SIGNAL_STRENGTH_CHANED_IND
02-21 23:48:02.478  3028  3978 D Mapcon  : VoiceManager-5-DefaultState: [a]MsgIdEnum=MAPCON_MESSAGE_TM_CMD_SIGNAL_STRENGTH_CHANED_IND
02-21 23:48:02.478  3028  3978 D Mapcon  : VoiceManager-5-DefaultState: [a]MsgIdEnum=MAPCON_MESSAGE_TM_CMD_SIGNAL_STRENGTH_CHANED_IND
02-21 23:48:03.344  2570  2760 D NpdcpAliveManager: ro.odm.npdcp_alive_cfg_enable is false
02-21 23:48:04.372  2570  2760 D NpdcpAliveManager: ro.odm.npdcp_alive_cfg_enable is false
02-21 23:48:04.522  1647  2091 I chatty  : uid=1000(system) ConnectivityThr expire 43 lines
02-21 23:48:04.537  3028  3427 D Mapcon  : WifiLinkTracker: [onCapabilitiesChanged]enter
02-21 23:48:04.537  3028  3427 D Mapcon  : WifiLinkTracker: [od]wifi has linked, but wifi ap may change
02-21 23:48:04.541  1647  1647 I chatty  : uid=1000 system_server expire 139 lines
02-21 23:48:04.553  1647  2370 I chatty  : uid=1000(system) Binder:1647_6 expire 46 lines
02-21 23:48:04.619 21859 21859 D ActivityThread: Attach thread to application
02-21 23:48:04.635 21859 21879 I ActivityThread: Init compatible state: true
02-21 23:48:04.894 21859 21906 D HwCustConnectivityManagerImpl: isBlockNetworkRequestByNonAis, INVALID_SUBSCRIPTION_ID
02-21 23:48:04.894 21859 21859 I ActivityThread: finishPreloaded preloadStatus 0
02-21 23:48:04.911 21859 21923 D HwCustConnectivityManagerImpl: isBlockNetworkRequestByNonAis, INVALID_SUBSCRIPTION_ID
02-21 23:48:04.913  1647  2093 I chatty  : uid=1000(system) ConnectivitySer expire 33 lines
02-21 23:48:04.917 21859 21914 D HwCustConnectivityManagerImpl: isBlockNetworkRequestByNonAis, INVALID_SUBSCRIPTION_ID
02-21 23:48:04.918  1647  6734 I chatty  : uid=1000(system) Binder:1647_1F expire 27 lines
02-21 23:48:04.919 21859 21914 D HwCustConnectivityManagerImpl: isBlockNetworkRequestByNonAis, INVALID_SUBSCRIPTION_ID
02-21 23:48:05.392  2570  2760 D NpdcpAliveManager: ro.odm.npdcp_alive_cfg_enable is false
02-21 23:48:05.457  1647  1837 I chatty  : uid=1000(system) PowerManagerSer expire 13 lines
02-21 23:48:05.532 21859 21926 D HwCustConnectivityManagerImpl: isBlockNetworkRequestByNonAis, INVALID_SUBSCRIPTION_ID
02-21 23:48:05.662 21859 21919 D HwCustConnectivityManagerImpl: isBlockNetworkRequestByNonAis, INVALID_SUBSCRIPTION_ID
02-21 23:48:06.415  2570  2760 D NpdcpAliveManager: ro.odm.npdcp_alive_cfg_enable is false
02-21 23:48:06.719  1647  5888 I chatty  : uid=1000(system) Binder:1647_1D expire 10 lines
02-21 23:48:07.442  2570  2760 D NpdcpAliveManager: ro.odm.npdcp_alive_cfg_enable is false
02-21 23:48:08.464  2570  2760 D NpdcpAliveManager: ro.odm.npdcp_alive_cfg_enable is false
02-21 23:48:08.526  1647 10748 I chatty  : uid=1000(system) MobileQosDetect expire 14 lines
02-21 23:48:09.488  2570  2760 D NpdcpAliveManager: ro.odm.npdcp_alive_cfg_enable is false
02-21 23:48:11.536  2570  2760 D NpdcpAliveManager: ro.odm.npdcp_alive_cfg_enable is false
02-21 23:48:12.560  2570  2760 D NpdcpAliveManager: ro.odm.npdcp_alive_cfg_enable is false
02-21 23:48:13.584  2570  2760 D NpdcpAliveManager: ro.odm.npdcp_alive_cfg_enable is false
02-21 23:48:15.632  2570  2760 D NpdcpAliveManager: ro.odm.npdcp_alive_cfg_enable is false
02-21 23:48:16.656  2570  2760 D NpdcpAliveManager: ro.odm.npdcp_alive_cfg_enable is false
02-21 23:48:17.680  2570  2760 D NpdcpAliveManager: ro.odm.npdcp_alive_cfg_enable is false
02-21 23:48:18.292  1647  5888 I chatty  : uid=1000(system) Binder:1647_1D expire 19 lines
02-21 23:48:18.704  2570  2760 D NpdcpAliveManager: ro.odm.npdcp_alive_cfg_enable is false
02-21 23:48:19.728  2570  2760 D NpdcpAliveManager: ro.odm.npdcp_alive_cfg_enable is false
02-21 23:48:20.758  2570  2760 D NpdcpAliveManager: ro.odm.npdcp_alive_cfg_enable is false
02-21 23:48:21.776  2570  2760 D NpdcpAliveManager: ro.odm.npdcp_alive_cfg_enable is false
02-21 23:48:21.960  1647  5870 I chatty  : uid=1000(system) Binder:1647_14 expire 11 lines
02-21 23:48:21.963  1647  1837 I chatty  : uid=1000(system) PowerManagerSer expire 14 lines
02-21 23:48:22.800  2570  2760 D NpdcpAliveManager: ro.odm.npdcp_alive_cfg_enable is false
02-21 23:48:23.825  2570  2760 D NpdcpAliveManager: ro.odm.npdcp_alive_cfg_enable is false
02-21 23:48:24.848  2570  2760 D NpdcpAliveManager: ro.odm.npdcp_alive_cfg_enable is false
02-21 23:48:25.872  2570  2760 D NpdcpAliveManager: ro.odm.npdcp_alive_cfg_enable is false
02-21 23:48:26.038  1032  1164 I storaged: storaged_t::event: storage_info refreshed.
02-21 23:48:26.896  2570  2760 D NpdcpAliveManager: ro.odm.npdcp_alive_cfg_enable is false
02-21 23:48:27.920  2570  2760 D NpdcpAliveManager: ro.odm.npdcp_alive_cfg_enable is false
02-21 23:48:28.050  3028  3028 D Mapcon  : TelephonyTracker: [onSignalStrengthsChanged]phoneId=1, level=5
02-21 23:48:28.051  3028  3978 D Mapcon  : VoiceManager-5-VoWifiQoeStartUpState: [a]MsgIdEnum=MAPCON_MESSAGE_TM_CMD_SIGNAL_STRENGTH_CHANED_IND
02-21 23:48:28.051  3028  3978 D Mapcon  : VoiceManager-5-DefaultState: [a]MsgIdEnum=MAPCON_MESSAGE_TM_CMD_SIGNAL_STRENGTH_CHANED_IND
02-21 23:48:28.051  3028  3978 D Mapcon  : VoiceManager-5-DefaultState: [a]MsgIdEnum=MAPCON_MESSAGE_TM_CMD_SIGNAL_STRENGTH_CHANED_IND
02-21 23:48:28.060  2570  2760 I PreDnsQuery: setPreDnsCurrentProp is: false
02-21 23:48:28.945  2570  2760 D NpdcpAliveManager: ro.odm.npdcp_alive_cfg_enable is false
02-21 23:48:30.992  2570  2760 D NpdcpAliveManager: ro.odm.npdcp_alive_cfg_enable is false
02-21 23:48:31.276  3028  3028 D Mapcon  : TelephonyTracker: [onSignalStrengthsChanged]phoneId=1, level=5
02-21 23:48:31.277  3028  3978 D Mapcon  : VoiceManager-5-VoWifiQoeStartUpState: [a]MsgIdEnum=MAPCON_MESSAGE_TM_CMD_SIGNAL_STRENGTH_CHANED_IND
02-21 23:48:31.277  3028  3978 D Mapcon  : VoiceManager-5-DefaultState: [a]MsgIdEnum=MAPCON_MESSAGE_TM_CMD_SIGNAL_STRENGTH_CHANED_IND
02-21 23:48:31.277  3028  3978 D Mapcon  : VoiceManager-5-DefaultState: [a]MsgIdEnum=MAPCON_MESSAGE_TM_CMD_SIGNAL_STRENGTH_CHANED_IND
02-21 23:48:31.671  1647  2015 I chatty  : uid=1000(system) AlarmManager expire 6 lines
02-21 23:48:31.672  1647  1647 I chatty  : uid=1000 system_server expire 41 lines
02-21 23:48:32.016  2570  2760 D NpdcpAliveManager: ro.odm.npdcp_alive_cfg_enable is false
02-21 23:48:34.064  2570  2760 D NpdcpAliveManager: ro.odm.npdcp_alive_cfg_enable is false
02-21 23:48:35.092  2570  2760 D NpdcpAliveManager: ro.odm.npdcp_alive_cfg_enable is false
02-21 23:48:39.184  2570  2760 I chatty  : uid=1000(system) OllieAwareThrea identical 11 lines
02-21 23:48:40.208  2570  2760 D NpdcpAliveManager: ro.odm.npdcp_alive_cfg_enable is false
02-21 23:48:41.232  2570  2760 D NpdcpAliveManager: ro.odm.npdcp_alive_cfg_enable is false
02-21 23:48:44.304  2570  2760 D NpdcpAliveManager: ro.odm.npdcp_alive_cfg_enable is false
02-21 23:48:45.328  2570  2760 D NpdcpAliveManager: ro.odm.npdcp_alive_cfg_enable is false
02-21 23:48:46.338  1647  1837 I chatty  : uid=1000(system) PowerManagerSer expire 21 lines
02-21 23:48:46.351  2570  2760 D NpdcpAliveManager: ro.odm.npdcp_alive_cfg_enable is false
02-21 23:48:46.368  1647  2370 I chatty  : uid=1000(system) Binder:1647_6 expire 10 lines
02-21 23:48:47.259  3028  3028 D Mapcon  : TelephonyTracker: [onSignalStrengthsChanged]phoneId=1, level=5
02-21 23:48:47.260  3028  3978 D Mapcon  : VoiceManager-5-VoWifiQoeStartUpState: [a]MsgIdEnum=MAPCON_MESSAGE_TM_CMD_SIGNAL_STRENGTH_CHANED_IND
02-21 23:48:47.260  3028  3978 D Mapcon  : VoiceManager-5-DefaultState: [a]MsgIdEnum=MAPCON_MESSAGE_TM_CMD_SIGNAL_STRENGTH_CHANED_IND
02-21 23:48:47.260  3028  3978 D Mapcon  : VoiceManager-5-DefaultState: [a]MsgIdEnum=MAPCON_MESSAGE_TM_CMD_SIGNAL_STRENGTH_CHANED_IND
02-21 23:48:47.269  2570  2760 I PreDnsQuery: setPreDnsCurrentProp is: true
02-21 23:48:47.376  2570  2760 D NpdcpAliveManager: ro.odm.npdcp_alive_cfg_enable is false
02-21 23:48:48.400  2570  2760 D NpdcpAliveManager: ro.odm.npdcp_alive_cfg_enable is false
02-21 23:48:48.533  3028  3028 D Mapcon  : TelephonyTracker: [onSignalStrengthsChanged]phoneId=1, level=5
02-21 23:48:48.534  3028  3978 D Mapcon  : VoiceManager-5-VoWifiQoeStartUpState: [a]MsgIdEnum=MAPCON_MESSAGE_TM_CMD_SIGNAL_STRENGTH_CHANED_IND
02-21 23:48:48.534  3028  3978 D Mapcon  : VoiceManager-5-DefaultState: [a]MsgIdEnum=MAPCON_MESSAGE_TM_CMD_SIGNAL_STRENGTH_CHANED_IND
02-21 23:48:48.534  3028  3978 D Mapcon  : VoiceManager-5-DefaultState: [a]MsgIdEnum=MAPCON_MESSAGE_TM_CMD_SIGNAL_STRENGTH_CHANED_IND
02-21 23:48:48.538  2570  2760 I PreDnsQuery: setPreDnsCurrentProp is: false
02-21 23:48:49.424  2570  2760 D NpdcpAliveManager: ro.odm.npdcp_alive_cfg_enable is false
02-21 23:48:51.476  2570  2760 D NpdcpAliveManager: ro.odm.npdcp_alive_cfg_enable is false
02-21 23:48:52.498  2570  2760 D NpdcpAliveManager: ro.odm.npdcp_alive_cfg_enable is false
02-21 23:48:53.520  2570  2760 D NpdcpAliveManager: ro.odm.npdcp_alive_cfg_enable is false
02-21 23:48:55.568  2570  2760 D NpdcpAliveManager: ro.odm.npdcp_alive_cfg_enable is false
02-21 23:48:56.592  2570  2760 D NpdcpAliveManager: ro.odm.npdcp_alive_cfg_enable is false
02-21 23:48:59.668  2570  2760 D NpdcpAliveManager: ro.odm.npdcp_alive_cfg_enable is false
02-21 23:49:00.689  2570  2760 D NpdcpAliveManager: ro.odm.npdcp_alive_cfg_enable is false
02-21 23:49:01.712  2570  2760 D NpdcpAliveManager: ro.odm.npdcp_alive_cfg_enable is false
02-21 23:49:01.887  1647  1993 I chatty  : uid=1000(system) UEventObserver expire 6 lines
02-21 23:49:02.736  2570  2760 D NpdcpAliveManager: ro.odm.npdcp_alive_cfg_enable is false
02-21 23:49:03.760  2570  2760 D NpdcpAliveManager: ro.odm.npdcp_alive_cfg_enable is false
02-21 23:49:04.783  2570  2760 D NpdcpAliveManager: ro.odm.npdcp_alive_cfg_enable is false
02-21 23:49:06.833  2570  2760 D NpdcpAliveManager: ro.odm.npdcp_alive_cfg_enable is false
02-21 23:49:07.856  2570  2760 D NpdcpAliveManager: ro.odm.npdcp_alive_cfg_enable is false
02-21 23:49:08.880  2570  2760 D NpdcpAliveManager: ro.odm.npdcp_alive_cfg_enable is false
02-21 23:49:08.988  1647  2065 I chatty  : uid=1000(system) Binder:1647_3 expire 14 lines
02-21 23:49:08.988  1647  2967 I chatty  : uid=1000(system) Binder:1647_11 expire 3 lines
02-21 23:49:09.001  2914  2914 D ActivityThread: Won't deliver top position change in state=5
02-21 23:49:09.009  2914  2914 I ActivityThread: Handle window ActivityRecord{4805325 token=android.os.BinderProxy@9c581fa {com.huawei.android.launcher/com.huawei.android.launcher.unihome.UniHomeLauncher}} visibility: true
02-21 23:49:09.011  1647  1717 I chatty  : uid=1000(system) android.anim expire 42 lines
02-21 23:49:09.021  1647  2093 I chatty  : uid=1000(system) ConnectivitySer expire 2 lines
02-21 23:49:09.031  1647  5887 I chatty  : uid=1000(system) Binder:1647_1C expire 18 lines
02-21 23:49:09.041  2570  2570 I HwCoreAppHelperService: LocalReceiver receives:android.intent.action.PACKAGE_RESTARTED,pkg:com.example.gitdoit,uid:11088
02-21 23:49:09.047  1647  1713 I chatty  : uid=1000(system) android.ui expire 5 lines
02-21 23:49:09.047  2570  2760 I PowerMsgAdapter: handleUidGone uid: 11088
02-21 23:49:09.050  2570  2760 I HidataAppQoeP: foregroundUidRemove uid: 11088 name: com.example.gitdoit
02-21 23:49:09.050  2397  2650 I HwNetworkPolicyManager: getHwUidPolicy uid = 10079 policy = 0
02-21 23:49:09.051  1647  1716 I chatty  : uid=1000(system) android.display expire 23 lines
02-21 23:49:09.053  1647  1837 I chatty  : uid=1000(system) PowerManagerSer expire 33 lines
02-21 23:49:09.054  2570  2760 I SmartDualCardConfig: getAppType,pkgName=com.example.gitdoit,appType=-1
02-21 23:49:09.054  2570  2760 E SmartDualCardConfig: isAppInBlackList false,items==null
02-21 23:49:09.055  2570  2760 I NetworkQoeChr: checkForegroundApp timer start
02-21 23:49:09.055  2570  2760 I NetworkQoeChr: end qoe report
02-21 23:49:09.056  2570  2762 E OllieTelephony: sendFullData err:1
02-21 23:49:09.056  2570  2760 I SmartDualCardConfig: getAppType,pkgName=com.huawei.android.launcher,appType=28
02-21 23:49:09.056  2570  2760 E SmartDualCardConfig: isAppInBlackList false,items==null
02-21 23:49:09.056  2570  2760 I PowerMsgAdapter: UID hot switch, uid:10079, pkgName:com.huawei.android.launcher
