02-21 23:52:07.898  1647  1647 I chatty  : uid=1000 system_server expire 192 lines
02-21 23:52:07.898   760   760 D AudioPolicyService: getUidState(10017) !cacheIter->second.first, return PROCESS_STATE_UNKNOWN
02-21 23:52:07.902   760   760 D AudioPolicyService: getUidState(10392) !cacheIter->second.first, return PROCESS_STATE_UNKNOWN
02-21 23:52:07.912   760   760 D AudioPolicyService: getUidState(10392) !cacheIter->second.first, return PROCESS_STATE_UNKNOWN
02-21 23:52:07.912   760   760 D AudioPolicyService: getUidState(10017) !cacheIter->second.first, return PROCESS_STATE_UNKNOWN
02-21 23:52:07.916  1647  1837 I chatty  : uid=1000(system) PowerManagerSer expire 12 lines
02-21 23:52:07.916  1647  5888 I chatty  : uid=1000(system) Binder:1647_1D expire 18 lines
02-21 23:52:07.920  1647  5888 I chatty  : uid=1000(system) Binder:1647_1D expire 4 lines
02-21 23:52:07.921  3028  4055 I VoWifiQoe_N: ProcessReqInfo ul_msgid=5
02-21 23:52:07.921  3028  4055 I VoWifiQoe_N: processReqInfo MSG_WIFI_SIGNAL_INFO_IND 
02-21 23:52:07.921  3028  4055 I VoWifiQoe_N: ProcessSignalInfoInd curStateIsIdle 0 
02-21 23:52:07.921  3028  4055 I VoWifiQoe_N: ProcessSignalInfoInd wifiInterruptFlg 1 enScreenState 1 curStateIsIdle 0
02-21 23:52:07.921  3028  4055 I VoWifiQoe_N: UpdateEvaluatePolicy phoneId 0 is not qoe started!
02-21 23:52:07.921  3028  4055 I VoWifiQoe_N: UpdateEvaluatePolicy EVALUATE_POLICY_RSSI
02-21 23:52:07.966  1647  2071 I chatty  : uid=1000(system) WifiService expire 20 lines
02-21 23:52:08.127  3028  4055 I VoWifiQoe_N: ProcessReqInfo ul_msgid=5
02-21 23:52:08.127  3028  4055 I VoWifiQoe_N: processReqInfo MSG_WIFI_SIGNAL_INFO_IND 
02-21 23:52:08.127  3028  4055 I VoWifiQoe_N: ProcessSignalInfoInd curStateIsIdle 0 
02-21 23:52:08.127  3028  4055 I VoWifiQoe_N: ProcessSignalInfoInd wifiInterruptFlg 1 enScreenState 1 curStateIsIdle 0
02-21 23:52:08.127  3028  4055 I VoWifiQoe_N: UpdateEvaluatePolicy phoneId 0 is not qoe started!
02-21 23:52:08.127  3028  4055 I VoWifiQoe_N: UpdateEvaluatePolicy EVALUATE_POLICY_RSSI
02-21 23:52:08.333  3028  4055 I VoWifiQoe_N: ProcessReqInfo ul_msgid=5
02-21 23:52:08.333  3028  4055 I VoWifiQoe_N: processReqInfo MSG_WIFI_SIGNAL_INFO_IND 
02-21 23:52:08.333  3028  4055 I VoWifiQoe_N: ProcessSignalInfoInd curStateIsIdle 0 
02-21 23:52:08.333  3028  4055 I VoWifiQoe_N: ProcessSignalInfoInd wifiInterruptFlg 1 enScreenState 1 curStateIsIdle 0
02-21 23:52:08.333  3028  4055 I VoWifiQoe_N: UpdateEvaluatePolicy phoneId 0 is not qoe started!
02-21 23:52:08.333  3028  4055 I VoWifiQoe_N: UpdateEvaluatePolicy EVALUATE_POLICY_RSSI
02-21 23:52:08.538  3028  4055 I VoWifiQoe_N: ProcessReqInfo ul_msgid=5
02-21 23:52:08.538  3028  4055 I VoWifiQoe_N: processReqInfo MSG_WIFI_SIGNAL_INFO_IND 
02-21 23:52:08.538  3028  4055 I VoWifiQoe_N: ProcessSignalInfoInd curStateIsIdle 0 
02-21 23:52:08.538  3028  4055 I VoWifiQoe_N: ProcessSignalInfoInd wifiInterruptFlg 1 enScreenState 1 curStateIsIdle 0
02-21 23:52:08.538  3028  4055 I VoWifiQoe_N: UpdateEvaluatePolicy phoneId 0 is not qoe started!
02-21 23:52:08.538  3028  4055 I VoWifiQoe_N: UpdateEvaluatePolicy EVALUATE_POLICY_RSSI
02-21 23:52:08.652   760 11451 D AudioPolicyService: getUidState(10392) !cacheIter->second.first, return PROCESS_STATE_UNKNOWN
02-21 23:52:08.652   760 11451 D AudioPolicyService: getUidState(10017) !cacheIter->second.first, return PROCESS_STATE_UNKNOWN
02-21 23:52:08.656   760   760 D AudioPolicyService: getUidState(10392) !cacheIter->second.first, return PROCESS_STATE_UNKNOWN
02-21 23:52:08.669   760   760 D AudioPolicyService: getUidState(10392) !cacheIter->second.first, return PROCESS_STATE_UNKNOWN
02-21 23:52:08.669   760   760 D AudioPolicyService: getUidState(10017) !cacheIter->second.first, return PROCESS_STATE_UNKNOWN
02-21 23:52:08.672  1647  5886 I chatty  : uid=1000(system) Binder:1647_1B expire 15 lines
02-21 23:52:08.749  1647  5886 I chatty  : uid=1000(system) Binder:1647_1B expire 4 lines
02-21 23:52:08.751  3028  4055 I VoWifiQoe_N: ProcessReqInfo ul_msgid=5
02-21 23:52:08.751  3028  4055 I VoWifiQoe_N: processReqInfo MSG_WIFI_SIGNAL_INFO_IND 
02-21 23:52:08.751  3028  4055 I VoWifiQoe_N: ProcessSignalInfoInd curStateIsIdle 0 
02-21 23:52:08.751  3028  4055 I VoWifiQoe_N: ProcessSignalInfoInd wifiInterruptFlg 1 enScreenState 1 curStateIsIdle 0
02-21 23:52:08.751  3028  4055 I VoWifiQoe_N: UpdateEvaluatePolicy phoneId 0 is not qoe started!
02-21 23:52:08.751  3028  4055 I VoWifiQoe_N: UpdateEvaluatePolicy EVALUATE_POLICY_RSSI
02-21 23:52:08.761  1647  2072 I chatty  : uid=1000(system) ClientModeImpl expire 1 line
02-21 23:52:08.763  1647  2178 I chatty  : uid=1000(system) HuaweiWifiWatch expire 8 lines
02-21 23:52:08.763  1647  2181 I chatty  : uid=1000(system) HwDualBandState expire 2 lines
02-21 23:52:08.764  1647 10748 I chatty  : uid=1000(system) MobileQosDetect expire 1 line
02-21 23:52:08.764  1647 10748 I chatty  : uid=1000(system) MobileQosDetect expire 1 line
02-21 23:52:08.781  2570  3835 I chatty  : uid=1000(system) JNITID-3835 expire 2 lines
02-21 23:52:08.783  2570  2760 D NpdcpAliveManager: ro.odm.npdcp_alive_cfg_enable is false
02-21 23:52:08.783  2570  3496 I chatty  : uid=1000(system) EmcomThread expire 2 lines
02-21 23:52:08.876  1006 19993 I iked    : [INFO]: ikev2.c:305: ikev2_periodic_task()
02-21 23:52:08.885   662   662 I netd    : trafficSwapActiveStatsMap() <13.51ms>
02-21 23:52:08.964  3028  4055 I VoWifiQoe_N: ProcessReqInfo ul_msgid=5
02-21 23:52:08.964  3028  4055 I VoWifiQoe_N: processReqInfo MSG_WIFI_SIGNAL_INFO_IND 
02-21 23:52:08.964  3028  4055 I VoWifiQoe_N: ProcessSignalInfoInd curStateIsIdle 0 
02-21 23:52:08.964  3028  4055 I VoWifiQoe_N: ProcessSignalInfoInd wifiInterruptFlg 1 enScreenState 1 curStateIsIdle 0
02-21 23:52:08.964  3028  4055 I VoWifiQoe_N: UpdateEvaluatePolicy phoneId 0 is not qoe started!
02-21 23:52:08.964  3028  4055 I VoWifiQoe_N: UpdateEvaluatePolicy EVALUATE_POLICY_RSSI
02-21 23:52:09.177  3028  4055 I VoWifiQoe_N: ProcessReqInfo ul_msgid=5
02-21 23:52:09.177  3028  4055 I VoWifiQoe_N: processReqInfo MSG_WIFI_SIGNAL_INFO_IND 
02-21 23:52:09.177  3028  4055 I VoWifiQoe_N: ProcessSignalInfoInd curStateIsIdle 0 
02-21 23:52:09.177  3028  4055 I VoWifiQoe_N: ProcessSignalInfoInd wifiInterruptFlg 1 enScreenState 1 curStateIsIdle 0
02-21 23:52:09.177  3028  4055 I VoWifiQoe_N: UpdateEvaluatePolicy phoneId 0 is not qoe started!
02-21 23:52:09.177  3028  4055 I VoWifiQoe_N: UpdateEvaluatePolicy EVALUATE_POLICY_RSSI
02-21 23:52:09.319 20116 18717 W AOSP-MdnsDiscoveryManag: Error while decoding multicast packet (36375): 1 [CONTEXT service_id=168 ]
02-21 23:52:09.320 20116 18717 W AOSP-MdnsDiscoveryManag: Error while decoding multicast packet (36376): 1 [CONTEXT service_id=168 ]
02-21 23:52:09.384  3028  4055 I VoWifiQoe_N: ProcessReqInfo ul_msgid=5
02-21 23:52:09.384  3028  4055 I VoWifiQoe_N: processReqInfo MSG_WIFI_SIGNAL_INFO_IND 
02-21 23:52:09.384  3028  4055 I VoWifiQoe_N: ProcessSignalInfoInd curStateIsIdle 0 
02-21 23:52:09.384  3028  4055 I VoWifiQoe_N: ProcessSignalInfoInd wifiInterruptFlg 1 enScreenState 1 curStateIsIdle 0
02-21 23:52:09.384  3028  4055 I VoWifiQoe_N: UpdateEvaluatePolicy phoneId 0 is not qoe started!
02-21 23:52:09.384  3028  4055 I VoWifiQoe_N: UpdateEvaluatePolicy EVALUATE_POLICY_RSSI
02-21 23:52:09.509  2629  2880 I ash_dd  : org.telegram.messenger.beta not ctrl in charging, delay to D!
02-21 23:52:09.541  2397  2740 I SmartChgBase/Arb_HidlParam: Apply.[moduleName:BASP, param:dc_vterm_dec, detailsWithValue:source=trigger;event=heartbeat;chargestatus=start;value=50;]
02-21 23:52:09.541  2397  2740 I SmartChgBase/Arb_HidlParam: CalcVtermRoundDec [ret:48, ndcVstep:16, target:50, step:50]
02-21 23:52:09.543   757   757 I power_hidl: ExeSetState type=vterm_dec, value=lvc 48
02-21 23:52:09.543   757   757 I power_hidl: start write compatible, scene: vterm_dec, value: lvc 48
02-21 23:52:09.544   757   757 I power_hidl: ExeSetState success, type=vterm_dec, index=45
02-21 23:52:09.544  2397  2740 I SmartChgBase/Arb_HidlParam: SetHidlValue Success:[module:BASP, scene:vterm_dec, value:lvc 48]
02-21 23:52:09.545   757   757 I power_hidl: ExeSetState type=vterm_dec, value=sc 48
02-21 23:52:09.545   757   757 I power_hidl: start write compatible, scene: vterm_dec, value: sc 48
02-21 23:52:09.546   757   757 I power_hidl: ExeSetState success, type=vterm_dec, index=45
02-21 23:52:09.546  2397  2740 I SmartChgBase/Arb_HidlParam: SetHidlValue Success:[module:BASP, scene:vterm_dec, value:sc 48]
02-21 23:52:09.548   757   757 I power_hidl: ExeSetState type=vterm_dec, value=wl_sc 48
02-21 23:52:09.548   757   757 I power_hidl: start write compatible, scene: vterm_dec, value: wl_sc 48
02-21 23:52:09.548   757   757 I power_hidl: ExeSetState success, type=vterm_dec, index=45
02-21 23:52:09.549  2397  2740 I SmartChgBase/Arb_HidlParam: SetHidlValue Success:[module:BASP, scene:vterm_dec, value:wl_sc 48]
02-21 23:52:09.549  2397  2740 I SmartChgBase/Arb_HidlParam: Apply.[moduleName:BASP, param:ichg_ratio, detailsWithValue:source=trigger;event=heartbeat;chargestatus=start;value=80;]
02-21 23:52:09.550   757   757 I power_hidl: ExeSetState type=ichg_ratio, value=all 80
02-21 23:52:09.550   757   757 I power_hidl: start write compatible, scene: ichg_ratio, value: all 80
02-21 23:52:09.550   757   757 I power_hidl: ExeSetState success, type=ichg_ratio, index=46
02-21 23:52:09.551  2397  2740 I SmartChgBase/Arb_HidlParam: SetHidlValue Success:[module:BASP, scene:ichg_ratio, value:all 80]
02-21 23:52:09.551  2397  2740 I SmartChgBase/Arb_HidlParam: Apply.[moduleName:BASP, param:nondc_vterm_dec, detailsWithValue:source=trigger;event=heartbeat;chargestatus=start;value=50;]
02-21 23:52:09.551  2397  2740 I SmartChgBase/Arb_HidlParam: CalcVtermRoundDec [ret:48, ndcVstep:16, target:50, step:50]
02-21 23:52:09.554   757   757 I power_hidl: ExeSetState type=vterm_dec, value=dcp 48
02-21 23:52:09.554   757   757 I power_hidl: start write compatible, scene: vterm_dec, value: dcp 48
02-21 23:52:09.555   757   757 I power_hidl: ExeSetState success, type=vterm_dec, index=45
02-21 23:52:09.555  2397  2740 I SmartChgBase/Arb_HidlParam: SetHidlValue Success:[module:BASP, scene:vterm_dec, value:dcp 48]
02-21 23:52:09.557   757   757 I power_hidl: ExeSetState type=vterm_dec, value=fcp 48
02-21 23:52:09.557   757   757 I power_hidl: start write compatible, scene: vterm_dec, value: fcp 48
02-21 23:52:09.557   757   757 E power_hidl: file /sys/devices/virtual/hw_power/interface/vterm_dec write failed
02-21 23:52:09.557   757   757 E power_hidl: write fcp 48 to /sys/class/hw_power/interface/vterm_dec fail
02-21 23:52:09.557   757   757 I power_hidl: ExeSetState success, type=vterm_dec, index=45
02-21 23:52:09.558  2397  2740 E SmartChgBase/Arb_HidlParam: SetHidlValue Fail: Hidl Set Fail [ret:1, module:BASP, scene:vterm_dec, value:fcp 48]
02-21 23:52:09.560   757   757 I power_hidl: ExeSetState type=vterm_dec, value=pd 48
02-21 23:52:09.560   757   757 I power_hidl: start write compatible, scene: vterm_dec, value: pd 48
02-21 23:52:09.560   757   757 I power_hidl: ExeSetState success, type=vterm_dec, index=45
02-21 23:52:09.561  2397  2740 I SmartChgBase/Arb_HidlParam: SetHidlValue Success:[module:BASP, scene:vterm_dec, value:pd 48]
02-21 23:52:09.562   757   757 I power_hidl: ExeSetState type=vterm_dec, value=wl 48
02-21 23:52:09.562   757   757 I power_hidl: start write compatible, scene: vterm_dec, value: wl 48
02-21 23:52:09.562   757   757 I power_hidl: ExeSetState success, type=vterm_dec, index=45
02-21 23:52:09.563  2397  2740 I SmartChgBase/Arb_HidlParam: SetHidlValue Success:[module:BASP, scene:vterm_dec, value:wl 48]
02-21 23:52:09.564   757   757 I power_hidl: ExeSetState type=basp_coul_vdec, value=48
02-21 23:52:09.564   757   757 I power_hidl: start hvdp mmi test, type=basp_coul_vdec, value=48
02-21 23:52:09.565   757   757 I power_hidl: ExeSetState success, type=basp_coul_vdec, index=52
02-21 23:52:09.566  2397  2740 I SmartChgBase/Arb_HidlParam: SetHidlValue Success:[module:BASP, scene:basp_coul_vdec, value:48]
02-21 23:52:09.566  2397  2740 I SmartChgBase/Arb_HidlParam: Apply Skipped: IsApplyExcept return true. [moduleName:ASW, param:soc_control, detailsWithValue:source=trigger;event=heartbeat;chargestatus=start;value=1 95 100 1 1;]
02-21 23:52:09.566  2397  2734 E SmartChgBase/File: file /data/user_de/0/com.huawei.systemmanager/files/smart_charge/base/mock/enable is invalid in IsFileExist
02-21 23:52:09.566  2397  2734 E SmartChgBase/File: file /data/user_de/0/com.huawei.systemmanager/files/smart_charge/base/mock/enable is invalid in IsFileExist
02-21 23:52:09.588  1647  5886 I chatty  : uid=1000(system) Binder:1647_1B expire 1 line
02-21 23:52:09.590  3028  4055 I VoWifiQoe_N: ProcessReqInfo ul_msgid=5
02-21 23:52:09.590  3028  4055 I VoWifiQoe_N: processReqInfo MSG_WIFI_SIGNAL_INFO_IND 
02-21 23:52:09.590  3028  4055 I VoWifiQoe_N: ProcessSignalInfoInd curStateIsIdle 0 
02-21 23:52:09.590  3028  4055 I VoWifiQoe_N: ProcessSignalInfoInd wifiInterruptFlg 1 enScreenState 1 curStateIsIdle 0
02-21 23:52:09.590  3028  4055 I VoWifiQoe_N: UpdateEvaluatePolicy phoneId 0 is not qoe started!
02-21 23:52:09.590  3028  4055 I VoWifiQoe_N: UpdateEvaluatePolicy EVALUATE_POLICY_RSSI
02-21 23:52:09.628   760 11451 D AudioPolicyService: getUidState(10392) !cacheIter->second.first, return PROCESS_STATE_UNKNOWN
02-21 23:52:09.629   760   760 D AudioPolicyService: getUidState(10017) !cacheIter->second.first, return PROCESS_STATE_UNKNOWN
02-21 23:52:09.636   760   760 D AudioPolicyService: getUidState(10392) !cacheIter->second.first, return PROCESS_STATE_UNKNOWN
02-21 23:52:09.638  2972  7121 I HwNaturalBase: [CommonHandler]: 29731Kb ram is used.
02-21 23:52:09.650   760   760 D AudioPolicyService: getUidState(10392) !cacheIter->second.first, return PROCESS_STATE_UNKNOWN
02-21 23:52:09.650   760   760 D AudioPolicyService: getUidState(10017) !cacheIter->second.first, return PROCESS_STATE_UNKNOWN
02-21 23:52:09.670    47    47 W migration/6: type=1400 audit(0.0:1085964): avc: granted { setsched } for pid=47 scontext=u:r:kernel:s0 tcontext=u:r:kernel:s0 tclass=process
02-21 23:52:09.770    47    47 W migration/6: type=1400 audit(0.0:1085965): avc: granted { setsched } for pid=47 scontext=u:r:kernel:s0 tcontext=u:r:kernel:s0 tclass=process
02-21 23:52:09.794  1647  5888 I chatty  : uid=1000(system) Binder:1647_1D expire 1 line
02-21 23:52:09.795  3028  4055 I VoWifiQoe_N: ProcessReqInfo ul_msgid=5
02-21 23:52:09.795  3028  4055 I VoWifiQoe_N: processReqInfo MSG_WIFI_SIGNAL_INFO_IND 
02-21 23:52:09.795  3028  4055 I VoWifiQoe_N: ProcessSignalInfoInd curStateIsIdle 0 
02-21 23:52:09.795  3028  4055 I VoWifiQoe_N: ProcessSignalInfoInd wifiInterruptFlg 1 enScreenState 1 curStateIsIdle 0
02-21 23:52:09.795  3028  4055 I VoWifiQoe_N: UpdateEvaluatePolicy phoneId 0 is not qoe started!
02-21 23:52:09.795  3028  4055 I VoWifiQoe_N: UpdateEvaluatePolicy EVALUATE_POLICY_RSSI
02-21 23:52:09.805  2570  3835 I chatty  : uid=1000(system) JNITID-3835 expire 5 lines
02-21 23:52:09.806  2570  2760 D NpdcpAliveManager: ro.odm.npdcp_alive_cfg_enable is false
02-21 23:52:09.807  2570  3496 I chatty  : uid=1000(system) EmcomThread expire 4 lines
02-21 23:52:09.807  1647  2175 I chatty  : uid=1000(system) wifipro_feature expire 12 lines
02-21 23:52:09.869  3000  3201 I NcDftChip: NcChipDftEvent receive:NcChipDftEvent{Id=909009521, Length=464, Flag=0}
02-21 23:52:09.873  3000  3195 I HotspotComponent: handleChipEvent
02-21 23:52:09.970  3000  3021 I m.huawei.hivie: Background young concurrent copying GC freed 149137(5787KB) AllocSpace objects, 2(104KB) LOS objects, 50% free, 5987KB/11MB, paused 161us total 101.177ms
02-21 23:52:09.970  3000  3021 W m.huawei.hivie: Reducing the number of considered missed Gc histogram windows from 201 to 100
02-21 23:52:10.000  1647  5886 I chatty  : uid=1000(system) Binder:1647_1B expire 1 line
02-21 23:52:10.001  3028  4055 I VoWifiQoe_N: ProcessReqInfo ul_msgid=5
02-21 23:52:10.001  3028  4055 I VoWifiQoe_N: processReqInfo MSG_WIFI_SIGNAL_INFO_IND 
02-21 23:52:10.001  3028  4055 I VoWifiQoe_N: ProcessSignalInfoInd curStateIsIdle 0 
02-21 23:52:10.001  3028  4055 I VoWifiQoe_N: ProcessSignalInfoInd wifiInterruptFlg 1 enScreenState 1 curStateIsIdle 0
02-21 23:52:10.001  3028  4055 I VoWifiQoe_N: UpdateEvaluatePolicy phoneId 0 is not qoe started!
02-21 23:52:10.001  3028  4055 I VoWifiQoe_N: UpdateEvaluatePolicy EVALUATE_POLICY_RSSI
02-21 23:52:10.122  1647  2072 I chatty  : uid=1000(system) ClientModeImpl expire 2 lines
02-21 23:52:10.206  1647  5888 I chatty  : uid=1000(system) Binder:1647_1D expire 8 lines
02-21 23:52:10.207  3028  4055 I VoWifiQoe_N: ProcessReqInfo ul_msgid=5
02-21 23:52:10.207  3028  4055 I VoWifiQoe_N: processReqInfo MSG_WIFI_SIGNAL_INFO_IND 
02-21 23:52:10.207  3028  4055 I VoWifiQoe_N: ProcessSignalInfoInd curStateIsIdle 0 
02-21 23:52:10.207  3028  4055 I VoWifiQoe_N: ProcessSignalInfoInd wifiInterruptFlg 1 enScreenState 1 curStateIsIdle 0
02-21 23:52:10.207  3028  4055 I VoWifiQoe_N: UpdateEvaluatePolicy phoneId 0 is not qoe started!
02-21 23:52:10.207  3028  4055 I VoWifiQoe_N: UpdateEvaluatePolicy EVALUATE_POLICY_RSSI
02-21 23:52:10.412  3028  4055 I VoWifiQoe_N: ProcessReqInfo ul_msgid=5
02-21 23:52:10.412  3028  4055 I VoWifiQoe_N: processReqInfo MSG_WIFI_SIGNAL_INFO_IND 
02-21 23:52:10.412  3028  4055 I VoWifiQoe_N: ProcessSignalInfoInd curStateIsIdle 0 
02-21 23:52:10.412  3028  4055 I VoWifiQoe_N: ProcessSignalInfoInd wifiInterruptFlg 1 enScreenState 1 curStateIsIdle 0
02-21 23:52:10.412  3028  4055 I VoWifiQoe_N: UpdateEvaluatePolicy phoneId 0 is not qoe started!
02-21 23:52:10.413  3028  4055 I VoWifiQoe_N: UpdateEvaluatePolicy EVALUATE_POLICY_RSSI
02-21 23:52:10.617  3028  4055 I VoWifiQoe_N: ProcessReqInfo ul_msgid=5
02-21 23:52:10.617  3028  4055 I VoWifiQoe_N: processReqInfo MSG_WIFI_SIGNAL_INFO_IND 
02-21 23:52:10.618  3028  4055 I VoWifiQoe_N: ProcessSignalInfoInd curStateIsIdle 0 
02-21 23:52:10.618  3028  4055 I VoWifiQoe_N: ProcessSignalInfoInd wifiInterruptFlg 1 enScreenState 1 curStateIsIdle 0
02-21 23:52:10.618  3028  4055 I VoWifiQoe_N: UpdateEvaluatePolicy phoneId 0 is not qoe started!
02-21 23:52:10.618  3028  4055 I VoWifiQoe_N: UpdateEvaluatePolicy EVALUATE_POLICY_RSSI
02-21 23:52:10.665   760 11451 D AudioPolicyService: getUidState(10392) !cacheIter->second.first, return PROCESS_STATE_UNKNOWN
02-21 23:52:10.665   760 11451 D AudioPolicyService: getUidState(10017) !cacheIter->second.first, return PROCESS_STATE_UNKNOWN
02-21 23:52:10.671   760   760 D AudioPolicyService: getUidState(10392) !cacheIter->second.first, return PROCESS_STATE_UNKNOWN
02-21 23:52:10.688   760   760 D AudioPolicyService: getUidState(10392) !cacheIter->second.first, return PROCESS_STATE_UNKNOWN
02-21 23:52:10.688   760   760 D AudioPolicyService: getUidState(10017) !cacheIter->second.first, return PROCESS_STATE_UNKNOWN
02-21 23:52:10.690  2629  2880 I PG_ash  : pkg android calling: ru.yandex.disk, pid: 23355 ,type: bindservice
02-21 23:52:10.806  2805  3085 D DeviceMonitorPowerKit: run, sCountNum is 1
02-21 23:52:10.806  2805  3085 D DeviceMonitorPowerKit: interval is 199985, ElapsedRealtime is 1423519151, isNeedRepeat: false
02-21 23:52:10.806  2805  3085 E DeviceMonitorPowerKit: not Satify ApplyResource
02-21 23:52:10.829  3028  4055 I VoWifiQoe_N: ProcessReqInfo ul_msgid=5
02-21 23:52:10.829  3028  4055 I VoWifiQoe_N: processReqInfo MSG_WIFI_SIGNAL_INFO_IND 
02-21 23:52:10.829  2570  3835 I chatty  : uid=1000(system) JNITID-3835 expire 1 line
02-21 23:52:10.829  3028  4055 I VoWifiQoe_N: ProcessSignalInfoInd curStateIsIdle 0 
02-21 23:52:10.829  3028  4055 I VoWifiQoe_N: ProcessSignalInfoInd wifiInterruptFlg 1 enScreenState 1 curStateIsIdle 0
02-21 23:52:10.829  3028  4055 I VoWifiQoe_N: UpdateEvaluatePolicy phoneId 0 is not qoe started!
02-21 23:52:10.829  3028  4055 I VoWifiQoe_N: UpdateEvaluatePolicy EVALUATE_POLICY_RSSI
02-21 23:52:10.831  2570  2760 D NpdcpAliveManager: ro.odm.npdcp_alive_cfg_enable is false
02-21 23:52:10.919  2570  2760 I chatty  : uid=1000(system) OllieAwareThrea expire 1 line
02-21 23:52:10.973  1647  2071 I chatty  : uid=1000(system) WifiService expire 2 lines
02-21 23:52:11.042  3028  4055 I VoWifiQoe_N: ProcessReqInfo ul_msgid=5
02-21 23:52:11.042  3028  4055 I VoWifiQoe_N: processReqInfo MSG_WIFI_SIGNAL_INFO_IND 
02-21 23:52:11.042  3028  4055 I VoWifiQoe_N: ProcessSignalInfoInd curStateIsIdle 0 
02-21 23:52:11.042  3028  4055 I VoWifiQoe_N: ProcessSignalInfoInd wifiInterruptFlg 1 enScreenState 1 curStateIsIdle 0
02-21 23:52:11.042  3028  4055 I VoWifiQoe_N: UpdateEvaluatePolicy phoneId 0 is not qoe started!
02-21 23:52:11.042  3028  4055 I VoWifiQoe_N: UpdateEvaluatePolicy EVALUATE_POLICY_RSSI
02-21 23:52:11.248  3028  4055 I VoWifiQoe_N: ProcessReqInfo ul_msgid=5
02-21 23:52:11.248  3028  4055 I VoWifiQoe_N: processReqInfo MSG_WIFI_SIGNAL_INFO_IND 
02-21 23:52:11.248  3028  4055 I VoWifiQoe_N: ProcessSignalInfoInd curStateIsIdle 0 
02-21 23:52:11.248  3028  4055 I VoWifiQoe_N: ProcessSignalInfoInd wifiInterruptFlg 1 enScreenState 1 curStateIsIdle 0
02-21 23:52:11.248  3028  4055 I VoWifiQoe_N: UpdateEvaluatePolicy phoneId 0 is not qoe started!
02-21 23:52:11.248  3028  4055 I VoWifiQoe_N: UpdateEvaluatePolicy EVALUATE_POLICY_RSSI
02-21 23:52:11.310   760 11451 D AudioPolicyService: getUidState(10392) !cacheIter->second.first, return PROCESS_STATE_UNKNOWN
02-21 23:52:11.310   760 11451 D AudioPolicyService: getUidState(10017) !cacheIter->second.first, return PROCESS_STATE_UNKNOWN
02-21 23:52:11.315   760 11451 D AudioPolicyService: getUidState(10392) !cacheIter->second.first, return PROCESS_STATE_UNKNOWN
02-21 23:52:11.329   760 11451 D AudioPolicyService: getUidState(10392) !cacheIter->second.first, return PROCESS_STATE_UNKNOWN
02-21 23:52:11.329   760 11451 D AudioPolicyService: getUidState(10017) !cacheIter->second.first, return PROCESS_STATE_UNKNOWN
02-21 23:52:11.459  1647  5886 I chatty  : uid=1000(system) Binder:1647_1B expire 2 lines
02-21 23:52:11.461  3028  4055 I VoWifiQoe_N: ProcessReqInfo ul_msgid=5
02-21 23:52:11.461  3028  4055 I VoWifiQoe_N: processReqInfo MSG_WIFI_SIGNAL_INFO_IND 
02-21 23:52:11.461  3028  4055 I VoWifiQoe_N: ProcessSignalInfoInd curStateIsIdle 0 
02-21 23:52:11.461  3028  4055 I VoWifiQoe_N: ProcessSignalInfoInd wifiInterruptFlg 1 enScreenState 1 curStateIsIdle 0
02-21 23:52:11.461  3028  4055 I VoWifiQoe_N: UpdateEvaluatePolicy phoneId 0 is not qoe started!
02-21 23:52:11.461  3028  4055 I VoWifiQoe_N: UpdateEvaluatePolicy EVALUATE_POLICY_RSSI
02-21 23:52:11.477  2629  2880 I PG_ash  : has widget app: com.huawei.android.totemweather
02-21 23:52:11.474  2629  2629 W com.huawei.iaware: type=1400 audit(0.0:1085966): avc: granted { getattr } for pid=2629 comm=616374696F6E732068616E646C6572 path="/data/system/users/0/appwidgets.xml" dev="sdd71" ino=269263 scontext=u:r:system_app:s0 tcontext=u:object_r:system_data_file:s0 tclass=file
02-21 23:52:11.477  2629  2880 I PG_ash  : Application com.huawei.android.totemweather, oversea just update widget, delay to H!
02-21 23:52:11.669  3028  4055 I VoWifiQoe_N: ProcessReqInfo ul_msgid=5
02-21 23:52:11.669  3028  4055 I VoWifiQoe_N: processReqInfo MSG_WIFI_SIGNAL_INFO_IND 
02-21 23:52:11.669  3028  4055 I VoWifiQoe_N: ProcessSignalInfoInd curStateIsIdle 0 
02-21 23:52:11.669  3028  4055 I VoWifiQoe_N: ProcessSignalInfoInd wifiInterruptFlg 1 enScreenState 1 curStateIsIdle 0
02-21 23:52:11.669  3028  4055 I VoWifiQoe_N: UpdateEvaluatePolicy phoneId 0 is not qoe started!
02-21 23:52:11.669  3028  4055 I VoWifiQoe_N: UpdateEvaluatePolicy EVALUATE_POLICY_RSSI
02-21 23:52:11.854   760 11451 D AudioPolicyService: getUidState(10392) !cacheIter->second.first, return PROCESS_STATE_UNKNOWN
02-21 23:52:11.854   760 11451 D AudioPolicyService: getUidState(10017) !cacheIter->second.first, return PROCESS_STATE_UNKNOWN
02-21 23:52:11.854   760 11451 D AudioPolicyService: getUidState(10392) !cacheIter->second.first, return PROCESS_STATE_UNKNOWN
02-21 23:52:11.855  2570  3835 I chatty  : uid=1000(system) JNITID-3835 expire 2 lines
02-21 23:52:11.856  2570  2760 D NpdcpAliveManager: ro.odm.npdcp_alive_cfg_enable is false
02-21 23:52:11.858  2570  3496 I chatty  : uid=1000(system) EmcomThread expire 2 lines
02-21 23:52:11.858  2570  3835 I chatty  : uid=1000(system) JNITID-3835 expire 7 lines
02-21 23:52:11.872   760 27885 D AudioPolicyService: getUidState(10392) !cacheIter->second.first, return PROCESS_STATE_UNKNOWN
02-21 23:52:11.872   760 27885 D AudioPolicyService: getUidState(10017) !cacheIter->second.first, return PROCESS_STATE_UNKNOWN
02-21 23:52:11.870    47    47 W migration/6: type=1400 audit(0.0:1085967): avc: granted { setsched } for pid=47 scontext=u:r:kernel:s0 tcontext=u:r:kernel:s0 tclass=process
02-21 23:52:11.875  1647  5864 I chatty  : uid=1000(system) Binder:1647_13 expire 8 lines
02-21 23:52:11.876  3028  4055 I VoWifiQoe_N: ProcessReqInfo ul_msgid=5
02-21 23:52:11.876  3028  4055 I VoWifiQoe_N: processReqInfo MSG_WIFI_SIGNAL_INFO_IND 
02-21 23:52:11.876  3028  4055 I VoWifiQoe_N: ProcessSignalInfoInd curStateIsIdle 0 
02-21 23:52:11.876  3028  4055 I VoWifiQoe_N: ProcessSignalInfoInd wifiInterruptFlg 1 enScreenState 1 curStateIsIdle 0
02-21 23:52:11.876  3028  4055 I VoWifiQoe_N: UpdateEvaluatePolicy phoneId 0 is not qoe started!
02-21 23:52:11.876  3028  4055 I VoWifiQoe_N: UpdateEvaluatePolicy EVALUATE_POLICY_RSSI
02-21 23:52:11.878  1647  5864 I chatty  : uid=1000(system) Binder:1647_13 expire 19 lines
02-21 23:52:11.880  1006 19993 I iked    : [INFO]: ikev2.c:305: ikev2_periodic_task()
02-21 23:52:11.943   760 27885 D AudioPolicyService: getUidState(10392) !cacheIter->second.first, return PROCESS_STATE_UNKNOWN
02-21 23:52:11.943   760 27885 D AudioPolicyService: getUidState(10017) !cacheIter->second.first, return PROCESS_STATE_UNKNOWN
02-21 23:52:11.945  1647  1647 I chatty  : uid=1000 system_server expire 199 lines
02-21 23:52:11.946   760 27885 D AudioPolicyService: getUidState(10392) !cacheIter->second.first, return PROCESS_STATE_UNKNOWN
02-21 23:52:11.956   760 27885 D AudioPolicyService: getUidState(10392) !cacheIter->second.first, return PROCESS_STATE_UNKNOWN
02-21 23:52:11.956   760 27885 D AudioPolicyService: getUidState(10017) !cacheIter->second.first, return PROCESS_STATE_UNKNOWN
02-21 23:52:11.960  1647  1837 I chatty  : uid=1000(system) PowerManagerSer expire 14 lines
02-21 23:52:12.078  1647  2065 I chatty  : uid=1000(system) Binder:1647_3 expire 3 lines
02-21 23:52:12.082  3028  4055 I VoWifiQoe_N: ProcessReqInfo ul_msgid=5
02-21 23:52:12.082  3028  4055 I VoWifiQoe_N: processReqInfo MSG_WIFI_SIGNAL_INFO_IND 
02-21 23:52:12.082  3028  4055 I VoWifiQoe_N: ProcessSignalInfoInd curStateIsIdle 0 
02-21 23:52:12.082  3028  4055 I VoWifiQoe_N: ProcessSignalInfoInd wifiInterruptFlg 1 enScreenState 1 curStateIsIdle 0
02-21 23:52:12.082  3028  4055 I VoWifiQoe_N: UpdateEvaluatePolicy phoneId 0 is not qoe started!
02-21 23:52:12.082  3028  4055 I VoWifiQoe_N: UpdateEvaluatePolicy EVALUATE_POLICY_RSSI
02-21 23:52:12.082  3028  3028 E VoWifiQoe_N: NotifyScreenState 1
02-21 23:52:12.083  3028  4055 I VoWifiQoe_N: ProcessReqInfo ul_msgid=0
02-21 23:52:12.083  3028  4055 I VoWifiQoe_N: processReqInfo MSG_SCREEN_STATE 
02-21 23:52:12.083  3028  4055 I VoWifiQoe_N: ProcessScreenState screen state is 1!
02-21 23:52:12.083  3028  4055 I VoWifiQoe_N: UpdateQoePolicy, boot state phoneId 0 is 2 phoneId 1 is 0,, link state is 1!
02-21 23:52:12.087   760 11451 D AudioPolicyService: getUidState(10392) !cacheIter->second.first, return PROCESS_STATE_UNKNOWN
02-21 23:52:12.087   760 11451 D AudioPolicyService: getUidState(10017) !cacheIter->second.first, return PROCESS_STATE_UNKNOWN
02-21 23:52:12.091  1647  5888 I chatty  : uid=1000(system) Binder:1647_1D expire 10 lines
02-21 23:52:12.091   760 27885 D AudioPolicyService: getUidState(10392) !cacheIter->second.first, return PROCESS_STATE_UNKNOWN
02-21 23:52:12.093  3028  4055 I VoWifiQoe_N: enImsRegState 0, enCallState 0, enScreenState 1, enImsRegDomin 255
02-21 23:52:12.102  3028  4055 I VoWifiQoe_N: enImsRegState 0, enCallState 0, enScreenState 1, enImsRegDomin 255
02-21 23:52:12.102  3028  4055 E VoWifiQoe_N: GetTimeType timer type is 3
02-21 23:52:12.102  3028  4055 I VoWifiQoe_N: UpdateCycleInfo,cycle_len:200,evalNumR2B:10,evalNumB2R:10
02-21 23:52:12.102  3028  4055 I VoWifiQoe_N: UpdateCycleInfo,cycle_len:200,evalNumR2B:10,evalNumB2R:10
02-21 23:52:12.102  3028  4055 I VoWifiQoe_N: StartCycleQryTimer entry
02-21 23:52:12.106   760 27885 D AudioPolicyService: getUidState(10392) !cacheIter->second.first, return PROCESS_STATE_UNKNOWN
02-21 23:52:12.106   760 27885 D AudioPolicyService: getUidState(10017) !cacheIter->second.first, return PROCESS_STATE_UNKNOWN
02-21 23:52:12.110    53    53 W migration/7: type=1400 audit(0.0:1085968): avc: granted { setsched } for pid=53 scontext=u:r:kernel:s0 tcontext=u:r:kernel:s0 tclass=process
02-21 23:52:12.230    53    53 W migration/7: type=1400 audit(0.0:1085969): avc: granted { setsched } for pid=53 scontext=u:r:kernel:s0 tcontext=u:r:kernel:s0 tclass=process
02-21 23:52:12.230    47    47 W migration/6: type=1400 audit(0.0:1085970): avc: granted { setsched } for pid=47 scontext=u:r:kernel:s0 tcontext=u:r:kernel:s0 tclass=process
02-21 23:52:12.308  3028  4055 I VoWifiQoe_N: ProcessReqInfo ul_msgid=5
02-21 23:52:12.308  3028  4055 I VoWifiQoe_N: processReqInfo MSG_WIFI_SIGNAL_INFO_IND 
02-21 23:52:12.308  3028  4055 I VoWifiQoe_N: ProcessSignalInfoInd curStateIsIdle 0 
02-21 23:52:12.308  3028  4055 I VoWifiQoe_N: ProcessSignalInfoInd wifiInterruptFlg 1 enScreenState 1 curStateIsIdle 0
02-21 23:52:12.308  3028  4055 I VoWifiQoe_N: UpdateEvaluatePolicy phoneId 0 is not qoe started!
02-21 23:52:12.308  3028  4055 I VoWifiQoe_N: UpdateEvaluatePolicy EVALUATE_POLICY_RSSI
02-21 23:52:12.371  2972  7178 I HwNaturalBase: [Timer-1]: MultiUserManagerService:  getNotActiveUser start
02-21 23:52:12.475   760 27885 D AudioPolicyService: getUidState(10392) !cacheIter->second.first, return PROCESS_STATE_UNKNOWN
02-21 23:52:12.475   760 27885 D AudioPolicyService: getUidState(10017) !cacheIter->second.first, return PROCESS_STATE_UNKNOWN
02-21 23:52:12.479   760 11451 D AudioPolicyService: getUidState(10392) !cacheIter->second.first, return PROCESS_STATE_UNKNOWN
02-21 23:52:12.491   760 11451 D AudioPolicyService: getUidState(10392) !cacheIter->second.first, return PROCESS_STATE_UNKNOWN
02-21 23:52:12.491   760 11451 D AudioPolicyService: getUidState(10017) !cacheIter->second.first, return PROCESS_STATE_UNKNOWN
02-21 23:52:12.513  1647  5888 I chatty  : uid=1000(system) Binder:1647_1D expire 2 lines
02-21 23:52:12.514  3028  4055 I VoWifiQoe_N: ProcessReqInfo ul_msgid=5
02-21 23:52:12.514  3028  4055 I VoWifiQoe_N: processReqInfo MSG_WIFI_SIGNAL_INFO_IND 
02-21 23:52:12.514  3028  4055 I VoWifiQoe_N: ProcessSignalInfoInd curStateIsIdle 0 
02-21 23:52:12.514  3028  4055 I VoWifiQoe_N: ProcessSignalInfoInd wifiInterruptFlg 1 enScreenState 1 curStateIsIdle 0
02-21 23:52:12.514  3028  4055 I VoWifiQoe_N: UpdateEvaluatePolicy phoneId 0 is not qoe started!
02-21 23:52:12.514  3028  4055 I VoWifiQoe_N: UpdateEvaluatePolicy EVALUATE_POLICY_RSSI
02-21 23:52:12.703  1033  1033 E Thermal-daemon:hw_thermal: [ap] tempNew :26  tempOld :25
02-21 23:52:12.704  1033  1033 E Thermal-daemon:hw_thermal: Report temperature: [ap] temp :26  reportThreshold:1
02-21 23:52:12.726  3028  4055 I VoWifiQoe_N: ProcessReqInfo ul_msgid=5
02-21 23:52:12.726  3028  4055 I VoWifiQoe_N: processReqInfo MSG_WIFI_SIGNAL_INFO_IND 
02-21 23:52:12.726  3028  4055 I VoWifiQoe_N: ProcessSignalInfoInd curStateIsIdle 0 
02-21 23:52:12.726  3028  4055 I VoWifiQoe_N: ProcessSignalInfoInd wifiInterruptFlg 1 enScreenState 1 curStateIsIdle 0
02-21 23:52:12.726  3028  4055 I VoWifiQoe_N: UpdateEvaluatePolicy phoneId 0 is not qoe started!
02-21 23:52:12.726  3028  4055 I VoWifiQoe_N: UpdateEvaluatePolicy EVALUATE_POLICY_RSSI
02-21 23:52:12.765  1647  2072 I chatty  : uid=1000(system) ClientModeImpl expire 3 lines
02-21 23:52:12.767  1647  2178 I chatty  : uid=1000(system) HuaweiWifiWatch expire 6 lines
02-21 23:52:12.768  1647  2071 I chatty  : uid=1000(system) WifiService expire 15 lines
02-21 23:52:12.768  1647  2181 I chatty  : uid=1000(system) HwDualBandState expire 2 lines
02-21 23:52:12.769  1647 10748 I chatty  : uid=1000(system) MobileQosDetect expire 1 line
02-21 23:52:12.769  1647 10748 I chatty  : uid=1000(system) MobileQosDetect expire 2 lines
02-21 23:52:12.878   760 27885 D AudioPolicyService: getUidState(10392) !cacheIter->second.first, return PROCESS_STATE_UNKNOWN
02-21 23:52:12.879   760 27885 D AudioPolicyService: getUidState(10017) !cacheIter->second.first, return PROCESS_STATE_UNKNOWN
02-21 23:52:12.884  2570  2760 D NpdcpAliveManager: ro.odm.npdcp_alive_cfg_enable is false
02-21 23:52:12.885  2570  3496 I chatty  : uid=1000(system) EmcomThread expire 4 lines
02-21 23:52:12.885  1647  2175 I chatty  : uid=1000(system) wifipro_feature expire 8 lines
02-21 23:52:12.888   760 11451 D AudioPolicyService: getUidState(10392) !cacheIter->second.first, return PROCESS_STATE_UNKNOWN
02-21 23:52:12.889  2629  2880 I ash_dd  : com.huawei.health not ctrl in charging, delay to D!
02-21 23:52:12.896   760 11451 D AudioPolicyService: getUidState(10392) !cacheIter->second.first, return PROCESS_STATE_UNKNOWN
02-21 23:52:12.896   760 11451 D AudioPolicyService: getUidState(10017) !cacheIter->second.first, return PROCESS_STATE_UNKNOWN
02-21 23:52:12.910    47    47 W migration/6: type=1400 audit(0.0:1085971): avc: granted { setsched } for pid=47 scontext=u:r:kernel:s0 tcontext=u:r:kernel:s0 tclass=process
02-21 23:52:12.939  3028  4055 I VoWifiQoe_N: ProcessReqInfo ul_msgid=5
02-21 23:52:12.939  3028  4055 I VoWifiQoe_N: processReqInfo MSG_WIFI_SIGNAL_INFO_IND 
02-21 23:52:12.939  3028  4055 I VoWifiQoe_N: ProcessSignalInfoInd curStateIsIdle 0 
02-21 23:52:12.939  3028  4055 I VoWifiQoe_N: ProcessSignalInfoInd wifiInterruptFlg 1 enScreenState 1 curStateIsIdle 0
02-21 23:52:12.939  3028  4055 I VoWifiQoe_N: UpdateEvaluatePolicy phoneId 0 is not qoe started!
02-21 23:52:12.939  3028  4055 I VoWifiQoe_N: UpdateEvaluatePolicy EVALUATE_POLICY_RSSI
02-21 23:52:13.010    47    47 W migration/6: type=1400 audit(0.0:1085972): avc: granted { setsched } for pid=47 scontext=u:r:kernel:s0 tcontext=u:r:kernel:s0 tclass=process
02-21 23:52:13.144  3028  4055 I VoWifiQoe_N: ProcessReqInfo ul_msgid=5
02-21 23:52:13.144  3028  4055 I VoWifiQoe_N: processReqInfo MSG_WIFI_SIGNAL_INFO_IND 
02-21 23:52:13.144  3028  4055 I VoWifiQoe_N: ProcessSignalInfoInd curStateIsIdle 0 
02-21 23:52:13.144  3028  4055 I VoWifiQoe_N: ProcessSignalInfoInd wifiInterruptFlg 1 enScreenState 1 curStateIsIdle 0
02-21 23:52:13.144  3028  4055 I VoWifiQoe_N: UpdateEvaluatePolicy phoneId 0 is not qoe started!
02-21 23:52:13.144  3028  4055 I VoWifiQoe_N: UpdateEvaluatePolicy EVALUATE_POLICY_RSSI
02-21 23:52:13.165   662   662 I netd    : trafficSwapActiveStatsMap() <14.84ms>
02-21 23:52:13.344  2972  5698 I HwSearchService: [IndexServiceGuarderHandler]: IndexRAMMonitor: 29MB ram is used
02-21 23:52:13.358  3028  4055 I VoWifiQoe_N: ProcessReqInfo ul_msgid=5
02-21 23:52:13.358  3028  4055 I VoWifiQoe_N: processReqInfo MSG_WIFI_SIGNAL_INFO_IND 
02-21 23:52:13.358  3028  4055 I VoWifiQoe_N: ProcessSignalInfoInd curStateIsIdle 0 
02-21 23:52:13.358  3028  4055 I VoWifiQoe_N: ProcessSignalInfoInd wifiInterruptFlg 1 enScreenState 1 curStateIsIdle 0
02-21 23:52:13.358  3028  4055 I VoWifiQoe_N: UpdateEvaluatePolicy phoneId 0 is not qoe started!
02-21 23:52:13.358  3028  4055 I VoWifiQoe_N: UpdateEvaluatePolicy EVALUATE_POLICY_RSSI
02-21 23:52:13.371   760 11451 D AudioPolicyService: getUidState(10392) !cacheIter->second.first, return PROCESS_STATE_UNKNOWN
02-21 23:52:13.371   760 11451 D AudioPolicyService: getUidState(10017) !cacheIter->second.first, return PROCESS_STATE_UNKNOWN
02-21 23:52:13.391   760 11451 D AudioPolicyService: getUidState(10392) !cacheIter->second.first, return PROCESS_STATE_UNKNOWN
02-21 23:52:13.392   760 11451 D AudioPolicyService: getUidState(10017) !cacheIter->second.first, return PROCESS_STATE_UNKNOWN
02-21 23:52:13.571  3028  4055 I VoWifiQoe_N: ProcessReqInfo ul_msgid=5
02-21 23:52:13.571  3028  4055 I VoWifiQoe_N: processReqInfo MSG_WIFI_SIGNAL_INFO_IND 
02-21 23:52:13.571  3028  4055 I VoWifiQoe_N: ProcessSignalInfoInd curStateIsIdle 0 
02-21 23:52:13.571  3028  4055 I VoWifiQoe_N: ProcessSignalInfoInd wifiInterruptFlg 1 enScreenState 1 curStateIsIdle 0
02-21 23:52:13.571  3028  4055 I VoWifiQoe_N: UpdateEvaluatePolicy phoneId 0 is not qoe started!
02-21 23:52:13.571  3028  4055 I VoWifiQoe_N: UpdateEvaluatePolicy EVALUATE_POLICY_RSSI
02-21 23:52:13.783  3028  4055 I VoWifiQoe_N: ProcessReqInfo ul_msgid=5
02-21 23:52:13.783  3028  4055 I VoWifiQoe_N: processReqInfo MSG_WIFI_SIGNAL_INFO_IND 
02-21 23:52:13.783  3028  4055 I VoWifiQoe_N: ProcessSignalInfoInd curStateIsIdle 0 
02-21 23:52:13.783  3028  4055 I VoWifiQoe_N: ProcessSignalInfoInd wifiInterruptFlg 1 enScreenState 1 curStateIsIdle 0
02-21 23:52:13.783  3028  4055 I VoWifiQoe_N: UpdateEvaluatePolicy phoneId 0 is not qoe started!
02-21 23:52:13.783  3028  4055 I VoWifiQoe_N: UpdateEvaluatePolicy EVALUATE_POLICY_RSSI
02-21 23:52:13.842    47    47 W migration/6: type=1400 audit(0.0:1085973): avc: granted { setsched } for pid=47 scontext=u:r:kernel:s0 tcontext=u:r:kernel:s0 tclass=process
02-21 23:52:13.846    53    53 W migration/7: type=1400 audit(0.0:1085974): avc: granted { setsched } for pid=53 scontext=u:r:kernel:s0 tcontext=u:r:kernel:s0 tclass=process
02-21 23:52:13.902  2570  2760 D NpdcpAliveManager: ro.odm.npdcp_alive_cfg_enable is false
02-21 23:52:13.905   662   662 I netd    : trafficSwapActiveStatsMap() <9.54ms>
02-21 23:52:13.990    53    53 W migration/7: type=1400 audit(0.0:1085975): avc: granted { setsched } for pid=53 scontext=u:r:kernel:s0 tcontext=u:r:kernel:s0 tclass=process
02-21 23:52:13.990    47    47 W migration/6: type=1400 audit(0.0:1085976): avc: granted { setsched } for pid=47 scontext=u:r:kernel:s0 tcontext=u:r:kernel:s0 tclass=process
02-21 23:52:13.995  1647  1686 I chatty  : uid=1000(system) Binder:1647_2 expire 1 line
02-21 23:52:13.996  3028  4055 I VoWifiQoe_N: ProcessReqInfo ul_msgid=5
02-21 23:52:13.996  3028  4055 I VoWifiQoe_N: processReqInfo MSG_WIFI_SIGNAL_INFO_IND 
02-21 23:52:13.996  3028  4055 I VoWifiQoe_N: ProcessSignalInfoInd curStateIsIdle 0 
02-21 23:52:13.996  3028  4055 I VoWifiQoe_N: ProcessSignalInfoInd wifiInterruptFlg 1 enScreenState 1 curStateIsIdle 0
02-21 23:52:13.996  3028  4055 I VoWifiQoe_N: UpdateEvaluatePolicy phoneId 0 is not qoe started!
02-21 23:52:13.996  3028  4055 I VoWifiQoe_N: UpdateEvaluatePolicy EVALUATE_POLICY_RSSI
02-21 23:52:14.030  1647  1686 I chatty  : uid=1000(system) Binder:1647_2 expire 13 lines
02-21 23:52:14.042   760 11451 D AudioPolicyService: getUidState(10392) !cacheIter->second.first, return PROCESS_STATE_UNKNOWN
02-21 23:52:14.043   760 11451 D AudioPolicyService: getUidState(10017) !cacheIter->second.first, return PROCESS_STATE_UNKNOWN
02-21 23:52:14.048   760 27885 D AudioPolicyService: getUidState(10392) !cacheIter->second.first, return PROCESS_STATE_UNKNOWN
02-21 23:52:14.063   760 27885 D AudioPolicyService: getUidState(10392) !cacheIter->second.first, return PROCESS_STATE_UNKNOWN
02-21 23:52:14.063   760 27885 D AudioPolicyService: getUidState(10017) !cacheIter->second.first, return PROCESS_STATE_UNKNOWN
02-21 23:52:14.065  1647  1647 I chatty  : uid=1000 system_server expire 191 lines
02-21 23:52:14.065  1647  1837 I chatty  : uid=1000(system) PowerManagerSer expire 11 lines
02-21 23:52:14.066  1647  5864 I chatty  : uid=1000(system) Binder:1647_13 expire 7 lines
02-21 23:52:14.209  3028  4055 I VoWifiQoe_N: ProcessReqInfo ul_msgid=5
02-21 23:52:14.210  3028  4055 I VoWifiQoe_N: processReqInfo MSG_WIFI_SIGNAL_INFO_IND 
02-21 23:52:14.210  3028  4055 I VoWifiQoe_N: ProcessSignalInfoInd curStateIsIdle 0 
02-21 23:52:14.210  3028  4055 I VoWifiQoe_N: ProcessSignalInfoInd wifiInterruptFlg 1 enScreenState 1 curStateIsIdle 0
02-21 23:52:14.210  3028  4055 I VoWifiQoe_N: UpdateEvaluatePolicy phoneId 0 is not qoe started!
02-21 23:52:14.210  3028  4055 I VoWifiQoe_N: UpdateEvaluatePolicy EVALUATE_POLICY_RSSI
02-21 23:52:14.416  3028  4055 I VoWifiQoe_N: ProcessReqInfo ul_msgid=5
02-21 23:52:14.416  3028  4055 I VoWifiQoe_N: processReqInfo MSG_WIFI_SIGNAL_INFO_IND 
02-21 23:52:14.416  3028  4055 I VoWifiQoe_N: ProcessSignalInfoInd curStateIsIdle 0 
02-21 23:52:14.416  3028  4055 I VoWifiQoe_N: ProcessSignalInfoInd wifiInterruptFlg 1 enScreenState 1 curStateIsIdle 0
02-21 23:52:14.416  3028  4055 I VoWifiQoe_N: UpdateEvaluatePolicy phoneId 0 is not qoe started!
02-21 23:52:14.416  3028  4055 I VoWifiQoe_N: UpdateEvaluatePolicy EVALUATE_POLICY_RSSI
02-21 23:52:14.545 23355 23626 I OfflineFilesSync: [Sync Thread Executor:Mx.r] Offline files collection is empty. Finishing OfflineFilesSyncOperation
02-21 23:52:14.545 23355 23626 I ru.yandex.disk: Offline files collection is empty. Finishing OfflineFilesSyncOperation
02-21 23:52:14.562  1647  5888 I chatty  : uid=1000(system) Binder:1647_1D expire 8 lines
02-21 23:52:14.563   760 27885 D AudioPolicyService: getUidState(10392) !cacheIter->second.first, return PROCESS_STATE_UNKNOWN
02-21 23:52:14.564   760 27885 D AudioPolicyService: getUidState(10017) !cacheIter->second.first, return PROCESS_STATE_UNKNOWN
02-21 23:52:14.568   760 27885 D AudioPolicyService: getUidState(10392) !cacheIter->second.first, return PROCESS_STATE_UNKNOWN
02-21 23:52:14.585   760 27885 D AudioPolicyService: getUidState(10392) !cacheIter->second.first, return PROCESS_STATE_UNKNOWN
02-21 23:52:14.586   760 27885 D AudioPolicyService: getUidState(10017) !cacheIter->second.first, return PROCESS_STATE_UNKNOWN
02-21 23:52:14.621  1647  5864 I chatty  : uid=1000(system) Binder:1647_13 expire 2 lines
02-21 23:52:14.622  3028  4055 I VoWifiQoe_N: ProcessReqInfo ul_msgid=5
02-21 23:52:14.622  3028  4055 I VoWifiQoe_N: processReqInfo MSG_WIFI_SIGNAL_INFO_IND 
02-21 23:52:14.622  3028  4055 I VoWifiQoe_N: ProcessSignalInfoInd curStateIsIdle 0 
02-21 23:52:14.622  3028  4055 I VoWifiQoe_N: ProcessSignalInfoInd wifiInterruptFlg 1 enScreenState 1 curStateIsIdle 0
02-21 23:52:14.622  3028  4055 I VoWifiQoe_N: UpdateEvaluatePolicy phoneId 0 is not qoe started!
02-21 23:52:14.622  3028  4055 I VoWifiQoe_N: UpdateEvaluatePolicy EVALUATE_POLICY_RSSI
02-21 23:52:14.686  1647  2183 I chatty  : uid=1000(system) HwSelfCureEngin expire 7 lines
02-21 23:52:14.726  3000  3195 I HotspotComponent: handleEvent
02-21 23:52:14.726  3000  3195 I HotspotComponent: handleEvent not handle the event:1121
02-21 23:52:14.727  3000  3195 I WifiProComponent: default event
02-21 23:52:14.727  3000  3195 I HotspotComponent: handleEvent
02-21 23:52:14.727  3000  3195 I HotspotComponent: handleEvent not handle the event:1128
02-21 23:52:14.727  3000  3202 D HwCHRWifiRSSIGroupSummery: updatArpSummery rssi:-1 HwCHRWifiRSSIGroup [mRssiIndex=4, mRttTcpPackets=0, mRttTcpDuration=0, mRttLanDuration=45268, mRttLanFailures=25, mRttLanSucc=2522, mRttLanMax=984, mRttLanMin=3,mSameFrequency=0,mAdjacentFrequency=0]
02-21 23:52:14.829  3028  4055 I VoWifiQoe_N: ProcessReqInfo ul_msgid=5
02-21 23:52:14.829  3028  4055 I VoWifiQoe_N: processReqInfo MSG_WIFI_SIGNAL_INFO_IND 
02-21 23:52:14.829  3028  4055 I VoWifiQoe_N: ProcessSignalInfoInd curStateIsIdle 0 
02-21 23:52:14.829  3028  4055 I VoWifiQoe_N: ProcessSignalInfoInd wifiInterruptFlg 1 enScreenState 1 curStateIsIdle 0
02-21 23:52:14.829  3028  4055 I VoWifiQoe_N: UpdateEvaluatePolicy phoneId 0 is not qoe started!
02-21 23:52:14.829  3028  4055 I VoWifiQoe_N: UpdateEvaluatePolicy EVALUATE_POLICY_RSSI
02-21 23:52:14.883  1006 19993 I iked    : [INFO]: ikev2.c:305: ikev2_periodic_task()
02-21 23:52:14.929  2570  3835 I chatty  : uid=1000(system) JNITID-3835 expire 2 lines
02-21 23:52:14.929  2570  3835 I Collector: HandleRawWifiInfo: flag:0, netId:0!
02-21 23:52:14.936  2570  2760 D NpdcpAliveManager: ro.odm.npdcp_alive_cfg_enable is false
02-21 23:52:14.936  2570  3496 I Hicom_Monitor: handleNetworkQoeReport. foregroundAppTcpRtt: 0, maxRatioChannelId: 2
02-21 23:52:14.936  2570  3496 I Hicom_Monitor: handleNetworkQoeReport. qoeString: 11088,4,0,319,1,2,4,0,319,144400,65000,10,10,0,0,0,0
02-21 23:52:14.937  1647  2175 I chatty  : uid=1000(system) wifipro_feature expire 8 lines
02-21 23:52:14.939  1647  5886 I chatty  : uid=1000(system) Binder:1647_1B expire 13 lines
02-21 23:52:14.940   760 11451 D AudioPolicyService: getUidState(10392) !cacheIter->second.first, return PROCESS_STATE_UNKNOWN
02-21 23:52:14.940   760 11451 D AudioPolicyService: getUidState(10017) !cacheIter->second.first, return PROCESS_STATE_UNKNOWN
02-21 23:52:14.944   760 11451 D AudioPolicyService: getUidState(10392) !cacheIter->second.first, return PROCESS_STATE_UNKNOWN
02-21 23:52:14.961  1647  2668 I chatty  : uid=1000(system) Binder:1647_B expire 2 lines
02-21 23:52:14.963   760 11451 D AudioPolicyService: getUidState(10392) !cacheIter->second.first, return PROCESS_STATE_UNKNOWN
02-21 23:52:14.963   760 11451 D AudioPolicyService: getUidState(10017) !cacheIter->second.first, return PROCESS_STATE_UNKNOWN
02-21 23:52:14.970    47    47 W migration/6: type=1400 audit(0.0:1085977): avc: granted { setsched } for pid=47 scontext=u:r:kernel:s0 tcontext=u:r:kernel:s0 tclass=process
02-21 23:52:14.970    53    53 W migration/7: type=1400 audit(0.0:1085978): avc: granted { setsched } for pid=53 scontext=u:r:kernel:s0 tcontext=u:r:kernel:s0 tclass=process
02-21 23:52:14.976  1647  2071 I chatty  : uid=1000(system) WifiService expire 2 lines
02-21 23:52:14.976   760 11451 D AudioPolicyService: getUidState(10392) !cacheIter->second.first, return PROCESS_STATE_UNKNOWN
02-21 23:52:14.976   760 11451 D AudioPolicyService: getUidState(10017) !cacheIter->second.first, return PROCESS_STATE_UNKNOWN
02-21 23:52:14.976   760 27885 D AudioPolicyService: getUidState(10392) !cacheIter->second.first, return PROCESS_STATE_UNKNOWN
02-21 23:52:14.987   760   760 D AudioPolicyService: getUidState(10392) !cacheIter->second.first, return PROCESS_STATE_UNKNOWN
02-21 23:52:14.987   760   760 D AudioPolicyService: getUidState(10017) !cacheIter->second.first, return PROCESS_STATE_UNKNOWN
02-21 23:52:15.032  1647  1686 I chatty  : uid=1000(system) Binder:1647_2 expire 1 line
02-21 23:52:15.034  3028  4055 I VoWifiQoe_N: ProcessReqInfo ul_msgid=5
02-21 23:52:15.034  3028  4055 I VoWifiQoe_N: processReqInfo MSG_WIFI_SIGNAL_INFO_IND 
02-21 23:52:15.034  3028  4055 I VoWifiQoe_N: ProcessSignalInfoInd curStateIsIdle 0 
02-21 23:52:15.034  3028  4055 I VoWifiQoe_N: ProcessSignalInfoInd wifiInterruptFlg 1 enScreenState 1 curStateIsIdle 0
02-21 23:52:15.034  3028  4055 I VoWifiQoe_N: UpdateEvaluatePolicy phoneId 0 is not qoe started!
02-21 23:52:15.034  3028  4055 I VoWifiQoe_N: UpdateEvaluatePolicy EVALUATE_POLICY_RSSI
02-21 23:52:15.052   760 27885 D AudioPolicyService: getUidState(10392) !cacheIter->second.first, return PROCESS_STATE_UNKNOWN
02-21 23:52:15.052   760 27885 D AudioPolicyService: getUidState(10017) !cacheIter->second.first, return PROCESS_STATE_UNKNOWN
02-21 23:52:15.060   760   760 D AudioPolicyService: getUidState(10392) !cacheIter->second.first, return PROCESS_STATE_UNKNOWN
02-21 23:52:15.060   760   760 D AudioPolicyService: getUidState(10017) !cacheIter->second.first, return PROCESS_STATE_UNKNOWN
02-21 23:52:15.190    53    53 W migration/7: type=1400 audit(0.0:1085979): avc: granted { setsched } for pid=53 scontext=u:r:kernel:s0 tcontext=u:r:kernel:s0 tclass=process
02-21 23:52:15.190    47    47 W migration/6: type=1400 audit(0.0:1085980): avc: granted { setsched } for pid=47 scontext=u:r:kernel:s0 tcontext=u:r:kernel:s0 tclass=process
02-21 23:52:15.240  1647  5886 I chatty  : uid=1000(system) Binder:1647_1B expire 4 lines
02-21 23:52:15.241  3028  4055 I VoWifiQoe_N: ProcessReqInfo ul_msgid=5
02-21 23:52:15.241  3028  4055 I VoWifiQoe_N: processReqInfo MSG_WIFI_SIGNAL_INFO_IND 
02-21 23:52:15.241  3028  4055 I VoWifiQoe_N: ProcessSignalInfoInd curStateIsIdle 0 
02-21 23:52:15.241  3028  4055 I VoWifiQoe_N: ProcessSignalInfoInd wifiInterruptFlg 1 enScreenState 1 curStateIsIdle 0
02-21 23:52:15.241  3028  4055 I VoWifiQoe_N: UpdateEvaluatePolicy phoneId 0 is not qoe started!
02-21 23:52:15.241  3028  4055 I VoWifiQoe_N: UpdateEvaluatePolicy EVALUATE_POLICY_RSSI
02-21 23:52:15.413 23355 23624 W CursorWindow: Window is full: requested allocation 56 bytes, free space 8 bytes, window size 2097152 bytes
02-21 23:52:15.430 23355 23626 I OfflineFilesSync: [Sync Thread Executor:Mx.r] Offline files collection is empty. Finishing OfflineFilesSyncOperation
02-21 23:52:15.430 23355 23626 I ru.yandex.disk: Offline files collection is empty. Finishing OfflineFilesSyncOperation
02-21 23:52:15.448  3028  4055 I VoWifiQoe_N: ProcessReqInfo ul_msgid=5
02-21 23:52:15.448  3028  4055 I VoWifiQoe_N: processReqInfo MSG_WIFI_SIGNAL_INFO_IND 
02-21 23:52:15.449  3028  4055 I VoWifiQoe_N: ProcessSignalInfoInd curStateIsIdle 0 
02-21 23:52:15.449  3028  4055 I VoWifiQoe_N: ProcessSignalInfoInd wifiInterruptFlg 1 enScreenState 1 curStateIsIdle 0
02-21 23:52:15.449  3028  4055 I VoWifiQoe_N: UpdateEvaluatePolicy phoneId 0 is not qoe started!
02-21 23:52:15.449  3028  4055 I VoWifiQoe_N: UpdateEvaluatePolicy EVALUATE_POLICY_RSSI
02-21 23:52:15.538  2629  2880 I ash_dd  : dev.imranr.obtainium not ctrl in charging, delay to D!
02-21 23:52:15.580   760   760 D AudioPolicyService: getUidState(10392) !cacheIter->second.first, return PROCESS_STATE_UNKNOWN
02-21 23:52:15.580   760   760 D AudioPolicyService: getUidState(10017) !cacheIter->second.first, return PROCESS_STATE_UNKNOWN
