02-21 23:51:56.955  1026 23703 D keymaster_worker: Keystore finish end
02-21 23:51:56.957  1026 23704 D keymaster_worker: Keystore begin
02-21 23:51:56.957  1026 23704 D keymaster_worker: Keystore begin hidl
02-21 23:51:56.964  1026 23704 D keymaster_worker: Keystore begin hidl end
02-21 23:51:56.964  1026 23704 D keymaster_worker: Keystore begin end
02-21 23:51:56.965  1026 23705 D keymaster_worker: Keystore update
02-21 23:51:56.965  1026 23705 D keymaster_worker: Keystore update hidl
02-21 23:51:56.969  1026 23705 D keymaster_worker: Keystore update hidl end
02-21 23:51:56.969  1026 23705 D keymaster_worker: Keystore update end
02-21 23:51:56.970  1026 23706 D keymaster_worker: Keystore finish
02-21 23:51:56.970  1026 23706 D keymaster_worker: Keystore finish hidl
02-21 23:51:56.970    53    53 W migration/7: type=1400 audit(0.0:1085884): avc: granted { setsched } for pid=53 scontext=u:r:kernel:s0 tcontext=u:r:kernel:s0 tclass=process
02-21 23:51:56.970    47    47 W migration/6: type=1400 audit(0.0:1085885): avc: granted { setsched } for pid=47 scontext=u:r:kernel:s0 tcontext=u:r:kernel:s0 tclass=process
02-21 23:51:56.974  1026 23706 D keymaster_worker: Keystore finish hidl end
02-21 23:51:56.974  1026 23706 D keymaster_worker: Keystore finish end
02-21 23:51:56.977  1026 23707 D keymaster_worker: Keystore begin
02-21 23:51:56.977  1026 23707 D keymaster_worker: Keystore begin hidl
02-21 23:51:56.984  1026 23707 D keymaster_worker: Keystore begin hidl end
02-21 23:51:56.984  1026 23707 D keymaster_worker: Keystore begin end
02-21 23:51:56.986  1026 23708 D keymaster_worker: Keystore update
02-21 23:51:56.986  1026 23708 D keymaster_worker: Keystore update hidl
02-21 23:51:56.989  1026 23708 D keymaster_worker: Keystore update hidl end
02-21 23:51:56.989  1026 23708 D keymaster_worker: Keystore update end
02-21 23:51:56.990  1026 23709 D keymaster_worker: Keystore finish
02-21 23:51:56.990  1026 23709 D keymaster_worker: Keystore finish hidl
02-21 23:51:56.994  1026 23709 D keymaster_worker: Keystore finish hidl end
02-21 23:51:56.994  1026 23709 D keymaster_worker: Keystore finish end
02-21 23:51:57.013  2629  2880 I chatty  : uid=1000(system) actions handler expire 12 lines
02-21 23:51:57.063  1647  2778 I chatty  : uid=1000(system) Binder:1647_E expire 1 line
02-21 23:51:57.094    47    47 W migration/6: type=1400 audit(0.0:1085886): avc: granted { setsched } for pid=47 scontext=u:r:kernel:s0 tcontext=u:r:kernel:s0 tclass=process
02-21 23:51:57.192 23423 23560 E SQLiteDatabase: Error inserting UNIQUE constraint failed: gcm_subscriptions.uid (Sqlite code 1555 SQLITE_CONSTRAINT_PRIMARYKEY), (OS error - 2:No such file or directory)
02-21 23:51:57.210    47    47 W migration/6: type=1400 audit(0.0:1085887): avc: granted { setsched } for pid=47 scontext=u:r:kernel:s0 tcontext=u:r:kernel:s0 tclass=process
02-21 23:51:57.517  2570  3835 I chatty  : uid=1000(system) JNITID-3835 expire 8 lines
02-21 23:51:57.519  2570  2760 D NpdcpAliveManager: ro.odm.npdcp_alive_cfg_enable is false
02-21 23:51:57.519  2570  3496 I chatty  : uid=1000(system) EmcomThread expire 6 lines
02-21 23:51:57.582    47    47 W migration/6: type=1400 audit(0.0:1085888): avc: granted { setsched } for pid=47 scontext=u:r:kernel:s0 tcontext=u:r:kernel:s0 tclass=process
02-21 23:51:57.721   760 11451 D AudioPolicyService: getUidState(10392) !cacheIter->second.first, return PROCESS_STATE_UNKNOWN
02-21 23:51:57.721   760 11451 D AudioPolicyService: getUidState(10017) !cacheIter->second.first, return PROCESS_STATE_UNKNOWN
02-21 23:51:57.724   760   760 D AudioPolicyService: getUidState(10392) !cacheIter->second.first, return PROCESS_STATE_UNKNOWN
02-21 23:51:57.747   663   663 I Zygote  : Process 17815 exited due to signal 9 (Killed)
02-21 23:51:57.750   760   760 D AudioPolicyService: getUidState(10392) !cacheIter->second.first, return PROCESS_STATE_UNKNOWN
02-21 23:51:57.750   760   760 D AudioPolicyService: getUidState(10017) !cacheIter->second.first, return PROCESS_STATE_UNKNOWN
02-21 23:51:57.751  1647  2960 I chatty  : uid=1000(system) Binder:1647_10 expire 11 lines
02-21 23:51:57.751  1647  2960 I chatty  : uid=1000(system) Binder:1647_10 expire 6 lines
02-21 23:51:57.752  1647  2107 I chatty  : uid=1000(system) Thread-6 expire 6 lines
02-21 23:51:57.752  1647  1800 I chatty  : uid=1000(system) HwActivityTaskM expire 2 lines
02-21 23:51:57.753  1647  2038 I chatty  : uid=1000(system) sManagerService expire 2 lines
02-21 23:51:57.758   760   760 D AudioPolicyService: getUidState(10117) !cacheIter->second.first, return PROCESS_STATE_UNKNOWN
02-21 23:51:57.759  2570 17856 I chatty  : uid=1000(system) Binder:2570_A expire 4 lines
02-21 23:51:57.760   663   663 I Zygote  : Process 10927 exited due to signal 9 (Killed)
02-21 23:51:57.762  1647  2065 I chatty  : uid=1000(system) Binder:1647_3 expire 3 lines
02-21 23:51:57.762  1647  2093 I chatty  : uid=1000(system) ConnectivitySer expire 6 lines
02-21 23:51:57.764  2570  2614 I chatty  : uid=1000(system) Binder:2570_3 expire 4 lines
02-21 23:51:57.765  1647  1825 I chatty  : uid=1000(system) ActivityManager expire 2 lines
02-21 23:51:57.766   760   760 D AudioPolicyService: getUidState(10309) !cacheIter->second.first, return PROCESS_STATE_UNKNOWN
02-21 23:51:57.768  1647  1686 I chatty  : uid=1000(system) Binder:1647_2 expire 2 lines
02-21 23:51:57.779   663   663 D Zygote  : Forked child process 23715
02-21 23:51:57.781  1647  1824 I chatty  : uid=1000(system) ActivityManager expire 1 line
02-21 23:51:57.786 23715 23715 E libc    : Access denied finding property "persist.device_config.runtime_native.use_app_image_startup_cache"
02-21 23:51:57.786 23715 23715 E om.whatsapp.w4: LoadAppImageStartupCache enabled : 1
02-21 23:51:57.787 23715 23715 I om.whatsapp.w4: Reinit property: dalvik.vm.checkjni= false
02-21 23:51:57.787 23715 23715 I om.whatsapp.w4: ReInitProperties: persist.vm.debug.dumpapi= false
02-21 23:51:57.788 23715 23715 E om.whatsapp.w4: Not starting debugger since process cannot load the jdwp agent.
02-21 23:51:57.795 23715 23715 D ActivityThread: Attach thread to application
02-21 23:51:57.804   760   760 D AudioPolicyService: getUidState(10309) cacheIter->second.first, return cacheIter->second.second(-1)
02-21 23:51:57.804   760   760 D AudioPolicyService: getUidState(10309) !cacheIter->second.first, return PROCESS_STATE_UNKNOWN
02-21 23:51:57.806 23715 23734 I ActivityThread: Init compatible state: true
02-21 23:51:57.806 23715 23734 D HwFrameworkSecurityPartsFactory: HwFrameworkSecurityPartsFactory in.
02-21 23:51:57.806 23715 23734 I HwFrameworkSecurityPartsFactory: add HwFrameworkSecurityPartsFactory to memory.
02-21 23:51:57.807 23715 23734 E BehaviorCollectManager: Fail to acquire dataAnalyzerService...
02-21 23:51:57.812 23715 23715 D ApplicationLoaders: createClassLoader zip: /system/framework/org.apache.http.legacy.jar librarySearchPath: /data/app/com.whatsapp.w4b-uR9v0rwwVb37AQ1V0UEfew==/lib/arm64:/data/app/com.whatsapp.w4b-uR9v0rwwVb37AQ1V0UEfew==/base.apk!/lib/arm64-v8a:/data/app/com.whatsapp.w4b-uR9v0rwwVb37AQ1V0UEfew==/split_config.arm64_v8a.apk!/lib/arm64-v8a:/data/app/com.whatsapp.w4b-uR9v0rwwVb37AQ1V0UEfew==/split_config.xxhdpi.apk!/lib/arm64-v8a libraryPermittedPath: /data/user/0/com.whatsapp.w4b parent: java.lang.BootClassLoader@974954b targetSdkVersion: 35 isBundled: false classLoaderName: null sharedLibraries: null
02-21 23:51:57.813 23715 23715 I om.whatsapp.w4: The ClassLoaderContext is a special shared library.
02-21 23:51:57.817 23715 23715 D ApplicationLoaders: createClassLoader zip: /data/app/com.whatsapp.w4b-uR9v0rwwVb37AQ1V0UEfew==/base.apk:/data/app/com.whatsapp.w4b-uR9v0rwwVb37AQ1V0UEfew==/split_config.arm64_v8a.apk:/data/app/com.whatsapp.w4b-uR9v0rwwVb37AQ1V0UEfew==/split_config.xxhdpi.apk librarySearchPath: /data/app/com.whatsapp.w4b-uR9v0rwwVb37AQ1V0UEfew==/lib/arm64:/data/app/com.whatsapp.w4b-uR9v0rwwVb37AQ1V0UEfew==/base.apk!/lib/arm64-v8a:/data/app/com.whatsapp.w4b-uR9v0rwwVb37AQ1V0UEfew==/split_config.arm64_v8a.apk!/lib/arm64-v8a:/data/app/com.whatsapp.w4b-uR9v0rwwVb37AQ1V0UEfew==/split_config.xxhdpi.apk!/lib/arm64-v8a libraryPermittedPath: /data/user/0/com.whatsapp.w4b parent: java.lang.BootClassLoader@974954b targetSdkVersion: 35 isBundled: false classLoaderName: null sharedLibraries: [dalvik.system.PathClassLoader[DexPathList[[zip file "/system/framework/org.apache.http.legacy.jar"],nativeLibraryDirectories=[/data/app/com.whatsapp.w4b-uR9v0rwwVb37AQ1V0UEfew==/lib/arm64, /data/app/com.whatsapp.w4b-uR9v0rwwVb37AQ1V0UEfew==/base.apk!/lib/arm64-v8a, /data/app/com.whatsapp.w4b-uR9v0rwwVb37AQ1V0UEfew==/split_config.arm64_v8a.apk!/lib/arm64-v8a, /data/app/com.whatsapp.w4b-uR9v0rwwVb37AQ1V0UEfew==/split_config.xxhdpi.apk!/lib/arm64-v8a, /system/lib64, /hw_product/lib64, /system/product/lib64, /prets/lib64]]]]
02-21 23:51:57.852 23715 23715 W om.whatsapp.w4: JIT profile information will not be recorded: profile file does not exits.
02-21 23:51:57.852 23715 23715 W om.whatsapp.w4: JIT profile information will not be recorded: profile file does not exits.
02-21 23:51:57.860 23715 23734 I HwApiCacheMangerEx: apicache path=/storage/emulated/0 state=mounted key=com.whatsapp.w4b#10309#256
02-21 23:51:57.860 23715 23734 I HwApiCacheMangerEx: need clear apicache,because volumes changed,oldCnt=0 newCnt=1
02-21 23:51:57.861 23715 23734 I HwApiCacheMangerEx: apicache path=/storage/emulated/0 state=mounted key=com.whatsapp.w4b#10309#0
02-21 23:51:57.861 23715 23734 I HwApiCacheMangerEx: need clear apicache,because volumes changed,oldCnt=1 newCnt=1
02-21 23:51:57.868 23715 23734 I HwPartIawareFactory: add android.common.HwPartIawareFactoryImpl to memory.
02-21 23:51:57.868 23715 23734 I AwareBitmapCacher: init processName:com.whatsapp.w4b pid=23715 uid=10309
02-21 23:51:57.869 23715 23739 E AwareLog: AtomicFileUtils: readFileLines file not exist: android.util.AtomicFile@49da3eb
02-21 23:51:57.875 23715 23715 I FirebaseApp: Device unlocked: initializing all Firebase APIs for app [DEFAULT]
02-21 23:51:57.878 23715 23715 I FirebaseInitProvider: FirebaseApp initialization successful
02-21 23:51:57.907 23715 23721 I om.whatsapp.w4: Method exceeds compiler instruction limit: 19307 in void X.077.<init>()
02-21 23:51:57.924 23715 23715 W SoLoader: Initializing SoLoader: 0
02-21 23:51:57.925 23715 23715 I SoLoader: Recording new base apk path: /data/app/com.whatsapp.w4b-uR9v0rwwVb37AQ1V0UEfew==/base.apk
02-21 23:51:57.925 23715 23715 I SoLoader: Previously recorded 0 base apk paths.
02-21 23:51:57.925 23715 23715 I SoLoader: Preparing SO source: DirectorySoSource[root = /vendor/lib64 flags = 2]
02-21 23:51:57.925 23715 23715 I SoLoader: Preparing SO source: DirectorySoSource[root = /system/lib64 flags = 2]
02-21 23:51:57.925 23715 23715 I SoLoader: Preparing SO source: DirectApkSoSource[root = [/data/app/com.whatsapp.w4b-uR9v0rwwVb37AQ1V0UEfew==/split_config.arm64_v8a.apk!/lib/arm64-v8a, /data/app/com.whatsapp.w4b-uR9v0rwwVb37AQ1V0UEfew==/split_config.xxhdpi.apk!/lib/arm64-v8a, /data/app/com.whatsapp.w4b-uR9v0rwwVb37AQ1V0UEfew==/base.apk!/lib/arm64-v8a]]
02-21 23:51:57.964  2570  2570 I chatty  : uid=1000(system) com.huawei.systemserver expire 2 lines
02-21 23:51:57.966  3028  3028 D Mapcon  : TelephonyTracker: [onSignalStrengthsChanged]phoneId=1, level=5
02-21 23:51:57.967  3028  3978 D Mapcon  : VoiceManager-5-VoWifiQoeStartUpState: [a]MsgIdEnum=MAPCON_MESSAGE_TM_CMD_SIGNAL_STRENGTH_CHANED_IND
02-21 23:51:57.967  3028  3978 D Mapcon  : VoiceManager-5-DefaultState: [a]MsgIdEnum=MAPCON_MESSAGE_TM_CMD_SIGNAL_STRENGTH_CHANED_IND
02-21 23:51:57.967  3028  3978 D Mapcon  : VoiceManager-5-DefaultState: [a]MsgIdEnum=MAPCON_MESSAGE_TM_CMD_SIGNAL_STRENGTH_CHANED_IND
02-21 23:51:57.974  2570  2760 I PreDnsQuery: setPreDnsCurrentProp is: true
02-21 23:51:57.979 23715 23715 I SoLoader: Preparing SO source: ApplicationSoSource[DirectorySoSource[root = /data/app/com.whatsapp.w4b-uR9v0rwwVb37AQ1V0UEfew==/lib/arm64 flags = 0]]
02-21 23:51:57.979 23715 23715 I SoLoader: init finish: 4 SO sources prepared
02-21 23:51:57.979 23715 23715 W SoLoader: SoLoader initialized: 8
02-21 23:51:57.988 23715 23715 W SoLoader: Loading wa_log on the main thread
02-21 23:51:57.992 23715 23715 W SoLoader: Loading essential on the main thread
02-21 23:51:57.986 23715 23715 W om.whatsapp.w4b: type=1400 audit(0.0:1085895): avc: granted { execute } for pid=23715 path="/data/data/com.whatsapp.w4b/files/decompressed/libs.spo/libwa_log.so" dev="sdd71" ino=428216 scontext=u:r:untrusted_app:s0:c53,c257,c512,c768 tcontext=u:object_r:app_data_file:s0:c53,c257,c512,c768 tclass=file
02-21 23:51:57.990 23715 23715 W om.whatsapp.w4b: type=1400 audit(0.0:1085896): avc: granted { execute } for pid=23715 path="/data/data/com.whatsapp.w4b/files/decompressed/libs.spo/libc++_shared.so" dev="sdd71" ino=28049 scontext=u:r:untrusted_app:s0:c53,c257,c512,c768 tcontext=u:object_r:app_data_file:s0:c53,c257,c512,c768 tclass=file
02-21 23:51:57.998 23715 23715 W om.whatsapp.w4b: type=1400 audit(0.0:1085897): avc: granted { execute } for pid=23715 path="/data/data/com.whatsapp.w4b/files/decompressed/libs.spo/libfbjni.so" dev="sdd71" ino=324004 scontext=u:r:untrusted_app:s0:c53,c257,c512,c768 tcontext=u:object_r:app_data_file:s0:c53,c257,c512,c768 tclass=file
02-21 23:51:57.998 23715 23715 W om.whatsapp.w4b: type=1400 audit(0.0:1085898): avc: granted { execute } for pid=23715 path="/data/data/com.whatsapp.w4b/files/decompressed/libs.spo/libfbsofterror.so" dev="sdd71" ino=374452 scontext=u:r:untrusted_app:s0:c53,c257,c512,c768 tcontext=u:object_r:app_data_file:s0:c53,c257,c512,c768 tclass=file
02-21 23:51:57.998 23715 23715 W om.whatsapp.w4b: type=1400 audit(0.0:1085899): avc: granted { execute } for pid=23715 path="/data/data/com.whatsapp.w4b/files/decompressed/libs.spo/libglog.so" dev="sdd71" ino=46290 scontext=u:r:untrusted_app:s0:c53,c257,c512,c768 tcontext=u:object_r:app_data_file:s0:c53,c257,c512,c768 tclass=file
02-21 23:51:58.005 23715 23715 W SoLoader: Loading fb on the main thread
02-21 23:51:58.006 23715 23715 I om.whatsapp.w4: Thread[1,tid=23715,Native,Thread*=0x77c4010800,peer=0x74038b40,"main"] recursive attempt to load library "/data/data/com.whatsapp.w4b/files/decompressed/libs.spo/libfb.so"
02-21 23:51:58.008 23715 23715 D SigquitBasedANRDetector: Registered
02-21 23:51:58.012 23355 23624 W CursorWindow: Window is full: requested allocation 56 bytes, free space 8 bytes, window size 2097152 bytes
02-21 23:51:58.016 23715 23715 D SigquitBasedANRDetector: Initialized
02-21 23:51:58.018 23715 23715 I SigquitBasedANRDetector: Function PaletteWriteCrashThreadStacks hooked with result=0
02-21 23:51:58.018 23715 23715 D SigquitBasedANRDetector: Detector started
02-21 23:51:58.018 23715 23715 W SoLoader: Loading rtvip on the main thread
02-21 23:51:58.021 23715 23715 W SoLoader: Loading rtvip on the main thread
02-21 23:51:58.022 23715 23715 I rtvip   : done
02-21 23:51:58.022 23715 23715 W SoLoader: Loading vlc on the main thread
02-21 23:51:58.023 23715 23715 W SoLoader: Loading native_utils on the main thread
02-21 23:51:58.024 23715 23715 W SoLoader: Loading curve25519 on the main thread
02-21 23:51:58.034 23715 23715 I HwTypeface: updateFont: scale=1.0
02-21 23:51:58.035 23715 23715 D SystemFonts: areFontsVariable: script=Latn
02-21 23:51:58.035 23715 23715 I ActivityThread: finishPreloaded preloadStatus 0
02-21 23:51:58.127 23715 23753 E libc    : Access denied finding property "ro.hardware.chipname"
02-21 23:51:58.241 23715 23767 I WhatsAppJni: EnsureThreadAttached: attached current thread to JVM
02-21 23:51:58.252   728   843 I AudioModuleManager: [AudioModuleGetParameters:71]: list size: 12
02-21 23:51:58.252   728   843 I audio_hw_usbaudio_hw: [get_typec_parameters:587]: check show hires (false)
02-21 23:51:58.257 23715 23771 I WhatsAppJni: EnsureThreadAttached: attached current thread to JVM
02-21 23:51:58.259 23715 23770 I WhatsAppJni: EnsureThreadAttached: attached current thread to JVM
02-21 23:51:58.263   728   843 I AudioModuleManager: [AudioModuleGetParameters:71]: list size: 12
02-21 23:51:58.263   728   843 I audio_hw_usbaudio_hw: [get_typec_parameters:587]: check show hires (false)
02-21 23:51:58.399 23715 23752 E SQLiteLog: (1) duplicate column name: mute_reactions
02-21 23:51:58.436  1647  1715 I chatty  : uid=1000(system) android.io expire 1 line
02-21 23:51:58.443 23715 23715 D HwCustConnectivityManagerImpl: isBlockNetworkRequestByNonAis, INVALID_SUBSCRIPTION_ID
02-21 23:51:58.444 23715 23715 I ConnectivityManager: requestNetwork and the calling app is: com.whatsapp.w4b
02-21 23:51:58.448  3028  3028 I chatty  : uid=1001(radio) com.android.phone expire 3 lines
02-21 23:51:58.451  4523  4654 I PushLog110121300: [FileObserver-225]enter AlarmTools:setInexactAlarm(action:com.huawei.push.intent.NC_SWITCH_CHANGED interval:60000ms
02-21 23:51:58.462  1647  1647 I chatty  : uid=1000 system_server expire 173 lines
02-21 23:51:58.509 23715 23752 I HwApiCacheMangerEx: apicache path=/storage/emulated/0 state=mounted key=com.whatsapp.w4b#10309#256
02-21 23:51:58.509 23715 23752 I HwApiCacheMangerEx: need clear apicache,because volumes changed,oldCnt=1 newCnt=1
02-21 23:51:58.514 23715 23776 E msys    : E[ADNSUCTIMH WAJMNSRuntime]WAJContextInitMNSRuntime(427)=>[LogLevel:I] Secondary DNS resolver enabled
02-21 23:51:58.516 23715 23791 E msys    : E[N mns]_OnDiskCacheGetData(632)=>Start post callback cache refresh DNS resolution
02-21 23:51:58.518   662  1367 W /system/bin/netd: A binder object at 0x731a546500 is being transacted on, however, this object is in the same process as its proxy. Transacting with this binder is expensive compared to just calling the corresponding functionality in the same process.
02-21 23:51:58.518 23715 23791 E msys    : E[ADNSUCTIMH WAJMNSDNSResolver]_MNSDNSResolutionSuccess(35)=>[LogLevel:I] DNS Resolution Successful with 1 IPs, Persistent Cache Hit: 1, secondary resolver used: 0
02-21 23:51:58.518 23715 23791 E msys    : E[ADNSUCTIMH WAJMNSDNSResolver]_MNSDNSResolutionSuccess(55)=>[LogLevel:I] Resolved IP Address: 157.240.212.61
02-21 23:51:58.522 23715 23791 E msys    : E[N mns]_OnSystemDNSSuccessCallback(340)=>Cache refresh succeeded with system DNS resolver. IP count: 1
02-21 23:51:58.542  1647  1686 I chatty  : uid=1000(system) Binder:1647_2 expire 9 lines
02-21 23:51:58.543  2570  2760 D NpdcpAliveManager: ro.odm.npdcp_alive_cfg_enable is false
02-21 23:51:58.587 23715 23759 D WM-PackageManagerHelper: Skipping component enablement for androidx.work.impl.background.systemjob.SystemJobService
02-21 23:51:58.587 23715 23759 D WM-Schedulers: Created SystemJobScheduler and enabled SystemJobService
02-21 23:51:58.594  1026 23793 D keymaster_worker: Keystore getKey
02-21 23:51:58.594  1026 23793 D keymaster_worker: Keystore getKey end
02-21 23:51:58.600  1026 23794 D keymaster_worker: Keystore begin
02-21 23:51:58.600  1026 23794 D keymaster_worker: Keystore begin hidl
02-21 23:51:58.608  1026 23794 D keymaster_worker: Keystore begin hidl end
02-21 23:51:58.608  1026 23794 D keymaster_worker: Keystore begin end
02-21 23:51:58.610  1026 23795 D keymaster_worker: Keystore update
02-21 23:51:58.610  1026 23795 D keymaster_worker: Keystore update hidl
02-21 23:51:58.612 23715 23796 D WM-ForceStopRunnable: Is default app process = true
02-21 23:51:58.612 23715 23796 D WM-ForceStopRunnable: Performing cleanup operations.
02-21 23:51:58.614  1026 23795 D keymaster_worker: Keystore update hidl end
02-21 23:51:58.614  1026 23795 D keymaster_worker: Keystore update end
02-21 23:51:58.615  1026 23797 D keymaster_worker: Keystore finish
02-21 23:51:58.615  1026 23797 D keymaster_worker: Keystore finish hidl
02-21 23:51:58.620  1026 23797 D keymaster_worker: Keystore finish hidl end
02-21 23:51:58.620  1026 23797 D keymaster_worker: Keystore finish end
02-21 23:51:58.638 23715 23796 D WM-SystemJobScheduler: Reconciling jobs
02-21 23:51:58.659 23715 23796 D WM-ForceStopRunnable: Found unfinished work, scheduling it.
02-21 23:51:58.666  1647  1837 I chatty  : uid=1000(system) PowerManagerSer expire 11 lines
02-21 23:51:58.678 23715 23791 E msys    : E[N mns]_OnDiskCacheGetData(632)=>Start post callback cache refresh DNS resolution
02-21 23:51:58.678 23715 23791 E msys    : E[ADNSUCTIMH WAJMNSDNSResolver]_MNSDNSResolutionSuccess(35)=>[LogLevel:I] DNS Resolution Successful with 6 IPs, Persistent Cache Hit: 1, secondary resolver used: 0
02-21 23:51:58.678 23715 23791 E msys    : E[ADNSUCTIMH WAJMNSDNSResolver]_MNSDNSResolutionSuccess(55)=>[LogLevel:I] Resolved IP Address: 2001:690:2100:14::2
02-21 23:51:58.678 23715 23791 E msys    : E[ADNSUCTIMH WAJMNSDNSResolver]_MNSDNSResolutionSuccess(55)=>[LogLevel:I] Resolved IP Address: 2606:4700:f1::1
02-21 23:51:58.678 23715 23791 E msys    : E[ADNSUCTIMH WAJMNSDNSResolver]_MNSDNSResolutionSuccess(55)=>[LogLevel:I] Resolved IP Address: 2606:4700:f1::123
02-21 23:51:58.678 23715 23791 E msys    : E[ADNSUCTIMH WAJMNSDNSResolver]_MNSDNSResolutionSuccess(55)=>[LogLevel:I] Resolved IP Address: 2001:690:2100:14::1
02-21 23:51:58.678 23715 23791 E msys    : E[ADNSUCTIMH WAJMNSDNSResolver]_MNSDNSResolutionSuccess(55)=>[LogLevel:I] Resolved IP Address: 91.209.16.78
02-21 23:51:58.679 23715 23791 E msys    : E[ADNSUCTIMH WAJMNSDNSResolver]_MNSDNSResolutionSuccess(55)=>[LogLevel:I] Resolved IP Address: 193.136.152.72
02-21 23:51:58.680   662  1367 W /system/bin/netd: A binder object at 0x731a546500 is being transacted on, however, this object is in the same process as its proxy. Transacting with this binder is expensive compared to just calling the corresponding functionality in the same process.
02-21 23:51:58.683 23715 23796 D WM-SystemJobScheduler: Scheduling work ID 9bb52208-c56e-4138-83c7-0713f344ec72Job ID 25734
02-21 23:51:58.690 23715 23791 E msys    : E[N mns]_OnSystemDNSSuccessCallback(340)=>Cache refresh succeeded with system DNS resolver. IP count: 6
02-21 23:51:58.692 23715 23796 D WM-SystemJobScheduler: Scheduling work ID abaf7035-99a4-4ff3-ae91-ebb06e12d088Job ID 25790
02-21 23:51:58.708 23715 23796 D WM-SystemJobScheduler: Scheduling work ID f46be05f-90df-4a36-a9c9-009adcc43aa0Job ID 25816
02-21 23:51:58.708  1647  2960 I chatty  : uid=1000(system) Binder:1647_10 expire 8 lines
02-21 23:51:58.718 23715 23796 D WM-SystemJobScheduler: Scheduling work ID c15e395b-b777-4427-b925-fa076d93ad31Job ID 25817
02-21 23:51:58.732  3028  4055 I chatty  : uid=1001(radio) Thread-23 expire 65 lines
02-21 23:51:58.741  1647  5870 I chatty  : uid=1000(system) Binder:1647_14 expire 1 line
02-21 23:51:58.778 23715 23805 D WM-PackageManagerHelper: Skipping component enablement for androidx.work.impl.background.systemalarm.RescheduleReceiver
02-21 23:51:58.821  2629  2880 I APwPowerPolicy:  one day not front to ignore gps: com.whatsapp.w4b
02-21 23:51:58.821  2629  2880 I PG_ash  : perform_nap P_GPS : com.whatsapp.w4b
02-21 23:51:58.823  2629  2880 I PG_ash  : P_GPS:com.whatsapp.w4b uid:10309 result:true
02-21 23:51:58.823  2629  2880 I PG_ash  : perform_nap set bgcheck : com.whatsapp.w4b
02-21 23:51:58.826  2629  2880 I PG_ash  : bgcheck com.whatsapp.w4b OK !
02-21 23:51:58.827  2629  2880 I PG_ash  : long time no use, not treat as im app:com.whatsapp.w4b
02-21 23:51:58.828  2629  2880 I PG_ash  : perform_nap proxy job : com.whatsapp.w4b
02-21 23:51:58.829   662   662 I netd    : trafficSwapActiveStatsMap() <16.91ms>
02-21 23:51:58.833 23715 23811 I NotificationManager: com.whatsapp.w4b: cancel(10)
02-21 23:51:58.842  1647  2069 I chatty  : uid=1000(system) Binder:1647_4 expire 16 lines
02-21 23:51:58.844  2629  2880 I PG_ash  : P_job com.whatsapp.w4b OK !
02-21 23:51:58.845  2629  2880 I PG_ash  : nap package: com.whatsapp.w4b, visible: false, bgTime: 1061, scrOff: false
02-21 23:51:58.845  2629  2880 I PG_ash  : long time no use, not treat as im app:com.whatsapp.w4b
02-21 23:51:58.850  1647  5888 I chatty  : uid=1000(system) Binder:1647_1D expire 6 lines
02-21 23:51:58.936  1647  2069 I chatty  : uid=1000(system) Binder:1647_4 expire 11 lines
02-21 23:51:59.328  1647  2065 I chatty  : uid=1000(system) Binder:1647_3 expire 5 lines
02-21 23:51:59.335   760   760 D AudioPolicyService: getUidState(10392) !cacheIter->second.first, return PROCESS_STATE_UNKNOWN
02-21 23:51:59.336   760   760 D AudioPolicyService: getUidState(10017) !cacheIter->second.first, return PROCESS_STATE_UNKNOWN
02-21 23:51:59.348  1647  5888 I chatty  : uid=1000(system) Binder:1647_1D expire 3 lines
02-21 23:51:59.356   760 11451 D AudioPolicyService: getUidState(10392) !cacheIter->second.first, return PROCESS_STATE_UNKNOWN
02-21 23:51:59.356   760 11451 D AudioPolicyService: getUidState(10017) !cacheIter->second.first, return PROCESS_STATE_UNKNOWN
02-21 23:51:59.370    47    47 W migration/6: type=1400 audit(0.0:1085925): avc: granted { setsched } for pid=47 scontext=u:r:kernel:s0 tcontext=u:r:kernel:s0 tclass=process
02-21 23:51:59.370    53    53 W migration/7: type=1400 audit(0.0:1085926): avc: granted { setsched } for pid=53 scontext=u:r:kernel:s0 tcontext=u:r:kernel:s0 tclass=process
02-21 23:51:59.394  2629  2629 W com.huawei.iaware: type=1400 audit(0.0:1085927): avc: granted { getattr } for pid=2629 comm=616374696F6E732068616E646C6572 path="/data/system/users/0/appwidgets.xml" dev="sdd71" ino=269263 scontext=u:r:system_app:s0 tcontext=u:object_r:system_data_file:s0 tclass=file
02-21 23:51:59.397  2629  2880 I PG_ash  : has widget app: com.huawei.android.totemweather
02-21 23:51:59.397  2629  2880 I PG_ash  : Application com.huawei.android.totemweather, oversea just update widget, delay to H!
02-21 23:51:59.397  2629  2880 I PG_ash  : pkg android calling: ru.yandex.disk, pid: 23355 ,type: bindservice
02-21 23:51:59.461   760   760 D AudioPolicyService: getUidState(10309) !cacheIter->second.first, return PROCESS_STATE_UNKNOWN
02-21 23:51:59.464   760   760 D AudioPolicyService: getUidState(10309) !cacheIter->second.first, return PROCESS_STATE_UNKNOWN
02-21 23:51:59.470    53    53 W migration/7: type=1400 audit(0.0:1085928): avc: granted { setsched } for pid=53 scontext=u:r:kernel:s0 tcontext=u:r:kernel:s0 tclass=process
02-21 23:51:59.470    47    47 W migration/6: type=1400 audit(0.0:1085929): avc: granted { setsched } for pid=47 scontext=u:r:kernel:s0 tcontext=u:r:kernel:s0 tclass=process
02-21 23:51:59.565  2570  3835 I chatty  : uid=1000(system) JNITID-3835 expire 6 lines
02-21 23:51:59.567  2570  2760 D NpdcpAliveManager: ro.odm.npdcp_alive_cfg_enable is false
02-21 23:51:59.692 23355 23630 I HwApiCacheMangerEx: apicache path=/storage/emulated/0 state=mounted key=ru.yandex.disk#10392#0
02-21 23:51:59.692 23355 23630 I HwApiCacheMangerEx: need clear apicache,because volumes changed,oldCnt=1 newCnt=1
02-21 23:51:59.693 23355 23630 I HwApiCacheMangerEx: apicache path=/storage/emulated/0 state=mounted key=ru.yandex.disk#10392#256
02-21 23:51:59.693 23355 23630 I HwApiCacheMangerEx: need clear apicache,because volumes changed,oldCnt=1 newCnt=1
02-21 23:51:59.694 23355 23630 I HwApiCacheMangerEx: apicache path=/storage/emulated/0 state=mounted key=ru.yandex.disk#10392#1536
02-21 23:51:59.694 23355 23630 I HwApiCacheMangerEx: need clear apicache,because volumes changed,oldCnt=1 newCnt=1
02-21 23:51:59.696 23355 23630 I HwApiCacheMangerEx: apicache path=/storage/emulated/0 state=mounted key=ru.yandex.disk#10392#256
02-21 23:51:59.696 23355 23630 I HwApiCacheMangerEx: need clear apicache,because volumes changed,oldCnt=1 newCnt=1
02-21 23:51:59.869  1006 19993 I iked    : [INFO]: ikev2.c:305: ikev2_periodic_task()
02-21 23:52:00.005 14360 14360 E DateView: DateView,mCurrentTime: 1771717920005
02-21 23:52:00.140   760   760 D AudioPolicyService: getUidState(10392) !cacheIter->second.first, return PROCESS_STATE_UNKNOWN
02-21 23:52:00.140   760   760 D AudioPolicyService: getUidState(10017) !cacheIter->second.first, return PROCESS_STATE_UNKNOWN
02-21 23:52:00.146   760   760 D AudioPolicyService: getUidState(10392) !cacheIter->second.first, return PROCESS_STATE_UNKNOWN
02-21 23:52:00.164   760   760 D AudioPolicyService: getUidState(10392) !cacheIter->second.first, return PROCESS_STATE_UNKNOWN
02-21 23:52:00.164   760   760 D AudioPolicyService: getUidState(10017) !cacheIter->second.first, return PROCESS_STATE_UNKNOWN
02-21 23:52:00.271 23715 23818 I StubController: system app validUid:10309, isFriend:true
02-21 23:52:00.293 23715 23811 I NotificationManager: com.whatsapp.w4b: cancel(2)
02-21 23:52:00.377 23355 23376 I ru.yandex.disk: Waiting for a blocking GC ProfileSaver
02-21 23:52:00.403 23355 23355 I AwareBitmapCacher: init lrucache size: 2097152 pid=23355
02-21 23:52:00.442 23715 23806 D WM-SystemJobScheduler: Scheduling work ID 95ff5d61-233d-4656-83f1-46953774f393Job ID 25818
02-21 23:52:00.443  1647  5886 I chatty  : uid=1000(system) Binder:1647_1B expire 13 lines
02-21 23:52:00.477 23715 23811 I HwApiCacheMangerEx: apicache path=/storage/emulated/0 state=mounted key=com.whatsapp.w4b#10309#0
02-21 23:52:00.477 23715 23811 I HwApiCacheMangerEx: need clear apicache,because volumes changed,oldCnt=1 newCnt=1
02-21 23:52:00.487 23715 23811 I HwApiCacheMangerEx: apicache path=/storage/emulated/0 state=mounted key=com.whatsapp.w4b#10309#256
02-21 23:52:00.487 23715 23811 I HwApiCacheMangerEx: need clear apicache,because volumes changed,oldCnt=1 newCnt=1
02-21 23:52:00.530  2570  2570 I chatty  : uid=1000(system) com.huawei.systemserver expire 2 lines
02-21 23:52:00.532  1647  1647 I chatty  : uid=1000 system_server expire 12 lines
02-21 23:52:00.538  3028  3028 D Mapcon  : TelephonyTracker: [onSignalStrengthsChanged]phoneId=1, level=5
02-21 23:52:00.538  3028  3978 D Mapcon  : VoiceManager-5-VoWifiQoeStartUpState: [a]MsgIdEnum=MAPCON_MESSAGE_TM_CMD_SIGNAL_STRENGTH_CHANED_IND
02-21 23:52:00.538  3028  3978 D Mapcon  : VoiceManager-5-DefaultState: [a]MsgIdEnum=MAPCON_MESSAGE_TM_CMD_SIGNAL_STRENGTH_CHANED_IND
02-21 23:52:00.558 23715 23715 W com.whatsapp.w4b: type=1400 audit(0.0:1085934): avc: granted { execute } for pid=23715 comm=576861747341707020576F726B6572 path="/data/data/com.whatsapp.w4b/files/decompressed/libs.spo/libdav1d.so" dev="sdd71" ino=10073 scontext=u:r:untrusted_app:s0:c53,c257,c512,c768 tcontext=u:object_r:app_data_file:s0:c53,c257,c512,c768 tclass=file
02-21 23:52:00.586 23715 23715 W com.whatsapp.w4b: type=1400 audit(0.0:1085935): avc: granted { execute } for pid=23715 comm=576861747341707020576F726B6572 path="/data/data/com.whatsapp.w4b/files/decompressed/libs.spo/libaom.so" dev="sdd71" ino=300086 scontext=u:r:untrusted_app:s0:c53,c257,c512,c768 tcontext=u:object_r:app_data_file:s0:c53,c257,c512,c768 tclass=file
02-21 23:52:00.539  3028  3978 D Mapcon  : VoiceManager-5-DefaultState: [a]MsgIdEnum=MAPCON_MESSAGE_TM_CMD_SIGNAL_STRENGTH_CHANED_IND
02-21 23:52:00.591  2570  2760 D NpdcpAliveManager: ro.odm.npdcp_alive_cfg_enable is false
02-21 23:52:00.592  2570  3496 I chatty  : uid=1000(system) EmcomThread expire 2 lines
02-21 23:52:00.618 23715 23715 W com.whatsapp.w4b: type=1400 audit(0.0:1085936): avc: granted { execute } for pid=23715 comm=576861747341707020576F726B6572 path="/data/data/com.whatsapp.w4b/files/decompressed/libs.spo/libwzav1.so" dev="sdd71" ino=537133 scontext=u:r:untrusted_app:s0:c53,c257,c512,c768 tcontext=u:object_r:app_data_file:s0:c53,c257,c512,c768 tclass=file
02-21 23:52:00.638 23715 23715 W com.whatsapp.w4b: type=1400 audit(0.0:1085937): avc: granted { execute } for pid=23715 comm=576861747341707020576F726B6572 path="/data/data/com.whatsapp.w4b/files/decompressed/libs.spo/libwzav1_v2.so" dev="sdd71" ino=3340 scontext=u:r:untrusted_app:s0:c53,c257,c512,c768 tcontext=u:object_r:app_data_file:s0:c53,c257,c512,c768 tclass=file
02-21 23:52:00.698 23355 23376 I ru.yandex.disk: WaitForGcToComplete blocked ProfileSaver on AddRemoveAppImageSpace for 320.867ms
02-21 23:52:00.703 23355 23822 D MultiPushEngine: [OkHttp Dispatcher] registerForPushes: engine GCM is registered
02-21 23:52:00.723 23423 23460 I x.disk:passpor: Waiting for a blocking GC ProfileSaver
02-21 23:52:00.755  1647  2178 I chatty  : uid=1000(system) HuaweiWifiWatch expire 12 lines
02-21 23:52:00.757  1647 10748 I chatty  : uid=1000(system) MobileQosDetect expire 1 line
02-21 23:52:00.757  1647 10748 I chatty  : uid=1000(system) MobileQosDetect expire 3 lines
02-21 23:52:00.768  2629  2880 I ash_dh  : com.whatsapp.w4b service precheck, delay to H
02-21 23:52:00.771   760 11451 D AudioPolicyService: getUidState(10392) !cacheIter->second.first, return PROCESS_STATE_UNKNOWN
02-21 23:52:00.772   760 11451 D AudioPolicyService: getUidState(10017) !cacheIter->second.first, return PROCESS_STATE_UNKNOWN
02-21 23:52:00.777  1647  1647 I chatty  : uid=1000 system_server expire 187 lines
02-21 23:52:00.778   760 11451 D AudioPolicyService: getUidState(10392) !cacheIter->second.first, return PROCESS_STATE_UNKNOWN
02-21 23:52:00.789   760 11451 D AudioPolicyService: getUidState(10392) !cacheIter->second.first, return PROCESS_STATE_UNKNOWN
02-21 23:52:00.790   760 11451 D AudioPolicyService: getUidState(10017) !cacheIter->second.first, return PROCESS_STATE_UNKNOWN
02-21 23:52:00.790  1647  2668 I chatty  : uid=1000(system) Binder:1647_B expire 11 lines
02-21 23:52:00.793  1647  5888 I chatty  : uid=1000(system) Binder:1647_1D expire 5 lines
02-21 23:52:00.794  2629  2799 I AppManager: dependence has been existed:1647 -> 23355
02-21 23:52:00.795  1647  1837 I chatty  : uid=1000(system) PowerManagerSer expire 8 lines
02-21 23:52:00.814  2629  2799 I AppManager: dependence has been existed:1647 -> 23355
02-21 23:52:00.810    47    47 W migration/6: type=1400 audit(0.0:1085938): avc: granted { setsched } for pid=47 scontext=u:r:kernel:s0 tcontext=u:r:kernel:s0 tclass=process
02-21 23:52:00.820  1647  5886 I chatty  : uid=1000(system) Binder:1647_1B expire 10 lines
02-21 23:52:00.822  2629  2799 I AppManager: dependence has been existed:1647 -> 23355
02-21 23:52:00.823  1647  1686 I chatty  : uid=1000(system) Binder:1647_2 expire 2 lines
02-21 23:52:00.823  1647  2960 I chatty  : uid=1000(system) Binder:1647_10 expire 5 lines
02-21 23:52:00.823  1647  2069 I chatty  : uid=1000(system) Binder:1647_4 expire 11 lines
02-21 23:52:00.832   760   760 D AudioPolicyService: getUidState(10392) !cacheIter->second.first, return PROCESS_STATE_UNKNOWN
02-21 23:52:00.832   760   760 D AudioPolicyService: getUidState(10017) !cacheIter->second.first, return PROCESS_STATE_UNKNOWN
02-21 23:52:00.832   760   760 D AudioPolicyService: getUidState(10392) !cacheIter->second.first, return PROCESS_STATE_UNKNOWN
02-21 23:52:00.838 23423 23477 I AppMetrica: AppMetrica [42949-IAA-CDE-1] Activate reporter with APIKey 20799a27-xxxx-xxxx-xxxx-xxxxxxxx4180
02-21 23:52:00.840   760   760 D AudioPolicyService: getUidState(10392) !cacheIter->second.first, return PROCESS_STATE_UNKNOWN
02-21 23:52:00.841   760   760 D AudioPolicyService: getUidState(10017) !cacheIter->second.first, return PROCESS_STATE_UNKNOWN
02-21 23:52:00.846 23355 23824 D HwCustConnectivityManagerImpl: isBlockNetworkRequestByNonAis, INVALID_SUBSCRIPTION_ID
02-21 23:52:00.846 23355 23824 I ConnectivityManager: requestNetwork and the calling app is: ru.yandex.disk
02-21 23:52:00.846   662  1367 W /system/bin/netd: A binder object at 0x731a546500 is being transacted on, however, this object is in the same process as its proxy. Transacting with this binder is expensive compared to just calling the corresponding functionality in the same process.
02-21 23:52:00.848 23355 23625 I downloadWifiLock: [Download Executor Thread:Gt.h] wifi lock released WifiLock{ ef45b6e; not refcounted }
02-21 23:52:00.848 23355 23625 I ru.yandex.disk: wifi lock released WifiLock{ ef45b6e; not refcounted }
02-21 23:52:00.852  1647  2093 I chatty  : uid=1000(system) ConnectivitySer expire 4 lines
02-21 23:52:00.853  3028  3028 I chatty  : uid=1001(radio) com.android.phone expire 3 lines
02-21 23:52:00.874  1026 23833 D keymaster_worker: Keystore begin
02-21 23:52:00.874  1026 23833 D keymaster_worker: Keystore begin hidl
02-21 23:52:00.880  1026 23833 D keymaster_worker: Keystore begin hidl end
02-21 23:52:00.880  1026 23833 D keymaster_worker: Keystore begin end
02-21 23:52:00.881  1026 23834 D keymaster_worker: Keystore update
02-21 23:52:00.881  1026 23834 D keymaster_worker: Keystore update hidl
02-21 23:52:00.885  1026 23834 D keymaster_worker: Keystore update hidl end
02-21 23:52:00.885  1026 23834 D keymaster_worker: Keystore update end
02-21 23:52:00.886  1026 23835 D keymaster_worker: Keystore finish
02-21 23:52:00.886  1026 23835 D keymaster_worker: Keystore finish hidl
02-21 23:52:00.890  1026 23835 D keymaster_worker: Keystore finish hidl end
02-21 23:52:00.890  1026 23835 D keymaster_worker: Keystore finish end
02-21 23:52:00.893  1026 23836 D keymaster_worker: Keystore begin
02-21 23:52:00.893  1026 23836 D keymaster_worker: Keystore begin hidl
02-21 23:52:00.900  1026 23836 D keymaster_worker: Keystore begin hidl end
02-21 23:52:00.900  1026 23836 D keymaster_worker: Keystore begin end
02-21 23:52:00.902  1026 23837 D keymaster_worker: Keystore update
02-21 23:52:00.902  1026 23837 D keymaster_worker: Keystore update hidl
02-21 23:52:00.906  1026 23837 D keymaster_worker: Keystore update hidl end
02-21 23:52:00.906  1026 23837 D keymaster_worker: Keystore update end
02-21 23:52:00.907  1026 23838 D keymaster_worker: Keystore finish
02-21 23:52:00.908  1026 23838 D keymaster_worker: Keystore finish hidl
02-21 23:52:00.910  2570  2760 I chatty  : uid=1000(system) OllieAwareThrea expire 1 line
02-21 23:52:00.912  1026 23838 D keymaster_worker: Keystore finish hidl end
02-21 23:52:00.912  1026 23838 D keymaster_worker: Keystore finish end
02-21 23:52:00.914  1026 23839 D keymaster_worker: Keystore begin
02-21 23:52:00.914  1026 23839 D keymaster_worker: Keystore begin hidl
02-21 23:52:00.919  1026 23839 D keymaster_worker: Keystore begin hidl end
02-21 23:52:00.920  1026 23839 D keymaster_worker: Keystore begin end
02-21 23:52:00.920  1026 23840 D keymaster_worker: Keystore update
02-21 23:52:00.920  1026 23840 D keymaster_worker: Keystore update hidl
02-21 23:52:00.924  1026 23840 D keymaster_worker: Keystore update hidl end
02-21 23:52:00.924  1026 23840 D keymaster_worker: Keystore update end
02-21 23:52:00.925  1026 23841 D keymaster_worker: Keystore finish
02-21 23:52:00.925  1026 23841 D keymaster_worker: Keystore finish hidl
02-21 23:52:00.928  1026 23841 D keymaster_worker: Keystore finish hidl end
02-21 23:52:00.928  1026 23841 D keymaster_worker: Keystore finish end
02-21 23:52:00.950  1026 23842 D keymaster_worker: Keystore begin
02-21 23:52:00.950  1026 23842 D keymaster_worker: Keystore begin hidl
02-21 23:52:00.955  1026 23842 D keymaster_worker: Keystore begin hidl end
02-21 23:52:00.956  1026 23842 D keymaster_worker: Keystore begin end
02-21 23:52:00.956  1026 23843 D keymaster_worker: Keystore update
02-21 23:52:00.956  1026 23843 D keymaster_worker: Keystore update hidl
02-21 23:52:00.960  1026 23843 D keymaster_worker: Keystore update hidl end
02-21 23:52:00.960  1026 23843 D keymaster_worker: Keystore update end
02-21 23:52:00.961  1026 23844 D keymaster_worker: Keystore finish
02-21 23:52:00.961  1026 23844 D keymaster_worker: Keystore finish hidl
02-21 23:52:00.964  1026 23844 D keymaster_worker: Keystore finish hidl end
02-21 23:52:00.964  1026 23844 D keymaster_worker: Keystore finish end
02-21 23:52:00.966  1026 23845 D keymaster_worker: Keystore begin
02-21 23:52:00.966  1026 23845 D keymaster_worker: Keystore begin hidl
02-21 23:52:00.972  1026 23845 D keymaster_worker: Keystore begin hidl end
02-21 23:52:00.972  1026 23845 D keymaster_worker: Keystore begin end
02-21 23:52:00.973  1026 23846 D keymaster_worker: Keystore update
02-21 23:52:00.973  1026 23846 D keymaster_worker: Keystore update hidl
02-21 23:52:00.977  1026 23846 D keymaster_worker: Keystore update hidl end
02-21 23:52:00.977  1026 23846 D keymaster_worker: Keystore update end
02-21 23:52:00.978  1026 23847 D keymaster_worker: Keystore finish
02-21 23:52:00.978  1026 23847 D keymaster_worker: Keystore finish hidl
02-21 23:52:00.981  1026 23847 D keymaster_worker: Keystore finish hidl end
02-21 23:52:00.981  1026 23847 D keymaster_worker: Keystore finish end
02-21 23:52:00.983  1026 23848 D keymaster_worker: Keystore begin
02-21 23:52:00.983  1026 23848 D keymaster_worker: Keystore begin hidl
02-21 23:52:00.989  1026 23848 D keymaster_worker: Keystore begin hidl end
02-21 23:52:00.989  1026 23848 D keymaster_worker: Keystore begin end
02-21 23:52:00.990  1026 23849 D keymaster_worker: Keystore update
02-21 23:52:00.990  1026 23849 D keymaster_worker: Keystore update hidl
02-21 23:52:00.993  1026 23849 D keymaster_worker: Keystore update hidl end
02-21 23:52:00.993  1026 23849 D keymaster_worker: Keystore update end
02-21 23:52:00.995  1026 23850 D keymaster_worker: Keystore finish
02-21 23:52:00.995  1026 23850 D keymaster_worker: Keystore finish hidl
02-21 23:52:00.998  1026 23850 D keymaster_worker: Keystore finish hidl end
02-21 23:52:00.998  1026 23850 D keymaster_worker: Keystore finish end
02-21 23:52:01.005 23423 23460 I x.disk:passpor: WaitForGcToComplete blocked ProfileSaver on AddRemoveAppImageSpace for 281.413ms
02-21 23:52:01.005  1026 23851 D keymaster_worker: Keystore begin
02-21 23:52:01.005  1026 23851 D keymaster_worker: Keystore begin hidl
02-21 23:52:01.013  1026 23851 D keymaster_worker: Keystore begin hidl end
02-21 23:52:01.013  1026 23851 D keymaster_worker: Keystore begin end
02-21 23:52:01.014  1026 23852 D keymaster_worker: Keystore update
02-21 23:52:01.014  1026 23852 D keymaster_worker: Keystore update hidl
02-21 23:52:01.018  1026 23852 D keymaster_worker: Keystore update hidl end
02-21 23:52:01.018  1026 23852 D keymaster_worker: Keystore update end
02-21 23:52:01.020  1026 23853 D keymaster_worker: Keystore finish
02-21 23:52:01.020  1026 23853 D keymaster_worker: Keystore finish hidl
02-21 23:52:01.021  3028  4055 I chatty  : uid=1001(radio) Thread-23 expire 33 lines
02-21 23:52:01.024  1026 23853 D keymaster_worker: Keystore finish hidl end
02-21 23:52:01.024  1026 23853 D keymaster_worker: Keystore finish end
02-21 23:52:01.027  1026 23854 D keymaster_worker: Keystore begin
02-21 23:52:01.028  1026 23854 D keymaster_worker: Keystore begin hidl
02-21 23:52:01.035  1026 23854 D keymaster_worker: Keystore begin hidl end
02-21 23:52:01.035  1026 23854 D keymaster_worker: Keystore begin end
02-21 23:52:01.036  1026 23855 D keymaster_worker: Keystore update
02-21 23:52:01.036  1026 23855 D keymaster_worker: Keystore update hidl
02-21 23:52:01.040  1026 23855 D keymaster_worker: Keystore update hidl end
02-21 23:52:01.040  1026 23855 D keymaster_worker: Keystore update end
02-21 23:52:01.041  1026 23856 D keymaster_worker: Keystore finish
02-21 23:52:01.041  1026 23856 D keymaster_worker: Keystore finish hidl
02-21 23:52:01.045  1026 23856 D keymaster_worker: Keystore finish hidl end
02-21 23:52:01.045  1026 23856 D keymaster_worker: Keystore finish end
02-21 23:52:01.048  1026 23857 D keymaster_worker: Keystore begin
02-21 23:52:01.048  1026 23857 D keymaster_worker: Keystore begin hidl
02-21 23:52:01.056  1026 23857 D keymaster_worker: Keystore begin hidl end
02-21 23:52:01.056  1026 23857 D keymaster_worker: Keystore begin end
02-21 23:52:01.057  1026 23858 D keymaster_worker: Keystore update
02-21 23:52:01.058  1026 23858 D keymaster_worker: Keystore update hidl
02-21 23:52:01.062  1026 23858 D keymaster_worker: Keystore update hidl end
02-21 23:52:01.062  1026 23858 D keymaster_worker: Keystore update end
02-21 23:52:01.063  1026 23860 D keymaster_worker: Keystore finish
02-21 23:52:01.063  1026 23860 D keymaster_worker: Keystore finish hidl
02-21 23:52:01.068  1026 23860 D keymaster_worker: Keystore finish hidl end
02-21 23:52:01.068  1026 23860 D keymaster_worker: Keystore finish end
02-21 23:52:01.074  1026 23861 D keymaster_worker: Keystore begin
02-21 23:52:01.074  1026 23861 D keymaster_worker: Keystore begin hidl
02-21 23:52:01.082  1026 23861 D keymaster_worker: Keystore begin hidl end
02-21 23:52:01.082  1026 23861 D keymaster_worker: Keystore begin end
02-21 23:52:01.084  1026 23862 D keymaster_worker: Keystore update
02-21 23:52:01.084  1026 23862 D keymaster_worker: Keystore update hidl
02-21 23:52:01.088  1026 23862 D keymaster_worker: Keystore update hidl end
02-21 23:52:01.088  1026 23862 D keymaster_worker: Keystore update end
02-21 23:52:01.090  1026 23863 D keymaster_worker: Keystore finish
02-21 23:52:01.090  1026 23863 D keymaster_worker: Keystore finish hidl
02-21 23:52:01.094  1026 23863 D keymaster_worker: Keystore finish hidl end
02-21 23:52:01.094  1026 23863 D keymaster_worker: Keystore finish end
02-21 23:52:01.097  1026 23864 D keymaster_worker: Keystore begin
02-21 23:52:01.097  1026 23864 D keymaster_worker: Keystore begin hidl
02-21 23:52:01.105  1026 23864 D keymaster_worker: Keystore begin hidl end
02-21 23:52:01.106  1026 23864 D keymaster_worker: Keystore begin end
02-21 23:52:01.107  1026 23865 D keymaster_worker: Keystore update
02-21 23:52:01.107  1026 23865 D keymaster_worker: Keystore update hidl
02-21 23:52:01.111  1026 23865 D keymaster_worker: Keystore update hidl end
02-21 23:52:01.111  1026 23865 D keymaster_worker: Keystore update end
02-21 23:52:01.112  1026 23866 D keymaster_worker: Keystore finish
02-21 23:52:01.112  1026 23866 D keymaster_worker: Keystore finish hidl
02-21 23:52:01.116  1026 23866 D keymaster_worker: Keystore finish hidl end
02-21 23:52:01.116  1026 23866 D keymaster_worker: Keystore finish end
02-21 23:52:01.119  1026 23867 D keymaster_worker: Keystore begin
02-21 23:52:01.119  1026 23867 D keymaster_worker: Keystore begin hidl
02-21 23:52:01.125   662  1367 W /system/bin/netd: A binder object at 0x731a546500 is being transacted on, however, this object is in the same process as its proxy. Transacting with this binder is expensive compared to just calling the corresponding functionality in the same process.
02-21 23:52:01.125  1026 23867 D keymaster_worker: Keystore begin hidl end
02-21 23:52:01.125  1026 23867 D keymaster_worker: Keystore begin end
02-21 23:52:01.126  1026 23870 D keymaster_worker: Keystore update
02-21 23:52:01.127  1026 23870 D keymaster_worker: Keystore update hidl
02-21 23:52:01.131  1026 23870 D keymaster_worker: Keystore update hidl end
02-21 23:52:01.131  1026 23870 D keymaster_worker: Keystore update end
02-21 23:52:01.132  1026 23871 D keymaster_worker: Keystore finish
02-21 23:52:01.132  1026 23871 D keymaster_worker: Keystore finish hidl
02-21 23:52:01.136  1026 23871 D keymaster_worker: Keystore finish hidl end
02-21 23:52:01.136  1026 23871 D keymaster_worker: Keystore finish end
02-21 23:52:01.143  3000  3202 I HotspotComponent: onWifiBroadcastReceived :com.intent.action.wifi_dns_statistics
02-21 23:52:01.144  3000  3202 I WifiStatController: not need report or sync
02-21 23:52:01.213 23715 23796 D WM-GreedyScheduler: Cancelling work ID f46be05f-90df-4a36-a9c9-009adcc43aa0
02-21 23:52:01.225 23715 23796 D WM-SystemJobScheduler: Scheduling work ID f46be05f-90df-4a36-a9c9-009adcc43aa0Job ID 25819
02-21 23:52:01.295 23355 23872 D ProfileInstaller: Skipping profile installation for ru.yandex.disk
02-21 23:52:01.319 23715 23764 E QPLProvider: QuickPerformanceLogger instance wasn't installed in provider, returning noop. Please call QuickPerformanceLoggerProvider.setQuickPerformanceLogger() before getting the instance.
02-21 23:52:01.319 23715 23764 E QPLProvider: java.lang.IllegalStateException: No QPL instance provided
02-21 23:52:01.319 23715 23764 E QPLProvider: 	at X.0A1.A00(:8)
02-21 23:52:01.319 23715 23764 E QPLProvider: 	at com.facebook.quicklog.QuickPerformanceLoggerNativeProvider.getQPLInstance(:0)
02-21 23:52:01.319 23715 23764 E QPLProvider: 	at com.crossapp.tigonhttp.TigonHttpClient$TigonHttpClientServiceHolder.initHybrid(Native Method)
02-21 23:52:01.319 23715 23764 E QPLProvider: 	at com.crossapp.tigonhttp.TigonHttpClient$TigonHttpClientServiceHolder.<init>(:17)
02-21 23:52:01.319 23715 23764 E QPLProvider: 	at X.Hxq.<init>(:28)
02-21 23:52:01.319 23715 23764 E QPLProvider: 	at X.Hiv.A00(:216)
02-21 23:52:01.319 23715 23764 E QPLProvider: 	at X.Io0.invoke(:156)
02-21 23:52:01.319 23715 23764 E QPLProvider: 	at X.00j.getValue(:18)
02-21 23:52:01.319 23715 23764 E QPLProvider: 	at X.Hqr.A00(:6)
02-21 23:52:01.319 23715 23764 E QPLProvider: 	at X.L1Y.A01(:108)
02-21 23:52:01.319 23715 23764 E QPLProvider: 	at X.Cum.run(:594)
02-21 23:52:01.319 23715 23764 E QPLProvider: 	at X.BLv.run(:2)
02-21 23:52:01.319 23715 23764 E QPLProvider: 	at X.1XO.run(:47)
02-21 23:52:01.319 23715 23764 E QPLProvider: 	at java.util.concurrent.ThreadPoolExecutor.runWorker(ThreadPoolExecutor.java:1167)
02-21 23:52:01.319 23715 23764 E QPLProvider: 	at java.util.concurrent.ThreadPoolExecutor$Worker.run(ThreadPoolExecutor.java:641)
02-21 23:52:01.319 23715 23764 E QPLProvider: 	at X.1YU.run(:2272)
02-21 23:52:01.319 23715 23764 E QPLProvider: 	at java.lang.Thread.run(Thread.java:929)
02-21 23:52:01.397 23715 23764 W SoLoader: SoLoader already initialized
02-21 23:52:01.463 23715 23764 D EndToEnd-Test: init false
02-21 23:52:01.464 23715 23764 D EndToEnd-Test: isDebugBuild: false isPerfTestBuild: false isE2EBuild: false isInternalBuild: true isSapienzBuild: false isLionheadBuild: false
02-21 23:52:01.464 23715 23764 D EndToEnd-Test: loadE2EConfig context == null => false
02-21 23:52:01.464 23715 23764 D EndToEnd-Test: loadE2EConfig Build.VERSION.SDK_INT, Build.VERSION_CODES.R: 29, 30
02-21 23:52:01.464 23715 23764 D EndToEnd-Test: Environment.getExternalStorageDirectory(): /storage/emulated/0
02-21 23:52:01.465 23715 23764 D EndToEnd-Test: loadE2EConfig checking file path: e2e/config.json.jpg, false
02-21 23:52:01.465 23715 23764 D EndToEnd-Test: loadE2EConfig checking file path: e2e/config.json, false
02-21 23:52:01.466 23715 23764 D EndToEnd-Test: loadE2EConfig context.getFilesDir(): /data/user/0/com.whatsapp.w4b/files
